Component: ARM Compiler 5.06 update 7 (build 960) Tool: armlink [4d3601]

==============================================================================

Section Cross References

    startup_stm32g474xx.o(RESET) refers to startup_stm32g474xx.o(STACK) for __initial_sp
    startup_stm32g474xx.o(RESET) refers to startup_stm32g474xx.o(.text) for Reset_Handler
    startup_stm32g474xx.o(RESET) refers to stm32g4xx_it.o(i.NMI_Handler) for NMI_Handler
    startup_stm32g474xx.o(RESET) refers to stm32g4xx_it.o(i.HardFault_Handler) for HardFault_Handler
    startup_stm32g474xx.o(RESET) refers to stm32g4xx_it.o(i.MemManage_Handler) for MemManage_Handler
    startup_stm32g474xx.o(RESET) refers to stm32g4xx_it.o(i.BusFault_Handler) for BusFault_Handler
    startup_stm32g474xx.o(RESET) refers to stm32g4xx_it.o(i.UsageFault_Handler) for UsageFault_Handler
    startup_stm32g474xx.o(RESET) refers to stm32g4xx_it.o(i.SVC_Handler) for SVC_Handler
    startup_stm32g474xx.o(RESET) refers to stm32g4xx_it.o(i.DebugMon_Handler) for DebugMon_Handler
    startup_stm32g474xx.o(RESET) refers to stm32g4xx_it.o(i.PendSV_Handler) for PendSV_Handler
    startup_stm32g474xx.o(RESET) refers to stm32g4xx_it.o(i.SysTick_Handler) for SysTick_Handler
    startup_stm32g474xx.o(RESET) refers to stm32g4xx_it.o(i.ADC1_2_IRQHandler) for ADC1_2_IRQHandler
    startup_stm32g474xx.o(RESET) refers to stm32g4xx_it.o(i.USB_LP_IRQHandler) for USB_LP_IRQHandler
    startup_stm32g474xx.o(RESET) refers to stm32g4xx_it.o(i.EXTI9_5_IRQHandler) for EXTI9_5_IRQHandler
    startup_stm32g474xx.o(RESET) refers to stm32g4xx_it.o(i.TIM1_BRK_TIM15_IRQHandler) for TIM1_BRK_TIM15_IRQHandler
    startup_stm32g474xx.o(RESET) refers to stm32g4xx_it.o(i.TIM1_UP_TIM16_IRQHandler) for TIM1_UP_TIM16_IRQHandler
    startup_stm32g474xx.o(RESET) refers to stm32g4xx_it.o(i.USART3_IRQHandler) for USART3_IRQHandler
    startup_stm32g474xx.o(.text) refers to system_stm32g4xx.o(i.SystemInit) for SystemInit
    startup_stm32g474xx.o(.text) refers to entry.o(.ARM.Collect$$$$00000000) for __main
    main.o(i.HAL_ADCEx_InjectedConvCpltCallback) refers to mt6816.o(i.REIN_MT6816_Get_AngleData) for REIN_MT6816_Get_AngleData
    main.o(i.HAL_ADCEx_InjectedConvCpltCallback) refers to main.o(i.normalize_angle) for normalize_angle
    main.o(i.HAL_ADCEx_InjectedConvCpltCallback) refers to f2d.o(.text) for __aeabi_f2d
    main.o(i.HAL_ADCEx_InjectedConvCpltCallback) refers to dadd.o(.text) for __aeabi_dsub
    main.o(i.HAL_ADCEx_InjectedConvCpltCallback) refers to d2f.o(.text) for __aeabi_d2f
    main.o(i.HAL_ADCEx_InjectedConvCpltCallback) refers to foc_model.o(i.FOC_Model_step) for FOC_Model_step
    main.o(i.HAL_ADCEx_InjectedConvCpltCallback) refers to adc.o(.bss) for hadc1
    main.o(i.HAL_ADCEx_InjectedConvCpltCallback) refers to main.o(.data) for .data
    main.o(i.HAL_ADCEx_InjectedConvCpltCallback) refers to foc_model.o(.bss) for rtU
    main.o(i.HAL_ADCEx_InjectedConvCpltCallback) refers to mt6816.o(.bss) for mt6816
    main.o(i.HAL_ADCEx_InjectedConvCpltCallback) refers to motor_control.o(.data) for motor_state
    main.o(i.HAL_ADCEx_InjectedConvCpltCallback) refers to tim.o(.bss) for htim1
    main.o(i.SystemClock_Config) refers to memseta.o(.text) for __aeabi_memclr4
    main.o(i.SystemClock_Config) refers to stm32g4xx_hal_pwr_ex.o(i.HAL_PWREx_ControlVoltageScaling) for HAL_PWREx_ControlVoltageScaling
    main.o(i.SystemClock_Config) refers to stm32g4xx_hal_rcc.o(i.HAL_RCC_OscConfig) for HAL_RCC_OscConfig
    main.o(i.SystemClock_Config) refers to stm32g4xx_hal_rcc.o(i.HAL_RCC_ClockConfig) for HAL_RCC_ClockConfig
    main.o(i.main) refers to stm32g4xx_hal.o(i.HAL_Init) for HAL_Init
    main.o(i.main) refers to main.o(i.SystemClock_Config) for SystemClock_Config
    main.o(i.main) refers to gpio.o(i.MX_GPIO_Init) for MX_GPIO_Init
    main.o(i.main) refers to adc.o(i.MX_ADC1_Init) for MX_ADC1_Init
    main.o(i.main) refers to adc.o(i.MX_ADC2_Init) for MX_ADC2_Init
    main.o(i.main) refers to tim.o(i.MX_TIM1_Init) for MX_TIM1_Init
    main.o(i.main) refers to usart.o(i.MX_USART3_UART_Init) for MX_USART3_UART_Init
    main.o(i.main) refers to spi.o(i.MX_SPI1_Init) for MX_SPI1_Init
    main.o(i.main) refers to usb_device.o(i.MX_USB_Device_Init) for MX_USB_Device_Init
    main.o(i.main) refers to stm32g4xx_hal_adc_ex.o(i.HAL_ADCEx_Calibration_Start) for HAL_ADCEx_Calibration_Start
    main.o(i.main) refers to stm32g4xx_hal_adc_ex.o(i.HAL_ADCEx_InjectedStart_IT) for HAL_ADCEx_InjectedStart_IT
    main.o(i.main) refers to stm32g4xx_hal_adc_ex.o(i.HAL_ADCEx_InjectedStart) for HAL_ADCEx_InjectedStart
    main.o(i.main) refers to stm32g4xx_hal_tim.o(i.HAL_TIM_Base_Start) for HAL_TIM_Base_Start
    main.o(i.main) refers to stm32g4xx_hal_tim.o(i.HAL_TIM_PWM_Start) for HAL_TIM_PWM_Start
    main.o(i.main) refers to stm32g4xx_hal_uart.o(i.HAL_UART_Receive_IT) for HAL_UART_Receive_IT
    main.o(i.main) refers to foc_model.o(i.FOC_Model_initialize) for FOC_Model_initialize
[...]
    DMA2_Channel1_IRQHandler                 0x0800020b   Thumb Code     0  startup_stm32g474xx.o(.text)
    DMA2_Channel2_IRQHandler                 0x0800020b   Thumb Code     0  startup_stm32g474xx.o(.text)
    DMA2_Channel3_IRQHandler                 0x0800020b   Thumb Code     0  startup_stm32g474xx.o(.text)
    DMA2_Channel4_IRQHandler                 0x0800020b   Thumb Code     0  startup_stm32g474xx.o(.text)
    DMA2_Channel5_IRQHandler                 0x0800020b   Thumb Code     0  startup_stm32g474xx.o(.text)
    DMA2_Channel6_IRQHandler                 0x0800020b   Thumb Code     0  startup_stm32g474xx.o(.text)
    DMA2_Channel7_IRQHandler                 0x0800020b   Thumb Code     0  startup_stm32g474xx.o(.text)
    DMA2_Channel8_IRQHandler                 0x0800020b   Thumb Code     0  startup_stm32g474xx.o(.text)
    DMAMUX_OVR_IRQHandler                    0x0800020b   Thumb Code     0  startup_stm32g474xx.o(.text)
    EXTI0_IRQHandler                         0x0800020b   Thumb Code     0  startup_stm32g474xx.o(.text)
    EXTI15_10_IRQHandler                     0x0800020b   Thumb Code     0  startup_stm32g474xx.o(.text)
    EXTI1_IRQHandler                         0x0800020b   Thumb Code     0  startup_stm32g474xx.o(.text)
    EXTI2_IRQHandler                         0x0800020b   Thumb Code     0  startup_stm32g474xx.o(.text)
    EXTI3_IRQHandler                         0x0800020b   Thumb Code     0  startup_stm32g474xx.o(.text)
    EXTI4_IRQHandler                         0x0800020b   Thumb Code     0  startup_stm32g474xx.o(.text)
    FDCAN1_IT0_IRQHandler                    0x0800020b   Thumb Code     0  startup_stm32g474xx.o(.text)
    FDCAN1_IT1_IRQHandler                    0x0800020b   Thumb Code     0  startup_stm32g474xx.o(.text)
    FDCAN2_IT0_IRQHandler                    0x0800020b   Thumb Code     0  startup_stm32g474xx.o(.text)
    FDCAN2_IT1_IRQHandler                    0x0800020b   Thumb Code     0  startup_stm32g474xx.o(.text)
    FDCAN3_IT0_IRQHandler                    0x0800020b   Thumb Code     0  startup_stm32g474xx.o(.text)
    FDCAN3_IT1_IRQHandler                    0x0800020b   Thumb Code     0  startup_stm32g474xx.o(.text)
    FLASH_IRQHandler                         0x0800020b   Thumb Code     0  startup_stm32g474xx.o(.text)
    FMAC_IRQHandler                          0x0800020b   Thumb Code     0  startup_stm32g474xx.o(.text)
    FMC_IRQHandler                           0x0800020b   Thumb Code     0  startup_stm32g474xx.o(.text)
    FPU_IRQHandler                           0x0800020b   Thumb Code     0  startup_stm32g474xx.o(.text)
    HRTIM1_FLT_IRQHandler                    0x0800020b   Thumb Code     0  startup_stm32g474xx.o(.text)
    HRTIM1_Master_IRQHandler                 0x0800020b   Thumb Code     0  startup_stm32g474xx.o(.text)
    HRTIM1_TIMA_IRQHandler                   0x0800020b   Thumb Code     0  startup_stm32g474xx.o(.text)
    HRTIM1_TIMB_IRQHandler                   0x0800020b   Thumb Code     0  startup_stm32g474xx.o(.text)
    HRTIM1_TIMC_IRQHandler                   0x0800020b   Thumb Code     0  startup_stm32g474xx.o(.text)
    HRTIM1_TIMD_IRQHandler                   0x0800020b   Thumb Code     0  startup_stm32g474xx.o(.text)
    HRTIM1_TIME_IRQHandler                   0x0800020b   Thumb Code     0  startup_stm32g474xx.o(.text)
    HRTIM1_TIMF_IRQHandler                   0x0800020b   Thumb Code     0  startup_stm32g474xx.o(.text)
    I2C1_ER_IRQHandler                       0x0800020b   Thumb Code     0  startup_stm32g474xx.o(.text)
    I2C1_EV_IRQHandler                       0x0800020b   Thumb Code     0  startup_stm32g474xx.o(.text)
    I2C2_ER_IRQHandler                       0x0800020b   Thumb Code     0  startup_stm32g474xx.o(.text)
    I2C2_EV_IRQHandler                       0x0800020b   Thumb Code     0  startup_stm32g474xx.o(.text)
    I2C3_ER_IRQHandler                       0x0800020b   Thumb Code     0  startup_stm32g474xx.o(.text)
    I2C3_EV_IRQHandler                       0x0800020b   Thumb Code     0  startup_stm32g474xx.o(.text)
    I2C4_ER_IRQHandler                       0x0800020b   Thumb Code     0  startup_stm32g474xx.o(.text)
    I2C4_EV_IRQHandler                       0x0800020b   Thumb Code     0  startup_stm32g474xx.o(.text)
    LPTIM1_IRQHandler                        0x0800020b   Thumb Code     0  startup_stm32g474xx.o(.text)
    LPUART1_IRQHandler                       0x0800020b   Thumb Code     0  startup_stm32g474xx.o(.text)
    PVD_PVM_IRQHandler                       0x0800020b   Thumb Code     0  startup_stm32g474xx.o(.text)
    QUADSPI_IRQHandler                       0x0800020b   Thumb Code     0  startup_stm32g474xx.o(.text)
    RCC_IRQHandler                           0x0800020b   Thumb Code     0  startup_stm32g474xx.o(.text)
    RNG_IRQHandler                           0x0800020b   Thumb Code     0  startup_stm32g474xx.o(.text)
    RTC_Alarm_IRQHandler                     0x0800020b   Thumb Code     0  startup_stm32g474xx.o(.text)
    RTC_TAMP_LSECSS_IRQHandler               0x0800020b   Thumb Code     0  startup_stm32g474xx.o(.text)
    RTC_WKUP_IRQHandler                      0x0800020b   Thumb Code     0  startup_stm32g474xx.o(.text)
    SAI1_IRQHandler                          0x0800020b   Thumb Code     0  startup_stm32g474xx.o(.text)
    SPI1_IRQHandler                          0x0800020b   Thumb Code     0  startup_stm32g474xx.o(.text)
    SPI2_IRQHandler                          0x0800020b   Thumb Code     0  startup_stm32g474xx.o(.text)
    SPI3_IRQHandler                          0x0800020b   Thumb Code     0  startup_stm32g474xx.o(.text)
    SPI4_IRQHandler                          0x0800020b   Thumb Code     0  startup_stm32g474xx.o(.text)
    TIM1_CC_IRQHandler                       0x0800020b   Thumb Code     0  startup_stm32g474xx.o(.text)
    TIM1_TRG_COM_TIM17_IRQHandler            0x0800020b   Thumb Code     0  startup_stm32g474xx.o(.text)
    TIM20_BRK_IRQHandler                     0x0800020b   Thumb Code     0  startup_stm32g474xx.o(.text)
    TIM20_CC_IRQHandler                      0x0800020b   Thumb Code     0  startup_stm32g474xx.o(.text)
    TIM20_TRG_COM_IRQHandler                 0x0800020b   Thumb Code     0  startup_stm32g474xx.o(.text)
    TIM20_UP_IRQHandler                      0x0800020b   Thumb Code     0  startup_stm32g474xx.o(.text)
    TIM2_IRQHandler                          0x0800020b   Thumb Code     0  startup_stm32g474xx.o(.text)
    TIM3_IRQHandler                          0x0800020b   Thumb Code     0  startup_stm32g474xx.o(.text)
    TIM4_IRQHandler                          0x0800020b   Thumb Code     0  startup_stm32g474xx.o(.text)
    TIM5_IRQHandler                          0x0800020b   Thumb Code     0  startup_stm32g474xx.o(.text)
    TIM6_DAC_IRQHandler                      0x0800020b   Thumb Code     0  startup_stm32g474xx.o(.text)
    TIM7_DAC_IRQHandler                      0x0800020b   Thumb Code     0  startup_stm32g474xx.o(.text)
    TIM8_BRK_IRQHandler                      0x0800020b   Thumb Code     0  startup_stm32g474xx.o(.text)
    TIM8_CC_IRQHandler                       0x0800020b   Thumb Code     0  startup_stm32g474xx.o(.text)
    TIM8_TRG_COM_IRQHandler                  0x0800020b   Thumb Code     0  startup_stm32g474xx.o(.text)
    TIM8_UP_IRQHandler                       0x0800020b   Thumb Code     0  startup_stm32g474xx.o(.text)
    UART4_IRQHandler                         0x0800020b   Thumb Code     0  startup_stm32g474xx.o(.text)
    UART5_IRQHandler                         0x0800020b   Thumb Code     0  startup_stm32g474xx.o(.text)
    UCPD1_IRQHandler                         0x0800020b   Thumb Code     0  startup_stm32g474xx.o(.text)
    USART1_IRQHandler                        0x0800020b   Thumb Code     0  startup_stm32g474xx.o(.text)
    USART2_IRQHandler                        0x0800020b   Thumb Code     0  startup_stm32g474xx.o(.text)
    USBWakeUp_IRQHandler                     0x0800020b   Thumb Code     0  startup_stm32g474xx.o(.text)
    USB_HP_IRQHandler                        0x0800020b   Thumb Code     0  startup_stm32g474xx.o(.text)
    WWDG_IRQHandler                          0x0800020b   Thumb Code     0  startup_stm32g474xx.o(.text)
    __aeabi_uldivmod                         0x08000215   Thumb Code    98  uldiv.o(.text)
    __aeabi_memset                           0x08000277   Thumb Code    14  memseta.o(.text)
    __aeabi_memset4                          0x08000277   Thumb Code     0  memseta.o(.text)
    __aeabi_memset8                          0x08000277   Thumb Code     0  memseta.o(.text)
    __aeabi_memclr                           0x08000285   Thumb Code     4  memseta.o(.text)
    __aeabi_memclr4                          0x08000285   Thumb Code     0  memseta.o(.text)
    __aeabi_memclr8                          0x08000285   Thumb Code     0  memseta.o(.text)
    _memset$wrapper                          0x08000289   Thumb Code    18  memseta.o(.text)
    __aeabi_dadd                             0x0800029b   Thumb Code   322  dadd.o(.text)
    __aeabi_dsub                             0x080003dd   Thumb Code     6  dadd.o(.text)
    __aeabi_drsub                            0x080003e3   Thumb Code     6  dadd.o(.text)
    __aeabi_dmul                             0x080003e9   Thumb Code   228  dmul.o(.text)
    __aeabi_ddiv                             0x080004cd   Thumb Code   222  ddiv.o(.text)
    __aeabi_f2d                              0x080005ab   Thumb Code    38  f2d.o(.text)
    __aeabi_d2f                              0x080005d1   Thumb Code    56  d2f.o(.text)
    __aeabi_uidiv                            0x08000609   Thumb Code     0  uidiv.o(.text)
    __aeabi_uidivmod                         0x08000609   Thumb Code    44  uidiv.o(.text)
    __aeabi_llsl                             0x08000635   Thumb Code    30  llshl.o(.text)
    _ll_shift_l                              0x08000635   Thumb Code     0  llshl.o(.text)
    __aeabi_llsr                             0x08000653   Thumb Code    32  llushr.o(.text)
    _ll_ushift_r                             0x08000653   Thumb Code     0  llushr.o(.text)
    __aeabi_lasr                             0x08000673   Thumb Code    36  llsshr.o(.text)
    _ll_sshift_r                             0x08000673   Thumb Code     0  llsshr.o(.text)
    __I$use$fp                               0x08000697   Thumb Code     0  iusefp.o(.text)
    _float_round                             0x08000697   Thumb Code    18  fepilogue.o(.text)
    _float_epilogue                          0x080006a9   Thumb Code    92  fepilogue.o(.text)
    _frem                                    0x08000705   Thumb Code    82  frem.o(.text)
    _double_round                            0x08000757   Thumb Code    30  depilogue.o(.text)
    _double_epilogue                         0x08000775   Thumb Code   156  depilogue.o(.text)
    _drem                                    0x08000811   Thumb Code   134  drem.o(.text)
    __aeabi_d2ulz                            0x08000897   Thumb Code    48  dfixul.o(.text)
    __aeabi_cdrcmple                         0x080008c9   Thumb Code    48  cdrcmple.o(.text)
    __scatterload                            0x080008f9   Thumb Code    28  init.o(.text)
    __scatterload_rt2                        0x080008f9   Thumb Code     0  init.o(.text)
    __decompress                             0x0800091d   Thumb Code     0  __dczerorl2.o(.text)
    __decompress1                            0x0800091d   Thumb Code    86  __dczerorl2.o(.text)
    ADC1_2_IRQHandler                        0x08000975   Thumb Code    18  stm32g4xx_it.o(i.ADC1_2_IRQHandler)
    ADC_Disable                              0x08000991   Thumb Code   106  stm32g4xx_hal_adc.o(i.ADC_Disable)
    ADC_Enable                               0x08000a01   Thumb Code   172  stm32g4xx_hal_adc.o(i.ADC_Enable)
    BusFault_Handler                         0x08000ac5   Thumb Code     2  stm32g4xx_it.o(i.BusFault_Handler)
    DebugMon_Handler                         0x08000b11   Thumb Code     2  stm32g4xx_it.o(i.DebugMon_Handler)
    EXTI9_5_IRQHandler                       0x08000b13   Thumb Code    34  stm32g4xx_it.o(i.EXTI9_5_IRQHandler)
    Error_Handler                            0x08000b35   Thumb Code     4  main.o(i.Error_Handler)
    FOC_Model_initialize                     0x08000b39   Thumb Code    36  foc_model.o(i.FOC_Model_initialize)
    FOC_Model_step                           0x08000b65   Thumb Code  1384  foc_model.o(i.FOC_Model_step)
    HAL_ADCEx_Calibration_Start              0x080010d9   Thumb Code   138  stm32g4xx_hal_adc_ex.o(i.HAL_ADCEx_Calibration_Start)
    HAL_ADCEx_EndOfSamplingCallback          0x0800116d   Thumb Code     2  stm32g4xx_hal_adc_ex.o(i.HAL_ADCEx_EndOfSamplingCallback)
    HAL_ADCEx_InjectedConfigChannel          0x08001171   Thumb Code  1324  stm32g4xx_hal_adc_ex.o(i.HAL_ADCEx_InjectedConfigChannel)
    HAL_ADCEx_InjectedConvCpltCallback       0x080016d1   Thumb Code   234  main.o(i.HAL_ADCEx_InjectedConvCpltCallback)
    HAL_ADCEx_InjectedQueueOverflowCallback  0x080017f5   Thumb Code     2  stm32g4xx_hal_adc_ex.o(i.HAL_ADCEx_InjectedQueueOverflowCallback)
    HAL_ADCEx_InjectedStart                  0x080017f9   Thumb Code   262  stm32g4xx_hal_adc_ex.o(i.HAL_ADCEx_InjectedStart)
    HAL_ADCEx_InjectedStart_IT               0x08001919   Thumb Code   320  stm32g4xx_hal_adc_ex.o(i.HAL_ADCEx_InjectedStart_IT)
    HAL_ADCEx_LevelOutOfWindow2Callback      0x08001a71   Thumb Code     2  stm32g4xx_hal_adc_ex.o(i.HAL_ADCEx_LevelOutOfWindow2Callback)
    HAL_ADCEx_LevelOutOfWindow3Callback      0x08001a73   Thumb Code     2  stm32g4xx_hal_adc_ex.o(i.HAL_ADCEx_LevelOutOfWindow3Callback)
    HAL_ADCEx_MultiModeConfigChannel         0x08001a75   Thumb Code   326  stm32g4xx_hal_adc_ex.o(i.HAL_ADCEx_MultiModeConfigChannel)
    HAL_ADC_ConfigChannel                    0x08001bd5   Thumb Code  1066  stm32g4xx_hal_adc.o(i.HAL_ADC_ConfigChannel)
    HAL_ADC_ConvCpltCallback                 0x08002041   Thumb Code     2  stm32g4xx_hal_adc.o(i.HAL_ADC_ConvCpltCallback)
    HAL_ADC_ErrorCallback                    0x08002043   Thumb Code     2  stm32g4xx_hal_adc.o(i.HAL_ADC_ErrorCallback)
    HAL_ADC_IRQHandler                       0x08002045   Thumb Code   674  stm32g4xx_hal_adc.o(i.HAL_ADC_IRQHandler)
    HAL_ADC_Init                             0x080022fd   Thumb Code   510  stm32g4xx_hal_adc.o(i.HAL_ADC_Init)
    HAL_ADC_LevelOutOfWindowCallback         0x0800252d   Thumb Code     2  stm32g4xx_hal_adc.o(i.HAL_ADC_LevelOutOfWindowCallback)
    HAL_ADC_MspInit                          0x08002531   Thumb Code   282  adc.o(i.HAL_ADC_MspInit)
    HAL_DMA_Abort                            0x08002661   Thumb Code   106  stm32g4xx_hal_dma.o(i.HAL_DMA_Abort)
    HAL_DMA_Abort_IT                         0x080026cb   Thumb Code   120  stm32g4xx_hal_dma.o(i.HAL_DMA_Abort_IT)
    HAL_GPIO_EXTI_Callback                   0x08002745   Thumb Code    30  motor_control.o(i.HAL_GPIO_EXTI_Callback)
    HAL_GPIO_EXTI_IRQHandler                 0x08002769   Thumb Code    18  stm32g4xx_hal_gpio.o(i.HAL_GPIO_EXTI_IRQHandler)
    HAL_GPIO_Init                            0x08002781   Thumb Code   550  stm32g4xx_hal_gpio.o(i.HAL_GPIO_Init)
    HAL_GPIO_WritePin                        0x080029c9   Thumb Code    10  stm32g4xx_hal_gpio.o(i.HAL_GPIO_WritePin)
    HAL_GetTick                              0x080029d5   Thumb Code     6  stm32g4xx_hal.o(i.HAL_GetTick)
    HAL_IncTick                              0x080029e1   Thumb Code    12  stm32g4xx_hal.o(i.HAL_IncTick)
    HAL_Init                                 0x080029f1   Thumb Code    30  stm32g4xx_hal.o(i.HAL_Init)
    HAL_InitTick                             0x08002a11   Thumb Code    58  stm32g4xx_hal.o(i.HAL_InitTick)
    HAL_MspInit                              0x08002a55   Thumb Code    42  stm32g4xx_hal_msp.o(i.HAL_MspInit)
    HAL_NVIC_EnableIRQ                       0x08002a85   Thumb Code    26  stm32g4xx_hal_cortex.o(i.HAL_NVIC_EnableIRQ)
    HAL_NVIC_SetPriority                     0x08002aa1   Thumb Code    60  stm32g4xx_hal_cortex.o(i.HAL_NVIC_SetPriority)
    HAL_NVIC_SetPriorityGrouping             0x08002ae1   Thumb Code    26  stm32g4xx_hal_cortex.o(i.HAL_NVIC_SetPriorityGrouping)
    HAL_PCDEx_ActivateLPM                    0x08002b05   Thumb Code    36  stm32g4xx_hal_pcd_ex.o(i.HAL_PCDEx_ActivateLPM)
    HAL_PCDEx_LPM_Callback                   0x08002b29   Thumb Code    64  usbd_conf.o(i.HAL_PCDEx_LPM_Callback)
    HAL_PCDEx_PMAConfig                      0x08002b6d   Thumb Code    60  stm32g4xx_hal_pcd_ex.o(i.HAL_PCDEx_PMAConfig)
    HAL_PCD_DataInStageCallback              0x08002ba9   Thumb Code    18  usbd_conf.o(i.HAL_PCD_DataInStageCallback)
    HAL_PCD_DataOutStageCallback             0x08002bbb   Thumb Code    20  usbd_conf.o(i.HAL_PCD_DataOutStageCallback)
    HAL_PCD_EP_Close                         0x08002bcf   Thumb Code    74  stm32g4xx_hal_pcd.o(i.HAL_PCD_EP_Close)
    HAL_PCD_EP_ClrStall                      0x08002c19   Thumb Code    90  stm32g4xx_hal_pcd.o(i.HAL_PCD_EP_ClrStall)
    HAL_PCD_EP_GetRxCount                    0x0800308f   Thumb Code    18  stm32g4xx_hal_pcd.o(i.HAL_PCD_EP_GetRxCount)
    HAL_PCD_EP_Open                          0x080030a1   Thumb Code    88  stm32g4xx_hal_pcd.o(i.HAL_PCD_EP_Open)
    HAL_PCD_EP_Receive                       0x080030f9   Thumb Code    46  stm32g4xx_hal_pcd.o(i.HAL_PCD_EP_Receive)
    HAL_PCD_EP_SetStall                      0x08003127   Thumb Code    94  stm32g4xx_hal_pcd.o(i.HAL_PCD_EP_SetStall)
    HAL_PCD_EP_Transmit                      0x08003185   Thumb Code    46  stm32g4xx_hal_pcd.o(i.HAL_PCD_EP_Transmit)
    HAL_PCD_IRQHandler                       0x080031b3   Thumb Code   330  stm32g4xx_hal_pcd.o(i.HAL_PCD_IRQHandler)
    HAL_PCD_Init                             0x080032fd   Thumb Code   156  stm32g4xx_hal_pcd.o(i.HAL_PCD_Init)
    HAL_PCD_MspInit                          0x08003399   Thumb Code    80  usbd_conf.o(i.HAL_PCD_MspInit)
    HAL_PCD_ResetCallback                    0x080033f1   Thumb Code    38  usbd_conf.o(i.HAL_PCD_ResetCallback)
    HAL_PCD_ResumeCallback                   0x08003419   Thumb Code    34  usbd_conf.o(i.HAL_PCD_ResumeCallback)
    HAL_PCD_SOFCallback                      0x08003441   Thumb Code     8  usbd_conf.o(i.HAL_PCD_SOFCallback)
    HAL_PCD_SetAddress                       0x08003449   Thumb Code    38  stm32g4xx_hal_pcd.o(i.HAL_PCD_SetAddress)
    HAL_PCD_SetupStageCallback               0x0800346f   Thumb Code    14  usbd_conf.o(i.HAL_PCD_SetupStageCallback)
    HAL_PCD_Start                            0x0800347d   Thumb Code    42  stm32g4xx_hal_pcd.o(i.HAL_PCD_Start)
    HAL_PCD_SuspendCallback                  0x080034a9   Thumb Code    30  usbd_conf.o(i.HAL_PCD_SuspendCallback)
    HAL_PWREx_ControlVoltageScaling          0x080034cd   Thumb Code   174  stm32g4xx_hal_pwr_ex.o(i.HAL_PWREx_ControlVoltageScaling)
    HAL_PWREx_DisableUCPDDeadBattery         0x08003589   Thumb Code    12  stm32g4xx_hal_pwr_ex.o(i.HAL_PWREx_DisableUCPDDeadBattery)
    HAL_RCCEx_PeriphCLKConfig                0x08003599   Thumb Code   758  stm32g4xx_hal_rcc_ex.o(i.HAL_RCCEx_PeriphCLKConfig)
    HAL_RCC_ClockConfig                      0x08003899   Thumb Code   444  stm32g4xx_hal_rcc.o(i.HAL_RCC_ClockConfig)
    HAL_RCC_GetPCLK1Freq                     0x08003a75   Thumb Code    24  stm32g4xx_hal_rcc.o(i.HAL_RCC_GetPCLK1Freq)
    HAL_RCC_GetPCLK2Freq                     0x08003a99   Thumb Code    24  stm32g4xx_hal_rcc.o(i.HAL_RCC_GetPCLK2Freq)
    HAL_RCC_GetSysClockFreq                  0x08003abd   Thumb Code    98  stm32g4xx_hal_rcc.o(i.HAL_RCC_GetSysClockFreq)
    HAL_RCC_OscConfig                        0x08003b29   Thumb Code  1028  stm32g4xx_hal_rcc.o(i.HAL_RCC_OscConfig)
    HAL_SPI_Init                             0x08003f2d   Thumb Code   234  stm32g4xx_hal_spi.o(i.HAL_SPI_Init)
    HAL_SPI_MspInit                          0x08004019   Thumb Code    86  spi.o(i.HAL_SPI_MspInit)
    HAL_SPI_TransmitReceive                  0x0800407d   Thumb Code   620  stm32g4xx_hal_spi.o(i.HAL_SPI_TransmitReceive)
    HAL_SYSTICK_Config                       0x080042e9   Thumb Code    40  stm32g4xx_hal_cortex.o(i.HAL_SYSTICK_Config)
    HAL_TIMEx_Break2Callback                 0x08004311   Thumb Code     2  stm32g4xx_hal_tim_ex.o(i.HAL_TIMEx_Break2Callback)
    HAL_TIMEx_BreakCallback                  0x08004313   Thumb Code     2  stm32g4xx_hal_tim_ex.o(i.HAL_TIMEx_BreakCallback)
    HAL_TIMEx_CommutCallback                 0x08004315   Thumb Code     2  stm32g4xx_hal_tim_ex.o(i.HAL_TIMEx_CommutCallback)
    HAL_TIMEx_ConfigBreakDeadTime            0x08004319   Thumb Code   154  stm32g4xx_hal_tim_ex.o(i.HAL_TIMEx_ConfigBreakDeadTime)
    HAL_TIMEx_DirectionChangeCallback        0x080043c1   Thumb Code     2  stm32g4xx_hal_tim_ex.o(i.HAL_TIMEx_DirectionChangeCallback)
    HAL_TIMEx_EncoderIndexCallback           0x080043c3   Thumb Code     2  stm32g4xx_hal_tim_ex.o(i.HAL_TIMEx_EncoderIndexCallback)
    HAL_TIMEx_IndexErrorCallback             0x080043c5   Thumb Code     2  stm32g4xx_hal_tim_ex.o(i.HAL_TIMEx_IndexErrorCallback)
    HAL_TIMEx_MasterConfigSynchronization    0x080043c9   Thumb Code   150  stm32g4xx_hal_tim_ex.o(i.HAL_TIMEx_MasterConfigSynchronization)
    HAL_TIMEx_PWMN_Start                     0x08004481   Thumb Code   170  stm32g4xx_hal_tim_ex.o(i.HAL_TIMEx_PWMN_Start)
    HAL_TIMEx_PWMN_Stop                      0x0800454d   Thumb Code   104  stm32g4xx_hal_tim_ex.o(i.HAL_TIMEx_PWMN_Stop)
    HAL_TIMEx_TransitionErrorCallback        0x080045b5   Thumb Code     2  stm32g4xx_hal_tim_ex.o(i.HAL_TIMEx_TransitionErrorCallback)
    HAL_TIM_Base_Init                        0x080045b7   Thumb Code    98  stm32g4xx_hal_tim.o(i.HAL_TIM_Base_Init)
    HAL_TIM_Base_MspInit                     0x08004619   Thumb Code    66  tim.o(i.HAL_TIM_Base_MspInit)
    HAL_TIM_Base_Start                       0x08004665   Thumb Code    96  stm32g4xx_hal_tim.o(i.HAL_TIM_Base_Start)
    HAL_TIM_ConfigClockSource                0x080046e5   Thumb Code   234  stm32g4xx_hal_tim.o(i.HAL_TIM_ConfigClockSource)
    HAL_TIM_IC_CaptureCallback               0x080047d5   Thumb Code     2  stm32g4xx_hal_tim.o(i.HAL_TIM_IC_CaptureCallback)
    HAL_TIM_IRQHandler                       0x080047d7   Thumb Code   418  stm32g4xx_hal_tim.o(i.HAL_TIM_IRQHandler)
    HAL_TIM_MspPostInit                      0x08004979   Thumb Code   136  tim.o(i.HAL_TIM_MspPostInit)
    HAL_TIM_OC_DelayElapsedCallback          0x08004a0d   Thumb Code     2  stm32g4xx_hal_tim.o(i.HAL_TIM_OC_DelayElapsedCallback)
    HAL_TIM_PWM_ConfigChannel                0x08004a0f   Thumb Code   292  stm32g4xx_hal_tim.o(i.HAL_TIM_PWM_ConfigChannel)
    HAL_TIM_PWM_Init                         0x08004b33   Thumb Code    98  stm32g4xx_hal_tim.o(i.HAL_TIM_PWM_Init)
    HAL_TIM_PWM_MspInit                      0x08004b95   Thumb Code     2  stm32g4xx_hal_tim.o(i.HAL_TIM_PWM_MspInit)
    HAL_TIM_PWM_PulseFinishedCallback        0x08004b97   Thumb Code     2  stm32g4xx_hal_tim.o(i.HAL_TIM_PWM_PulseFinishedCallback)
    HAL_TIM_PWM_Start                        0x08004b99   Thumb Code   234  stm32g4xx_hal_tim.o(i.HAL_TIM_PWM_Start)
    HAL_TIM_PWM_Stop                         0x08004cad   Thumb Code   158  stm32g4xx_hal_tim.o(i.HAL_TIM_PWM_Stop)
    HAL_TIM_PeriodElapsedCallback            0x08004d65   Thumb Code     2  stm32g4xx_hal_tim.o(i.HAL_TIM_PeriodElapsedCallback)
    HAL_TIM_TriggerCallback                  0x08004d67   Thumb Code     2  stm32g4xx_hal_tim.o(i.HAL_TIM_TriggerCallback)
    HAL_UARTEx_DisableFifoMode               0x08004d69   Thumb Code    62  stm32g4xx_hal_uart_ex.o(i.HAL_UARTEx_DisableFifoMode)
    HAL_UARTEx_RxEventCallback               0x08004da7   Thumb Code     2  stm32g4xx_hal_uart.o(i.HAL_UARTEx_RxEventCallback)
    HAL_UARTEx_RxFifoFullCallback            0x08004da9   Thumb Code     2  stm32g4xx_hal_uart_ex.o(i.HAL_UARTEx_RxFifoFullCallback)
    HAL_UARTEx_SetRxFifoThreshold            0x08004dab   Thumb Code    76  stm32g4xx_hal_uart_ex.o(i.HAL_UARTEx_SetRxFifoThreshold)
    HAL_UARTEx_SetTxFifoThreshold            0x08004df7   Thumb Code    76  stm32g4xx_hal_uart_ex.o(i.HAL_UARTEx_SetTxFifoThreshold)
    HAL_UARTEx_TxFifoEmptyCallback           0x08004e43   Thumb Code     2  stm32g4xx_hal_uart_ex.o(i.HAL_UARTEx_TxFifoEmptyCallback)
    HAL_UARTEx_WakeupCallback                0x08004e45   Thumb Code     2  stm32g4xx_hal_uart_ex.o(i.HAL_UARTEx_WakeupCallback)
    HAL_UART_ErrorCallback                   0x08004e47   Thumb Code     2  stm32g4xx_hal_uart.o(i.HAL_UART_ErrorCallback)
    HAL_UART_IRQHandler                      0x08004e49   Thumb Code   766  stm32g4xx_hal_uart.o(i.HAL_UART_IRQHandler)
    HAL_UART_Init                            0x08005155   Thumb Code   106  stm32g4xx_hal_uart.o(i.HAL_UART_Init)
    HAL_UART_MspInit                         0x080051c1   Thumb Code   130  usart.o(i.HAL_UART_MspInit)
    HAL_UART_Receive_IT                      0x08005251   Thumb Code    66  stm32g4xx_hal_uart.o(i.HAL_UART_Receive_IT)
    HAL_UART_RxCpltCallback                  0x08005299   Thumb Code   106  usart_vofa.o(i.HAL_UART_RxCpltCallback)
    HAL_UART_Transmit                        0x08005319   Thumb Code   174  stm32g4xx_hal_uart.o(i.HAL_UART_Transmit)
    HAL_UART_TxCpltCallback                  0x080053c7   Thumb Code     2  stm32g4xx_hal_uart.o(i.HAL_UART_TxCpltCallback)
    HardFault_Handler                        0x080053c9   Thumb Code     2  stm32g4xx_it.o(i.HardFault_Handler)
    MX_ADC1_Init                             0x080054a9   Thumb Code   224  adc.o(i.MX_ADC1_Init)
    MX_ADC2_Init                             0x08005599   Thumb Code   202  adc.o(i.MX_ADC2_Init)
    MX_GPIO_Init                             0x08005679   Thumb Code   194  gpio.o(i.MX_GPIO_Init)
    MX_SPI1_Init                             0x08005749   Thumb Code    72  spi.o(i.MX_SPI1_Init)
    MX_TIM1_Init                             0x08005799   Thumb Code   268  tim.o(i.MX_TIM1_Init)
    MX_USART3_UART_Init                      0x080058ad   Thumb Code    92  usart.o(i.MX_USART3_UART_Init)
    MX_USB_Device_Init                       0x08005915   Thumb Code    66  usb_device.o(i.MX_USB_Device_Init)
    MemManage_Handler                        0x08005969   Thumb Code     2  stm32g4xx_it.o(i.MemManage_Handler)
    Motor_start                              0x0800596d   Thumb Code    54  motor_control.o(i.Motor_start)
    Motor_stop                               0x080059a9   Thumb Code    54  motor_control.o(i.Motor_stop)
    NMI_Handler                              0x080059e5   Thumb Code     2  stm32g4xx_it.o(i.NMI_Handler)
    PendSV_Handler                           0x08005eb1   Thumb Code     2  stm32g4xx_it.o(i.PendSV_Handler)
    REIN_MT6816_Get_AngleData                0x08005eb5   Thumb Code    26  mt6816.o(i.REIN_MT6816_Get_AngleData)
    RINE_MT6816_SPI_Get_AngleData            0x08005ed5   Thumb Code   198  mt6816.o(i.RINE_MT6816_SPI_Get_AngleData)
    SVC_Handler                              0x08006189   Thumb Code     2  stm32g4xx_it.o(i.SVC_Handler)
    SysTick_Handler                          0x08006195   Thumb Code     4  stm32g4xx_it.o(i.SysTick_Handler)
    SystemClock_Config                       0x08006199   Thumb Code   106  main.o(i.SystemClock_Config)
    SystemInit                               0x08006205   Thumb Code    12  system_stm32g4xx.o(i.SystemInit)
    TIM1_BRK_TIM15_IRQHandler                0x08006215   Thumb Code     6  stm32g4xx_it.o(i.TIM1_BRK_TIM15_IRQHandler)
    TIM1_UP_TIM16_IRQHandler                 0x08006221   Thumb Code     6  stm32g4xx_it.o(i.TIM1_UP_TIM16_IRQHandler)
    TIM_Base_SetConfig                       0x0800622d   Thumb Code   190  stm32g4xx_hal_tim.o(i.TIM_Base_SetConfig)
    TIM_CCxChannelCmd                        0x08006311   Thumb Code    26  stm32g4xx_hal_tim.o(i.TIM_CCxChannelCmd)
    TIM_ETR_SetConfig                        0x08006345   Thumb Code    20  stm32g4xx_hal_tim.o(i.TIM_ETR_SetConfig)
    TIM_OC2_SetConfig                        0x08006419   Thumb Code   132  stm32g4xx_hal_tim.o(i.TIM_OC2_SetConfig)
    UART_AdvFeatureConfig                    0x08006779   Thumb Code   200  stm32g4xx_hal_uart.o(i.UART_AdvFeatureConfig)
    UART_CheckIdleState                      0x08006841   Thumb Code   172  stm32g4xx_hal_uart.o(i.UART_CheckIdleState)
    UART_SetConfig                           0x08006e25   Thumb Code   614  stm32g4xx_hal_uart.o(i.UART_SetConfig)
    UART_Start_Receive_IT                    0x080070bd   Thumb Code   256  stm32g4xx_hal_uart.o(i.UART_Start_Receive_IT)
    UART_WaitOnFlagUntilTimeout              0x080071cd   Thumb Code   148  stm32g4xx_hal_uart.o(i.UART_WaitOnFlagUntilTimeout)
    USART3_IRQHandler                        0x08007261   Thumb Code     6  stm32g4xx_it.o(i.USART3_IRQHandler)
    USBD_CDC_ConfigStrDescriptor             0x0800726d   Thumb Code    16  usbd_desc.o(i.USBD_CDC_ConfigStrDescriptor)
    USBD_CDC_DeviceDescriptor                0x0800735d   Thumb Code     8  usbd_desc.o(i.USBD_CDC_DeviceDescriptor)
    USBD_CDC_GetDeviceQualifierDescriptor    0x08007399   Thumb Code     8  usbd_cdc.o(i.USBD_CDC_GetDeviceQualifierDescriptor)
    USBD_CDC_InterfaceStrDescriptor          0x0800746d   Thumb Code    16  usbd_desc.o(i.USBD_CDC_InterfaceStrDescriptor)
    USBD_CDC_LangIDStrDescriptor             0x08007491   Thumb Code     8  usbd_desc.o(i.USBD_CDC_LangIDStrDescriptor)
    USBD_CDC_ManufacturerStrDescriptor       0x0800749d   Thumb Code    16  usbd_desc.o(i.USBD_CDC_ManufacturerStrDescriptor)
    USBD_CDC_ProductStrDescriptor            0x080074c5   Thumb Code    16  usbd_desc.o(i.USBD_CDC_ProductStrDescriptor)
    USBD_CDC_ReceivePacket                   0x080074f1   Thumb Code    40  usbd_cdc.o(i.USBD_CDC_ReceivePacket)
    USBD_CDC_RegisterInterface               0x08007519   Thumb Code    14  usbd_cdc.o(i.USBD_CDC_RegisterInterface)
    USBD_CDC_SerialStrDescriptor             0x08007529   Thumb Code    48  usbd_desc.o(i.USBD_CDC_SerialStrDescriptor)
    USBD_CDC_SetRxBuffer                     0x08007561   Thumb Code    18  usbd_cdc.o(i.USBD_CDC_SetRxBuffer)
    USBD_CDC_SetTxBuffer                     0x08007573   Thumb Code    22  usbd_cdc.o(i.USBD_CDC_SetTxBuffer)
    USBD_ClrClassConfig                      0x08007647   Thumb Code    16  usbd_core.o(i.USBD_ClrClassConfig)
    USBD_CtlContinueRx                       0x08007657   Thumb Code    16  usbd_ioreq.o(i.USBD_CtlContinueRx)
    USBD_CtlContinueSendData                 0x08007667   Thumb Code    16  usbd_ioreq.o(i.USBD_CtlContinueSendData)
    USBD_CtlError                            0x08007677   Thumb Code    22  usbd_ctlreq.o(i.USBD_CtlError)
    USBD_CtlPrepareRx                        0x0800768d   Thumb Code    30  usbd_ioreq.o(i.USBD_CtlPrepareRx)
    USBD_CtlReceiveStatus                    0x080076ab   Thumb Code    22  usbd_ioreq.o(i.USBD_CtlReceiveStatus)
    USBD_CtlSendData                         0x080076c1   Thumb Code    26  usbd_ioreq.o(i.USBD_CtlSendData)
    USBD_CtlSendStatus                       0x080076db   Thumb Code    22  usbd_ioreq.o(i.USBD_CtlSendStatus)
    USBD_GetString                           0x080077eb   Thumb Code    72  usbd_ctlreq.o(i.USBD_GetString)
    USBD_Init                                0x0800784b   Thumb Code    38  usbd_core.o(i.USBD_Init)
    USBD_LL_ClearStallEP                     0x08007871   Thumb Code    18  usbd_conf.o(i.USBD_LL_ClearStallEP)
    USBD_LL_CloseEP                          0x08007883   Thumb Code    18  usbd_conf.o(i.USBD_LL_CloseEP)
    USBD_LL_DataInStage                      0x08007895   Thumb Code   168  usbd_core.o(i.USBD_LL_DataInStage)
    USBD_LL_DataOutStage                     0x0800793d   Thumb Code   108  usbd_core.o(i.USBD_LL_DataOutStage)
    USBD_LL_GetRxDataSize                    0x080079a9   Thumb Code     8  usbd_conf.o(i.USBD_LL_GetRxDataSize)
    USBD_LL_Init                             0x080079b1   Thumb Code   124  usbd_conf.o(i.USBD_LL_Init)
    USBD_LL_IsStallEP                        0x08007a35   Thumb Code    30  usbd_conf.o(i.USBD_LL_IsStallEP)
    USBD_LL_OpenEP                           0x08007a53   Thumb Code    24  usbd_conf.o(i.USBD_LL_OpenEP)
    USBD_LL_PrepareReceive                   0x08007a6b   Thumb Code    18  usbd_conf.o(i.USBD_LL_PrepareReceive)
    USBD_LL_Reset                            0x08007a7d   Thumb Code    90  usbd_core.o(i.USBD_LL_Reset)
    USBD_LL_Resume                           0x08007ad7   Thumb Code    20  usbd_core.o(i.USBD_LL_Resume)
    USBD_LL_SOF                              0x08007aeb   Thumb Code    32  usbd_core.o(i.USBD_LL_SOF)
    USBD_LL_SetSpeed                         0x08007b0b   Thumb Code     6  usbd_core.o(i.USBD_LL_SetSpeed)
    USBD_LL_SetUSBAddress                    0x08007b11   Thumb Code    18  usbd_conf.o(i.USBD_LL_SetUSBAddress)
    USBD_LL_SetupStage                       0x08007b23   Thumb Code    96  usbd_core.o(i.USBD_LL_SetupStage)
    USBD_LL_StallEP                          0x08007b83   Thumb Code    18  usbd_conf.o(i.USBD_LL_StallEP)
    USBD_LL_Start                            0x08007b95   Thumb Code    18  usbd_conf.o(i.USBD_LL_Start)
    USBD_LL_Suspend                          0x08007ba7   Thumb Code    18  usbd_core.o(i.USBD_LL_Suspend)
    USBD_LL_Transmit                         0x08007bb9   Thumb Code    18  usbd_conf.o(i.USBD_LL_Transmit)
    USBD_ParseSetupRequest                   0x08007bcb   Thumb Code    44  usbd_ctlreq.o(i.USBD_ParseSetupRequest)
    USBD_RegisterClass                       0x08007bf7   Thumb Code    36  usbd_core.o(i.USBD_RegisterClass)
    USBD_SetClassConfig                      0x08007c1b   Thumb Code    20  usbd_core.o(i.USBD_SetClassConfig)
    USBD_Start                               0x08007ced   Thumb Code     4  usbd_core.o(i.USBD_Start)
    USBD_StdDevReq                           0x08007cf1   Thumb Code   276  usbd_ctlreq.o(i.USBD_StdDevReq)
    USBD_StdEPReq                            0x08007e05   Thumb Code   320  usbd_ctlreq.o(i.USBD_StdEPReq)
    USBD_StdItfReq                           0x08007f45   Thumb Code    82  usbd_ctlreq.o(i.USBD_StdItfReq)
    USBD_static_free                         0x08007f97   Thumb Code     2  usbd_conf.o(i.USBD_static_free)
    USBD_static_malloc                       0x08007f99   Thumb Code     4  usbd_conf.o(i.USBD_static_malloc)
    USB_ActivateEndpoint                     0x08007fa1   Thumb Code   668  stm32g4xx_ll_usb.o(i.USB_ActivateEndpoint)
    USB_DeactivateEndpoint                   0x0800823d   Thumb Code   270  stm32g4xx_ll_usb.o(i.USB_DeactivateEndpoint)
    USB_DevConnect                           0x0800834b   Thumb Code    14  stm32g4xx_ll_usb.o(i.USB_DevConnect)
    USB_DevInit                              0x08008359   Thumb Code    18  stm32g4xx_ll_usb.o(i.USB_DevInit)
    USB_DisableGlobalInt                     0x0800836b   Thumb Code    16  stm32g4xx_ll_usb.o(i.USB_DisableGlobalInt)
    USB_EPClearStall                         0x0800837b   Thumb Code   120  stm32g4xx_ll_usb.o(i.USB_EPClearStall)
    USB_EPSetStall                           0x080083f3   Thumb Code    50  stm32g4xx_ll_usb.o(i.USB_EPSetStall)
    USB_EPStartXfer                          0x08008425   Thumb Code  1250  stm32g4xx_ll_usb.o(i.USB_EPStartXfer)
    USB_EnableGlobalInt                      0x08008907   Thumb Code    18  stm32g4xx_ll_usb.o(i.USB_EnableGlobalInt)
    USB_LP_IRQHandler                        0x08008919   Thumb Code     6  stm32g4xx_it.o(i.USB_LP_IRQHandler)
    USB_ReadInterrupts                       0x08008925   Thumb Code     6  stm32g4xx_ll_usb.o(i.USB_ReadInterrupts)
    USB_ReadPMA                              0x0800892b   Thumb Code    40  stm32g4xx_ll_usb.o(i.USB_ReadPMA)
    USB_SetDevAddress                        0x08008953   Thumb Code    12  stm32g4xx_ll_usb.o(i.USB_SetDevAddress)
    USB_WritePMA                             0x08008961   Thumb Code    38  stm32g4xx_ll_usb.o(i.USB_WritePMA)
    UsageFault_Handler                       0x08008987   Thumb Code     2  stm32g4xx_it.o(i.UsageFault_Handler)
    __0printf                                0x08008989   Thumb Code    22  printfa.o(i.__0printf)
    __1printf                                0x08008989   Thumb Code     0  printfa.o(i.__0printf)
    __2printf                                0x08008989   Thumb Code     0  printfa.o(i.__0printf)
    __c89printf                              0x08008989   Thumb Code     0  printfa.o(i.__0printf)
    printf                                   0x08008989   Thumb Code     0  printfa.o(i.__0printf)
    __ARM_fpclassifyf                        0x080089a9   Thumb Code    38  fpclassifyf.o(i.__ARM_fpclassifyf)
    __hardfp_cosf                            0x080089f1   Thumb Code   280  cosf.o(i.__hardfp_cosf)
    __hardfp_floorf                          0x08008b41   Thumb Code    98  floorf.o(i.__hardfp_floorf)
    __hardfp_fmod                            0x08008bb1   Thumb Code   254  fmod.o(i.__hardfp_fmod)
    __hardfp_fmodf                           0x08008cb5   Thumb Code   176  fmodf.o(i.__hardfp_fmodf)
    __hardfp_sinf                            0x08008d65   Thumb Code   344  sinf.o(i.__hardfp_sinf)
    __mathlib_dbl_invalid                    0x08008ef9   Thumb Code    24  dunder.o(i.__mathlib_dbl_invalid)
    __mathlib_flt_infnan                     0x08008f19   Thumb Code     6  funder.o(i.__mathlib_flt_infnan)
    __mathlib_flt_invalid                    0x08008f21   Thumb Code    10  funder.o(i.__mathlib_flt_invalid)
    __mathlib_flt_underflow                  0x08008f31   Thumb Code    10  funder.o(i.__mathlib_flt_underflow)
    __mathlib_rredf2                         0x08008f41   Thumb Code   316  rredf.o(i.__mathlib_rredf2)
    __scatterload_copy                       0x08009095   Thumb Code    14  handlers.o(i.__scatterload_copy)
    __scatterload_null                       0x080090a3   Thumb Code     2  handlers.o(i.__scatterload_null)
    __scatterload_zeroinit                   0x080090a5   Thumb Code    14  handlers.o(i.__scatterload_zeroinit)
    __set_errno                              0x080090b5   Thumb Code     6  errno.o(i.__set_errno)
    fputc                                    0x08009c9d   Thumb Code    18  usart_vofa.o(i.fputc)
    main                                     0x08009cd1   Thumb Code   236  main.o(i.main)
    normalize_angle                          0x08009df9   Thumb Code    54  main.o(i.normalize_angle)
    rt_modf_snf                              0x08009f29   Thumb Code   296  foc_model.o(i.rt_modf_snf)
    UARTPrescTable                           0x0800a220   Data          24  stm32g4xx_hal_uart.o(.constdata)
    AHBPrescTable                            0x0800a248   Data          16  system_stm32g4xx.o(.constdata)
    APBPrescTable                            0x0800a258   Data           8  system_stm32g4xx.o(.constdata)
    rtM                                      0x0800a260   Data           4  foc_model.o(.constdata)
    Region$$Table$$Base                      0x0800a2c4   Number         0  anon$$obj.o(Region$$Table)
    Region$$Table$$Limit                     0x0800a2e4   Number         0  anon$$obj.o(Region$$Table)
    adc1_in3                                 0x20000000   Data           2  main.o(.data)
    adc2_in1                                 0x20000002   Data           2  main.o(.data)
    theta                                    0x20000004   Data           4  main.o(.data)
    uwTickPrio                               0x2000000c   Data           4  stm32g4xx_hal.o(.data)
    uwTickFreq                               0x20000010   Data           4  stm32g4xx_hal.o(.data)
    uwTick                                   0x20000014   Data           4  stm32g4xx_hal.o(.data)
    SystemCoreClock                          0x20000018   Data           4  system_stm32g4xx.o(.data)
    Uart1_Rx_Cnt                             0x2000001c   Data           1  usart_vofa.o(.data)
    aRxBuffer                                0x2000001d   Data           1  usart_vofa.o(.data)
    cnt                                      0x2000001e   Data           2  usart_vofa.o(.data)
    motor_state                              0x20000024   Data           1  motor_control.o(.data)
    temp1                                    0x2000002c   Data           4  mt6816.o(.data)
    mt6816_spi                               0x20000030   Data           6  mt6816.o(.data)
    mt6816_t                                 0x20000036   Data           6  mt6816.o(.data)
    rtInfF                                   0x20000040   Data           4  foc_model.o(.data)
    rtMinusInfF                              0x20000044   Data           4  foc_model.o(.data)
    rtNaNF                                   0x20000048   Data           4  foc_model.o(.data)
    rtInf                                    0x20000050   Data           8  foc_model.o(.data)
    rtMinusInf                               0x20000058   Data           8  foc_model.o(.data)
    rtNaN                                    0x20000060   Data           8  foc_model.o(.data)
    CDC_Desc                                 0x20000068   Data          32  usbd_desc.o(.data)
    USBD_LangIDDesc                          0x20000088   Data           4  usbd_desc.o(.data)
    USBD_CDC_DeviceDesc                      0x2000008c   Data          18  usbd_desc.o(.data)
    USBD_StringSerial                        0x200000a0   Data          26  usbd_desc.o(.data)
    USBD_Interface_fops_FS                   0x200000bc   Data          20  usbd_cdc_if.o(.data)
    USBD_CDC                                 0x200001ac   Data          56  usbd_cdc.o(.data)
    __stdout                                 0x200001e4   Data           4  stdout.o(.data)
    hadc1                                    0x200001ec   Data         108  adc.o(.bss)
    hadc2                                    0x20000258   Data         108  adc.o(.bss)
    hspi1                                    0x200002c4   Data         100  spi.o(.bss)
    htim1                                    0x20000328   Data          76  tim.o(.bss)
    huart3                                   0x20000374   Data         148  usart.o(.bss)
    RxBuffer                                 0x20000408   Data         256  usart_vofa.o(.bss)
    send_buf                                 0x20000508   Data        1024  usart_vofa.o(.bss)
    mt6816                                   0x20000908   Data         568  mt6816.o(.bss)
    rtDW                                     0x20000b40   Data         120  foc_model.o(.bss)
    rtU                                      0x20000bb8   Data          36  foc_model.o(.bss)
    rtY                                      0x20000bdc   Data          24  foc_model.o(.bss)
    hpcd_USB_FS                              0x20000e20   Data         732  usbd_conf.o(.bss)
    hUsbDeviceFS                             0x200010fc   Data         720  usb_device.o(.bss)
    USBD_StrDesc                             0x200013cc   Data         512  usbd_desc.o(.bss)
    UserRxBufferFS                           0x200015cc   Data        2048  usbd_cdc_if.o(.bss)
    UserTxBufferFS                           0x20001dcc   Data        2048  usbd_cdc_if.o(.bss)
    __initial_sp                             0x200029d0   Data           0  startup_stm32g474xx.o(STACK)



==============================================================================

Memory Map of the image

  Image Entry point : 0x080001d9

  Load Region LR_IROM1 (Base: 0x08000000, Size: 0x0000a4d0, Max: 0x00020000, ABSOLUTE, COMPRESSED[0x0000a3b4])

    Execution Region ER_IROM1 (Exec base: 0x08000000, Load base: 0x08000000, Size: 0x0000a2e4, Max: 0x00020000, ABSOLUTE)

    Exec Addr    Load Addr    Size         Type   Attr      Idx    E Section Name        Object

    0x08000000   0x08000000   0x000001d8   Data   RO            3    RESET               startup_stm32g474xx.o
    0x080001d8   0x080001d8   0x00000000   Code   RO         6330  * .ARM.Collect$$$$00000000  mc_w.l(entry.o)
    0x080001d8   0x080001d8   0x00000004   Code   RO         6655    .ARM.Collect$$$$00000001  mc_w.l(entry2.o)
    0x080001dc   0x080001dc   0x00000004   Code   RO         6658    .ARM.Collect$$$$00000004  mc_w.l(entry5.o)
    0x080001e0   0x080001e0   0x00000000   Code   RO         6660    .ARM.Collect$$$$00000008  mc_w.l(entry7b.o)
    0x080001e0   0x080001e0   0x00000000   Code   RO         6662    .ARM.Collect$$$$0000000A  mc_w.l(entry8b.o)
    0x080001e0   0x080001e0   0x00000008   Code   RO         6663    .ARM.Collect$$$$0000000B  mc_w.l(entry9a.o)
    0x080001e8   0x080001e8   0x00000004   Code   RO         6670    .ARM.Collect$$$$0000000E  mc_w.l(entry12b.o)
    0x080001ec   0x080001ec   0x00000000   Code   RO         6665    .ARM.Collect$$$$0000000F  mc_w.l(entry10a.o)
    0x080001ec   0x080001ec   0x00000000   Code   RO         6667    .ARM.Collect$$$$00000011  mc_w.l(entry11a.o)
    0x080001ec   0x080001ec   0x00000004   Code   RO         6656    .ARM.Collect$$$$00002712  mc_w.l(entry2.o)
    0x080001f0   0x080001f0   0x00000024   Code   RO            4    .text               startup_stm32g474xx.o
    0x08000214   0x08000214   0x00000062   Code   RO         6333    .text               mc_w.l(uldiv.o)
    0x08000276   0x08000276   0x00000024   Code   RO         6335    .text               mc_w.l(memseta.o)
    0x0800029a   0x0800029a   0x0000014e   Code   RO         6598    .text               mf_w.l(dadd.o)
    0x080003e8   0x080003e8   0x000000e4   Code   RO         6600    .text               mf_w.l(dmul.o)
    0x080004cc   0x080004cc   0x000000de   Code   RO         6602    .text               mf_w.l(ddiv.o)
    0x080005aa   0x080005aa   0x00000026   Code   RO         6604    .text               mf_w.l(f2d.o)
    0x080005d0   0x080005d0   0x00000038   Code   RO         6606    .text               mf_w.l(d2f.o)
    0x08000608   0x08000608   0x0000002c   Code   RO         6672    .text               mc_w.l(uidiv.o)
    0x08000634   0x08000634   0x0000001e   Code   RO         6674    .text               mc_w.l(llshl.o)
    0x08000652   0x08000652   0x00000020   Code   RO         6676    .text               mc_w.l(llushr.o)
    0x08000672   0x08000672   0x00000024   Code   RO         6678    .text               mc_w.l(llsshr.o)
    0x08000696   0x08000696   0x00000000   Code   RO         6687    .text               mc_w.l(iusefp.o)
    0x08000696   0x08000696   0x0000006e   Code   RO         6688    .text               mf_w.l(fepilogue.o)
    0x08000704   0x08000704   0x00000052   Code   RO         6690    .text               mf_w.l(frem.o)
    0x08000756   0x08000756   0x000000ba   Code   RO         6692    .text               mf_w.l(depilogue.o)
    0x08000810   0x08000810   0x00000086   Code   RO         6696    .text               mf_w.l(drem.o)
    0x08000896   0x08000896   0x00000030   Code   RO         6698    .text               mf_w.l(dfixul.o)
    0x080008c6   0x080008c6   0x00000002   PAD
    0x080008c8   0x080008c8   0x00000030   Code   RO         6700    .text               mf_w.l(cdrcmple.o)
    0x080008f8   0x080008f8   0x00000024   Code   RO         6712    .text               mc_w.l(init.o)
    0x0800091c   0x0800091c   0x00000056   Code   RO         6728    .text               mc_w.l(__dczerorl2.o)
    0x08000972   0x08000972   0x00000002   PAD
    0x08000974   0x08000974   0x0000001c   Code   RO          463    i.ADC1_2_IRQHandler  stm32g4xx_it.o
    0x08000990   0x08000990   0x00000070   Code   RO         2675    i.ADC_Disable       stm32g4xx_hal_adc.o
    0x08000a00   0x08000a00   0x000000c4   Code   RO         2676    i.ADC_Enable        stm32g4xx_hal_adc.o
    0x08000ac4   0x08000ac4   0x00000002   Code   RO          464    i.BusFault_Handler  stm32g4xx_it.o
    0x08000ac6   0x08000ac6   0x00000004   Code   RO         5833    i.CDC_Control_FS    usbd_cdc_if.o
    0x08000aca   0x08000aca   0x00000004   Code   RO         5834    i.CDC_DeInit_FS     usbd_cdc_if.o
    0x08000ace   0x08000ace   0x00000002   PAD
    0x08000ad0   0x08000ad0   0x00000024   Code   RO         5835    i.CDC_Init_FS       usbd_cdc_if.o
    0x08000af4   0x08000af4   0x00000018   Code   RO         5836    i.CDC_Receive_FS    usbd_cdc_if.o
    0x08000b0c   0x08000b0c   0x00000004   Code   RO         5837    i.CDC_TransmitCplt_FS  usbd_cdc_if.o
    0x08000b10   0x08000b10   0x00000002   Code   RO          465    i.DebugMon_Handler  stm32g4xx_it.o
    0x08000b12   0x08000b12   0x00000022   Code   RO          466    i.EXTI9_5_IRQHandler  stm32g4xx_it.o
    0x08000b34   0x08000b34   0x00000004   Code   RO           13    i.Error_Handler     main.o
    0x08000b38   0x08000b38   0x0000002c   Code   RO         5375    i.FOC_Model_initialize  foc_model.o
    0x08000b64   0x08000b64   0x00000574   Code   RO         5376    i.FOC_Model_step    foc_model.o
    0x080010d8   0x080010d8   0x00000094   Code   RO         2909    i.HAL_ADCEx_Calibration_Start  stm32g4xx_hal_adc_ex.o
    0x0800116c   0x0800116c   0x00000002   Code   RO         2913    i.HAL_ADCEx_EndOfSamplingCallback  stm32g4xx_hal_adc_ex.o
    0x0800116e   0x0800116e   0x00000002   PAD
    0x08001170   0x08001170   0x00000560   Code   RO         2915    i.HAL_ADCEx_InjectedConfigChannel  stm32g4xx_hal_adc_ex.o
    0x080016d0   0x080016d0   0x00000124   Code   RO           14    i.HAL_ADCEx_InjectedConvCpltCallback  main.o
    0x080017f4   0x080017f4   0x00000002   Code   RO         2919    i.HAL_ADCEx_InjectedQueueOverflowCallback  stm32g4xx_hal_adc_ex.o
    0x080017f6   0x080017f6   0x00000002   PAD
    0x080017f8   0x080017f8   0x00000120   Code   RO         2920    i.HAL_ADCEx_InjectedStart  stm32g4xx_hal_adc_ex.o
    0x08001918   0x08001918   0x00000158   Code   RO         2921    i.HAL_ADCEx_InjectedStart_IT  stm32g4xx_hal_adc_ex.o
    0x08001a70   0x08001a70   0x00000002   Code   RO         2924    i.HAL_ADCEx_LevelOutOfWindow2Callback  stm32g4xx_hal_adc_ex.o
    0x08001a72   0x08001a72   0x00000002   Code   RO         2925    i.HAL_ADCEx_LevelOutOfWindow3Callback  stm32g4xx_hal_adc_ex.o
    0x08001a74   0x08001a74   0x00000160   Code   RO         2926    i.HAL_ADCEx_MultiModeConfigChannel  stm32g4xx_hal_adc_ex.o
    0x08001bd4   0x08001bd4   0x0000046c   Code   RO         2678    i.HAL_ADC_ConfigChannel  stm32g4xx_hal_adc.o
    0x08002040   0x08002040   0x00000002   Code   RO         2679    i.HAL_ADC_ConvCpltCallback  stm32g4xx_hal_adc.o
    0x08002042   0x08002042   0x00000002   Code   RO         2682    i.HAL_ADC_ErrorCallback  stm32g4xx_hal_adc.o
    0x08002044   0x08002044   0x000002b8   Code   RO         2686    i.HAL_ADC_IRQHandler  stm32g4xx_hal_adc.o
    0x080022fc   0x080022fc   0x00000230   Code   RO         2687    i.HAL_ADC_Init      stm32g4xx_hal_adc.o
    0x0800252c   0x0800252c   0x00000002   Code   RO         2688    i.HAL_ADC_LevelOutOfWindowCallback  stm32g4xx_hal_adc.o
    0x0800252e   0x0800252e   0x00000002   PAD
    0x08002530   0x08002530   0x00000130   Code   RO          283    i.HAL_ADC_MspInit   adc.o
    0x08002660   0x08002660   0x0000006a   Code   RO         2032    i.HAL_DMA_Abort     stm32g4xx_hal_dma.o
    0x080026ca   0x080026ca   0x00000078   Code   RO         2033    i.HAL_DMA_Abort_IT  stm32g4xx_hal_dma.o
    0x08002742   0x08002742   0x00000002   PAD
    0x08002744   0x08002744   0x00000024   Code   RO         5271    i.HAL_GPIO_EXTI_Callback  motor_control.o
    0x08002768   0x08002768   0x00000018   Code   RO         1893    i.HAL_GPIO_EXTI_IRQHandler  stm32g4xx_hal_gpio.o
    0x08002780   0x08002780   0x00000248   Code   RO         1894    i.HAL_GPIO_Init     stm32g4xx_hal_gpio.o
    0x080029c8   0x080029c8   0x0000000a   Code   RO         1898    i.HAL_GPIO_WritePin  stm32g4xx_hal_gpio.o
    0x080029d2   0x080029d2   0x00000002   PAD
    0x080029d4   0x080029d4   0x0000000c   Code   RO         1173    i.HAL_GetTick       stm32g4xx_hal.o
    0x080029e0   0x080029e0   0x00000010   Code   RO         1179    i.HAL_IncTick       stm32g4xx_hal.o
    0x080029f0   0x080029f0   0x0000001e   Code   RO         1180    i.HAL_Init          stm32g4xx_hal.o
    0x08002a0e   0x08002a0e   0x00000002   PAD
    0x08002a10   0x08002a10   0x00000044   Code   RO         1181    i.HAL_InitTick      stm32g4xx_hal.o
    0x08002a54   0x08002a54   0x00000030   Code   RO          575    i.HAL_MspInit       stm32g4xx_hal_msp.o
    0x08002a84   0x08002a84   0x0000001a   Code   RO         2541    i.HAL_NVIC_EnableIRQ  stm32g4xx_hal_cortex.o
    0x08002a9e   0x08002a9e   0x00000002   PAD
    0x08002aa0   0x08002aa0   0x00000040   Code   RO         2547    i.HAL_NVIC_SetPriority  stm32g4xx_hal_cortex.o
    0x08002ae0   0x08002ae0   0x00000024   Code   RO         2548    i.HAL_NVIC_SetPriorityGrouping  stm32g4xx_hal_cortex.o
    0x08002b04   0x08002b04   0x00000024   Code   RO          947    i.HAL_PCDEx_ActivateLPM  stm32g4xx_hal_pcd_ex.o
    0x08002b28   0x08002b28   0x00000044   Code   RO         5478    i.HAL_PCDEx_LPM_Callback  usbd_conf.o
    0x08002b6c   0x08002b6c   0x0000003c   Code   RO          953    i.HAL_PCDEx_PMAConfig  stm32g4xx_hal_pcd_ex.o
    0x08002ba8   0x08002ba8   0x00000012   Code   RO         5480    i.HAL_PCD_DataInStageCallback  usbd_conf.o
    0x08002bba   0x08002bba   0x00000014   Code   RO         5481    i.HAL_PCD_DataOutStageCallback  usbd_conf.o
    0x08002bce   0x08002bce   0x0000004a   Code   RO          609    i.HAL_PCD_EP_Close  stm32g4xx_hal_pcd.o
    0x08002c18   0x08002c18   0x0000005a   Code   RO          610    i.HAL_PCD_EP_ClrStall  stm32g4xx_hal_pcd.o
    0x08002c72   0x08002c72   0x000000dc   Code   RO          611    i.HAL_PCD_EP_DB_Receive  stm32g4xx_hal_pcd.o
    0x08002d4e   0x08002d4e   0x00000340   Code   RO          612    i.HAL_PCD_EP_DB_Transmit  stm32g4xx_hal_pcd.o
    0x0800308e   0x0800308e   0x00000012   Code   RO          614    i.HAL_PCD_EP_GetRxCount  stm32g4xx_hal_pcd.o
    0x080030a0   0x080030a0   0x00000058   Code   RO          615    i.HAL_PCD_EP_Open   stm32g4xx_hal_pcd.o
    0x080030f8   0x080030f8   0x0000002e   Code   RO          616    i.HAL_PCD_EP_Receive  stm32g4xx_hal_pcd.o
    0x08003126   0x08003126   0x0000005e   Code   RO          617    i.HAL_PCD_EP_SetStall  stm32g4xx_hal_pcd.o
    0x08003184   0x08003184   0x0000002e   Code   RO          618    i.HAL_PCD_EP_Transmit  stm32g4xx_hal_pcd.o
    0x080031b2   0x080031b2   0x0000014a   Code   RO          620    i.HAL_PCD_IRQHandler  stm32g4xx_hal_pcd.o
    0x080032fc   0x080032fc   0x0000009c   Code   RO          623    i.HAL_PCD_Init      stm32g4xx_hal_pcd.o
    0x08003398   0x08003398   0x00000058   Code   RO         5486    i.HAL_PCD_MspInit   usbd_conf.o
    0x080033f0   0x080033f0   0x00000026   Code   RO         5487    i.HAL_PCD_ResetCallback  usbd_conf.o
    0x08003416   0x08003416   0x00000002   PAD
    0x08003418   0x08003418   0x00000028   Code   RO         5488    i.HAL_PCD_ResumeCallback  usbd_conf.o
    0x08003440   0x08003440   0x00000008   Code   RO         5489    i.HAL_PCD_SOFCallback  usbd_conf.o
    0x08003448   0x08003448   0x00000026   Code   RO          629    i.HAL_PCD_SetAddress  stm32g4xx_hal_pcd.o
    0x0800346e   0x0800346e   0x0000000e   Code   RO         5490    i.HAL_PCD_SetupStageCallback  usbd_conf.o
    0x0800347c   0x0800347c   0x0000002a   Code   RO          631    i.HAL_PCD_Start     stm32g4xx_hal_pcd.o
    0x080034a6   0x080034a6   0x00000002   PAD
    0x080034a8   0x080034a8   0x00000024   Code   RO         5491    i.HAL_PCD_SuspendCallback  usbd_conf.o
    0x080034cc   0x080034cc   0x000000bc   Code   RO         2297    i.HAL_PWREx_ControlVoltageScaling  stm32g4xx_hal_pwr_ex.o
    0x08003588   0x08003588   0x00000010   Code   RO         2309    i.HAL_PWREx_DisableUCPDDeadBattery  stm32g4xx_hal_pwr_ex.o
    0x08003598   0x08003598   0x00000300   Code   RO         1540    i.HAL_RCCEx_PeriphCLKConfig  stm32g4xx_hal_rcc_ex.o
    0x08003898   0x08003898   0x000001dc   Code   RO         1415    i.HAL_RCC_ClockConfig  stm32g4xx_hal_rcc.o
    0x08003a74   0x08003a74   0x00000024   Code   RO         1423    i.HAL_RCC_GetPCLK1Freq  stm32g4xx_hal_rcc.o
    0x08003a98   0x08003a98   0x00000024   Code   RO         1424    i.HAL_RCC_GetPCLK2Freq  stm32g4xx_hal_rcc.o
    0x08003abc   0x08003abc   0x0000006c   Code   RO         1425    i.HAL_RCC_GetSysClockFreq  stm32g4xx_hal_rcc.o
    0x08003b28   0x08003b28   0x00000404   Code   RO         1428    i.HAL_RCC_OscConfig  stm32g4xx_hal_rcc.o
    0x08003f2c   0x08003f2c   0x000000ea   Code   RO         3129    i.HAL_SPI_Init      stm32g4xx_hal_spi.o
    0x08004016   0x08004016   0x00000002   PAD
    0x08004018   0x08004018   0x00000064   Code   RO          332    i.HAL_SPI_MspInit   spi.o
    0x0800407c   0x0800407c   0x0000026c   Code   RO         3138    i.HAL_SPI_TransmitReceive  stm32g4xx_hal_spi.o
    0x080042e8   0x080042e8   0x00000028   Code   RO         2552    i.HAL_SYSTICK_Config  stm32g4xx_hal_cortex.o
    0x08004310   0x08004310   0x00000002   Code   RO         4185    i.HAL_TIMEx_Break2Callback  stm32g4xx_hal_tim_ex.o
    0x08004312   0x08004312   0x00000002   Code   RO         4186    i.HAL_TIMEx_BreakCallback  stm32g4xx_hal_tim_ex.o
    0x08004314   0x08004314   0x00000002   Code   RO         4187    i.HAL_TIMEx_CommutCallback  stm32g4xx_hal_tim_ex.o
    0x08004316   0x08004316   0x00000002   PAD
    0x08004318   0x08004318   0x000000a8   Code   RO         4190    i.HAL_TIMEx_ConfigBreakDeadTime  stm32g4xx_hal_tim_ex.o
    0x080043c0   0x080043c0   0x00000002   Code   RO         4198    i.HAL_TIMEx_DirectionChangeCallback  stm32g4xx_hal_tim_ex.o
    0x080043c2   0x080043c2   0x00000002   Code   RO         4212    i.HAL_TIMEx_EncoderIndexCallback  stm32g4xx_hal_tim_ex.o
    0x080043c4   0x080043c4   0x00000002   Code   RO         4226    i.HAL_TIMEx_IndexErrorCallback  stm32g4xx_hal_tim_ex.o
    0x080043c6   0x080043c6   0x00000002   PAD
    0x080043c8   0x080043c8   0x000000b8   Code   RO         4227    i.HAL_TIMEx_MasterConfigSynchronization  stm32g4xx_hal_tim_ex.o
    0x08004480   0x08004480   0x000000cc   Code   RO         4239    i.HAL_TIMEx_PWMN_Start  stm32g4xx_hal_tim_ex.o
    0x0800454c   0x0800454c   0x00000068   Code   RO         4242    i.HAL_TIMEx_PWMN_Stop  stm32g4xx_hal_tim_ex.o
    0x080045b4   0x080045b4   0x00000002   Code   RO         4248    i.HAL_TIMEx_TransitionErrorCallback  stm32g4xx_hal_tim_ex.o
    0x080045b6   0x080045b6   0x00000062   Code   RO         3471    i.HAL_TIM_Base_Init  stm32g4xx_hal_tim.o
    0x08004618   0x08004618   0x0000004c   Code   RO          374    i.HAL_TIM_Base_MspInit  tim.o
    0x08004664   0x08004664   0x00000080   Code   RO         3474    i.HAL_TIM_Base_Start  stm32g4xx_hal_tim.o
    0x080046e4   0x080046e4   0x000000f0   Code   RO         3480    i.HAL_TIM_ConfigClockSource  stm32g4xx_hal_tim.o
    0x080047d4   0x080047d4   0x00000002   Code   RO         3505    i.HAL_TIM_IC_CaptureCallback  stm32g4xx_hal_tim.o
    0x080047d6   0x080047d6   0x000001a2   Code   RO         3519    i.HAL_TIM_IRQHandler  stm32g4xx_hal_tim.o
    0x08004978   0x08004978   0x00000094   Code   RO          375    i.HAL_TIM_MspPostInit  tim.o
    0x08004a0c   0x08004a0c   0x00000002   Code   RO         3522    i.HAL_TIM_OC_DelayElapsedCallback  stm32g4xx_hal_tim.o
    0x08004a0e   0x08004a0e   0x00000124   Code   RO         3543    i.HAL_TIM_PWM_ConfigChannel  stm32g4xx_hal_tim.o
    0x08004b32   0x08004b32   0x00000062   Code   RO         3546    i.HAL_TIM_PWM_Init  stm32g4xx_hal_tim.o
    0x08004b94   0x08004b94   0x00000002   Code   RO         3548    i.HAL_TIM_PWM_MspInit  stm32g4xx_hal_tim.o
    0x08004b96   0x08004b96   0x00000002   Code   RO         3549    i.HAL_TIM_PWM_PulseFinishedCallback  stm32g4xx_hal_tim.o
    0x08004b98   0x08004b98   0x00000114   Code   RO         3551    i.HAL_TIM_PWM_Start  stm32g4xx_hal_tim.o
    0x08004cac   0x08004cac   0x000000b8   Code   RO         3554    i.HAL_TIM_PWM_Stop  stm32g4xx_hal_tim.o
    0x08004d64   0x08004d64   0x00000002   Code   RO         3557    i.HAL_TIM_PeriodElapsedCallback  stm32g4xx_hal_tim.o
    0x08004d66   0x08004d66   0x00000002   Code   RO         3562    i.HAL_TIM_TriggerCallback  stm32g4xx_hal_tim.o
    0x08004d68   0x08004d68   0x0000003e   Code   RO         5034    i.HAL_UARTEx_DisableFifoMode  stm32g4xx_hal_uart_ex.o
    0x08004da6   0x08004da6   0x00000002   Code   RO         4623    i.HAL_UARTEx_RxEventCallback  stm32g4xx_hal_uart.o
    0x08004da8   0x08004da8   0x00000002   Code   RO         5042    i.HAL_UARTEx_RxFifoFullCallback  stm32g4xx_hal_uart_ex.o
    0x08004daa   0x08004daa   0x0000004c   Code   RO         5043    i.HAL_UARTEx_SetRxFifoThreshold  stm32g4xx_hal_uart_ex.o
    0x08004df6   0x08004df6   0x0000004c   Code   RO         5044    i.HAL_UARTEx_SetTxFifoThreshold  stm32g4xx_hal_uart_ex.o
    0x08004e42   0x08004e42   0x00000002   Code   RO         5046    i.HAL_UARTEx_TxFifoEmptyCallback  stm32g4xx_hal_uart_ex.o
    0x08004e44   0x08004e44   0x00000002   Code   RO         5047    i.HAL_UARTEx_WakeupCallback  stm32g4xx_hal_uart_ex.o
    0x08004e46   0x08004e46   0x00000002   Code   RO         4639    i.HAL_UART_ErrorCallback  stm32g4xx_hal_uart.o
    0x08004e48   0x08004e48   0x0000030c   Code   RO         4642    i.HAL_UART_IRQHandler  stm32g4xx_hal_uart.o
    0x08005154   0x08005154   0x0000006a   Code   RO         4643    i.HAL_UART_Init     stm32g4xx_hal_uart.o
    0x080051be   0x080051be   0x00000002   PAD
    0x080051c0   0x080051c0   0x00000090   Code   RO          422    i.HAL_UART_MspInit  usart.o
    0x08005250   0x08005250   0x00000048   Code   RO         4648    i.HAL_UART_Receive_IT  stm32g4xx_hal_uart.o
    0x08005298   0x08005298   0x00000080   Code   RO         5190    i.HAL_UART_RxCpltCallback  usart_vofa.o
    0x08005318   0x08005318   0x000000ae   Code   RO         4652    i.HAL_UART_Transmit  stm32g4xx_hal_uart.o
    0x080053c6   0x080053c6   0x00000002   Code   RO         4655    i.HAL_UART_TxCpltCallback  stm32g4xx_hal_uart.o
    0x080053c8   0x080053c8   0x00000002   Code   RO          467    i.HardFault_Handler  stm32g4xx_it.o
    0x080053ca   0x080053ca   0x00000002   PAD
    0x080053cc   0x080053cc   0x00000038   Code   RO         5747    i.IntToUnicode      usbd_desc.o
    0x08005404   0x08005404   0x0000000c   Code   RO         2701    i.LL_ADC_GetOffsetChannel  stm32g4xx_hal_adc.o
    0x08005410   0x08005410   0x0000000c   Code   RO         2934    i.LL_ADC_GetOffsetChannel  stm32g4xx_hal_adc_ex.o
    0x0800541c   0x0800541c   0x00000008   Code   RO         2702    i.LL_ADC_INJ_IsConversionOngoing  stm32g4xx_hal_adc.o
    0x08005424   0x08005424   0x00000008   Code   RO         2935    i.LL_ADC_INJ_IsConversionOngoing  stm32g4xx_hal_adc_ex.o
    0x0800542c   0x0800542c   0x00000008   Code   RO         2703    i.LL_ADC_REG_IsConversionOngoing  stm32g4xx_hal_adc.o
    0x08005434   0x08005434   0x00000008   Code   RO         2936    i.LL_ADC_REG_IsConversionOngoing  stm32g4xx_hal_adc_ex.o
    0x0800543c   0x0800543c   0x00000010   Code   RO         2704    i.LL_ADC_REG_IsTriggerSourceSWStart  stm32g4xx_hal_adc.o
    0x0800544c   0x0800544c   0x0000001e   Code   RO         2706    i.LL_ADC_SetChannelSamplingTime  stm32g4xx_hal_adc.o
    0x0800546a   0x0800546a   0x0000001e   Code   RO         2937    i.LL_ADC_SetChannelSamplingTime  stm32g4xx_hal_adc_ex.o
    0x08005488   0x08005488   0x00000010   Code   RO         2707    i.LL_ADC_SetOffsetState  stm32g4xx_hal_adc.o
    0x08005498   0x08005498   0x00000010   Code   RO         2938    i.LL_ADC_SetOffsetState  stm32g4xx_hal_adc_ex.o
    0x080054a8   0x080054a8   0x000000f0   Code   RO          284    i.MX_ADC1_Init      adc.o
    0x08005598   0x08005598   0x000000e0   Code   RO          285    i.MX_ADC2_Init      adc.o
    0x08005678   0x08005678   0x000000d0   Code   RO          258    i.MX_GPIO_Init      gpio.o
    0x08005748   0x08005748   0x00000050   Code   RO          333    i.MX_SPI1_Init      spi.o
    0x08005798   0x08005798   0x00000114   Code   RO          376    i.MX_TIM1_Init      tim.o
    0x080058ac   0x080058ac   0x00000068   Code   RO          423    i.MX_USART3_UART_Init  usart.o
    0x08005914   0x08005914   0x00000054   Code   RO         5709    i.MX_USB_Device_Init  usb_device.o
    0x08005968   0x08005968   0x00000002   Code   RO          468    i.MemManage_Handler  stm32g4xx_it.o
    0x0800596a   0x0800596a   0x00000002   PAD
    0x0800596c   0x0800596c   0x0000003c   Code   RO         5272    i.Motor_start       motor_control.o
    0x080059a8   0x080059a8   0x0000003c   Code   RO         5273    i.Motor_stop        motor_control.o
    0x080059e4   0x080059e4   0x00000002   Code   RO          469    i.NMI_Handler       stm32g4xx_it.o
    0x080059e6   0x080059e6   0x00000396   Code   RO          634    i.PCD_EP_ISR_Handler  stm32g4xx_hal_pcd.o
    0x08005d7c   0x08005d7c   0x00000134   Code   RO         5377    i.Park_Trans        foc_model.o
    0x08005eb0   0x08005eb0   0x00000002   Code   RO          470    i.PendSV_Handler    stm32g4xx_it.o
    0x08005eb2   0x08005eb2   0x00000002   PAD
    0x08005eb4   0x08005eb4   0x00000020   Code   RO         5313    i.REIN_MT6816_Get_AngleData  mt6816.o
    0x08005ed4   0x08005ed4   0x000000d4   Code   RO         5315    i.RINE_MT6816_SPI_Get_AngleData  mt6816.o
    0x08005fa8   0x08005fa8   0x00000048   Code   RO         3167    i.SPI_EndRxTxTransaction  stm32g4xx_hal_spi.o
    0x08005ff0   0x08005ff0   0x000000e0   Code   RO         3172    i.SPI_WaitFifoStateUntilTimeout  stm32g4xx_hal_spi.o
    0x080060d0   0x080060d0   0x000000b8   Code   RO         3173    i.SPI_WaitFlagStateUntilTimeout  stm32g4xx_hal_spi.o
    0x08006188   0x08006188   0x00000002   Code   RO          471    i.SVC_Handler       stm32g4xx_it.o
    0x0800618a   0x0800618a   0x0000000a   Code   RO         6028    i.SWAPBYTE          usbd_ctlreq.o
    0x08006194   0x08006194   0x00000004   Code   RO          472    i.SysTick_Handler   stm32g4xx_it.o
    0x08006198   0x08006198   0x0000006a   Code   RO           15    i.SystemClock_Config  main.o
    0x08006202   0x08006202   0x00000002   PAD
    0x08006204   0x08006204   0x00000010   Code   RO         5153    i.SystemInit        system_stm32g4xx.o
    0x08006214   0x08006214   0x0000000c   Code   RO          473    i.TIM1_BRK_TIM15_IRQHandler  stm32g4xx_it.o
    0x08006220   0x08006220   0x0000000c   Code   RO          474    i.TIM1_UP_TIM16_IRQHandler  stm32g4xx_it.o
    0x0800622c   0x0800622c   0x000000e4   Code   RO         3564    i.TIM_Base_SetConfig  stm32g4xx_hal_tim.o
    0x08006310   0x08006310   0x0000001a   Code   RO         3565    i.TIM_CCxChannelCmd  stm32g4xx_hal_tim.o
    0x0800632a   0x0800632a   0x0000001a   Code   RO         4251    i.TIM_CCxNChannelCmd  stm32g4xx_hal_tim_ex.o
    0x08006344   0x08006344   0x00000014   Code   RO         3575    i.TIM_ETR_SetConfig  stm32g4xx_hal_tim.o
    0x08006358   0x08006358   0x00000014   Code   RO         3576    i.TIM_ITRx_SetConfig  stm32g4xx_hal_tim.o
    0x0800636c   0x0800636c   0x000000ac   Code   RO         3577    i.TIM_OC1_SetConfig  stm32g4xx_hal_tim.o
    0x08006418   0x08006418   0x000000a0   Code   RO         3578    i.TIM_OC2_SetConfig  stm32g4xx_hal_tim.o
    0x080064b8   0x080064b8   0x000000a0   Code   RO         3579    i.TIM_OC3_SetConfig  stm32g4xx_hal_tim.o
    0x08006558   0x08006558   0x000000a0   Code   RO         3580    i.TIM_OC4_SetConfig  stm32g4xx_hal_tim.o
    0x080065f8   0x080065f8   0x00000078   Code   RO         3581    i.TIM_OC5_SetConfig  stm32g4xx_hal_tim.o
    0x08006670   0x08006670   0x0000007c   Code   RO         3582    i.TIM_OC6_SetConfig  stm32g4xx_hal_tim.o
    0x080066ec   0x080066ec   0x00000022   Code   RO         3584    i.TIM_TI1_ConfigInputStage  stm32g4xx_hal_tim.o
    0x0800670e   0x0800670e   0x00000024   Code   RO         3586    i.TIM_TI2_ConfigInputStage  stm32g4xx_hal_tim.o
    0x08006732   0x08006732   0x00000002   PAD
    0x08006734   0x08006734   0x00000044   Code   RO         5048    i.UARTEx_SetNbDataToProcess  stm32g4xx_hal_uart_ex.o
    0x08006778   0x08006778   0x000000c8   Code   RO         4657    i.UART_AdvFeatureConfig  stm32g4xx_hal_uart.o
    0x08006840   0x08006840   0x000000ac   Code   RO         4658    i.UART_CheckIdleState  stm32g4xx_hal_uart.o
    0x080068ec   0x080068ec   0x00000014   Code   RO         4659    i.UART_DMAAbortOnError  stm32g4xx_hal_uart.o
    0x08006900   0x08006900   0x00000054   Code   RO         4669    i.UART_EndRxTransfer  stm32g4xx_hal_uart.o
    0x08006954   0x08006954   0x000000c8   Code   RO         4671    i.UART_RxISR_16BIT  stm32g4xx_hal_uart.o
    0x08006a1c   0x08006a1c   0x000001a0   Code   RO         4672    i.UART_RxISR_16BIT_FIFOEN  stm32g4xx_hal_uart.o
    0x08006bbc   0x08006bbc   0x000000c8   Code   RO         4673    i.UART_RxISR_8BIT   stm32g4xx_hal_uart.o
    0x08006c84   0x08006c84   0x000001a0   Code   RO         4674    i.UART_RxISR_8BIT_FIFOEN  stm32g4xx_hal_uart.o
    0x08006e24   0x08006e24   0x00000298   Code   RO         4675    i.UART_SetConfig    stm32g4xx_hal_uart.o
    0x080070bc   0x080070bc   0x00000110   Code   RO         4677    i.UART_Start_Receive_IT  stm32g4xx_hal_uart.o
    0x080071cc   0x080071cc   0x00000094   Code   RO         4682    i.UART_WaitOnFlagUntilTimeout  stm32g4xx_hal_uart.o
    0x08007260   0x08007260   0x0000000c   Code   RO          475    i.USART3_IRQHandler  stm32g4xx_it.o
    0x0800726c   0x0800726c   0x00000020   Code   RO         5748    i.USBD_CDC_ConfigStrDescriptor  usbd_desc.o
    0x0800728c   0x0800728c   0x0000005e   Code   RO         6161    i.USBD_CDC_DataIn   usbd_cdc.o
    0x080072ea   0x080072ea   0x0000002a   Code   RO         6162    i.USBD_CDC_DataOut  usbd_cdc.o
    0x08007314   0x08007314   0x00000048   Code   RO         6163    i.USBD_CDC_DeInit   usbd_cdc.o
    0x0800735c   0x0800735c   0x0000000c   Code   RO         5749    i.USBD_CDC_DeviceDescriptor  usbd_desc.o
    0x08007368   0x08007368   0x0000002e   Code   RO         6164    i.USBD_CDC_EP0_RxReady  usbd_cdc.o
    0x08007396   0x08007396   0x00000002   PAD
    0x08007398   0x08007398   0x0000000c   Code   RO         6165    i.USBD_CDC_GetDeviceQualifierDescriptor  usbd_cdc.o
    0x080073a4   0x080073a4   0x0000000c   Code   RO         6166    i.USBD_CDC_GetFSCfgDesc  usbd_cdc.o
    0x080073b0   0x080073b0   0x0000000c   Code   RO         6167    i.USBD_CDC_GetHSCfgDesc  usbd_cdc.o
    0x080073bc   0x080073bc   0x0000000c   Code   RO         6168    i.USBD_CDC_GetOtherSpeedCfgDesc  usbd_cdc.o
    0x080073c8   0x080073c8   0x000000a2   Code   RO         6169    i.USBD_CDC_Init     usbd_cdc.o
    0x0800746a   0x0800746a   0x00000002   PAD
    0x0800746c   0x0800746c   0x00000024   Code   RO         5750    i.USBD_CDC_InterfaceStrDescriptor  usbd_desc.o
    0x08007490   0x08007490   0x0000000c   Code   RO         5751    i.USBD_CDC_LangIDStrDescriptor  usbd_desc.o
    0x0800749c   0x0800749c   0x00000028   Code   RO         5752    i.USBD_CDC_ManufacturerStrDescriptor  usbd_desc.o
    0x080074c4   0x080074c4   0x0000002c   Code   RO         5753    i.USBD_CDC_ProductStrDescriptor  usbd_desc.o
    0x080074f0   0x080074f0   0x00000028   Code   RO         6170    i.USBD_CDC_ReceivePacket  usbd_cdc.o
    0x08007518   0x08007518   0x0000000e   Code   RO         6171    i.USBD_CDC_RegisterInterface  usbd_cdc.o
    0x08007526   0x08007526   0x00000002   PAD
    0x08007528   0x08007528   0x00000038   Code   RO         5754    i.USBD_CDC_SerialStrDescriptor  usbd_desc.o
    0x08007560   0x08007560   0x00000012   Code   RO         6172    i.USBD_CDC_SetRxBuffer  usbd_cdc.o
    0x08007572   0x08007572   0x00000016   Code   RO         6173    i.USBD_CDC_SetTxBuffer  usbd_cdc.o
    0x08007588   0x08007588   0x000000be   Code   RO         6174    i.USBD_CDC_Setup    usbd_cdc.o
    0x08007646   0x08007646   0x00000010   Code   RO         5890    i.USBD_ClrClassConfig  usbd_core.o
    0x08007656   0x08007656   0x00000010   Code   RO         6101    i.USBD_CtlContinueRx  usbd_ioreq.o
    0x08007666   0x08007666   0x00000010   Code   RO         6102    i.USBD_CtlContinueSendData  usbd_ioreq.o
    0x08007676   0x08007676   0x00000016   Code   RO         6029    i.USBD_CtlError     usbd_ctlreq.o
    0x0800768c   0x0800768c   0x0000001e   Code   RO         6103    i.USBD_CtlPrepareRx  usbd_ioreq.o
    0x080076aa   0x080076aa   0x00000016   Code   RO         6104    i.USBD_CtlReceiveStatus  usbd_ioreq.o
    0x080076c0   0x080076c0   0x0000001a   Code   RO         6105    i.USBD_CtlSendData  usbd_ioreq.o
    0x080076da   0x080076da   0x00000016   Code   RO         6106    i.USBD_CtlSendStatus  usbd_ioreq.o
    0x080076f0   0x080076f0   0x000000fa   Code   RO         6030    i.USBD_GetDescriptor  usbd_ctlreq.o
    0x080077ea   0x080077ea   0x00000048   Code   RO         6031    i.USBD_GetString    usbd_ctlreq.o
    0x08007832   0x08007832   0x00000018   Code   RO         5492    i.USBD_Get_USB_Status  usbd_conf.o
    0x0800784a   0x0800784a   0x00000026   Code   RO         5892    i.USBD_Init         usbd_core.o
    0x08007870   0x08007870   0x00000012   Code   RO         5493    i.USBD_LL_ClearStallEP  usbd_conf.o
    0x08007882   0x08007882   0x00000012   Code   RO         5494    i.USBD_LL_CloseEP   usbd_conf.o
    0x08007894   0x08007894   0x000000a8   Code   RO         5893    i.USBD_LL_DataInStage  usbd_core.o
    0x0800793c   0x0800793c   0x0000006c   Code   RO         5894    i.USBD_LL_DataOutStage  usbd_core.o
    0x080079a8   0x080079a8   0x00000008   Code   RO         5498    i.USBD_LL_GetRxDataSize  usbd_conf.o
    0x080079b0   0x080079b0   0x00000084   Code   RO         5499    i.USBD_LL_Init      usbd_conf.o
    0x08007a34   0x08007a34   0x0000001e   Code   RO         5500    i.USBD_LL_IsStallEP  usbd_conf.o
    0x08007a52   0x08007a52   0x00000018   Code   RO         5501    i.USBD_LL_OpenEP    usbd_conf.o
    0x08007a6a   0x08007a6a   0x00000012   Code   RO         5502    i.USBD_LL_PrepareReceive  usbd_conf.o
    0x08007a7c   0x08007a7c   0x0000005a   Code   RO         5899    i.USBD_LL_Reset     usbd_core.o
    0x08007ad6   0x08007ad6   0x00000014   Code   RO         5900    i.USBD_LL_Resume    usbd_core.o
    0x08007aea   0x08007aea   0x00000020   Code   RO         5901    i.USBD_LL_SOF       usbd_core.o
    0x08007b0a   0x08007b0a   0x00000006   Code   RO         5902    i.USBD_LL_SetSpeed  usbd_core.o
    0x08007b10   0x08007b10   0x00000012   Code   RO         5503    i.USBD_LL_SetUSBAddress  usbd_conf.o
    0x08007b22   0x08007b22   0x00000060   Code   RO         5903    i.USBD_LL_SetupStage  usbd_core.o
    0x08007b82   0x08007b82   0x00000012   Code   RO         5504    i.USBD_LL_StallEP   usbd_conf.o
    0x08007b94   0x08007b94   0x00000012   Code   RO         5505    i.USBD_LL_Start     usbd_conf.o
    0x08007ba6   0x08007ba6   0x00000012   Code   RO         5904    i.USBD_LL_Suspend   usbd_core.o
    0x08007bb8   0x08007bb8   0x00000012   Code   RO         5507    i.USBD_LL_Transmit  usbd_conf.o
    0x08007bca   0x08007bca   0x0000002c   Code   RO         6032    i.USBD_ParseSetupRequest  usbd_ctlreq.o
    0x08007bf6   0x08007bf6   0x00000024   Code   RO         5905    i.USBD_RegisterClass  usbd_core.o
    0x08007c1a   0x08007c1a   0x00000014   Code   RO         5907    i.USBD_SetClassConfig  usbd_core.o
    0x08007c2e   0x08007c2e   0x00000002   PAD
    0x08007c30   0x08007c30   0x000000bc   Code   RO         6033    i.USBD_SetConfig    usbd_ctlreq.o
    0x08007cec   0x08007cec   0x00000004   Code   RO         5908    i.USBD_Start        usbd_core.o
    0x08007cf0   0x08007cf0   0x00000114   Code   RO         6034    i.USBD_StdDevReq    usbd_ctlreq.o
    0x08007e04   0x08007e04   0x00000140   Code   RO         6035    i.USBD_StdEPReq     usbd_ctlreq.o
    0x08007f44   0x08007f44   0x00000052   Code   RO         6036    i.USBD_StdItfReq    usbd_ctlreq.o
    0x08007f96   0x08007f96   0x00000002   Code   RO         5508    i.USBD_static_free  usbd_conf.o
    0x08007f98   0x08007f98   0x00000008   Code   RO         5509    i.USBD_static_malloc  usbd_conf.o
    0x08007fa0   0x08007fa0   0x0000029c   Code   RO         1012    i.USB_ActivateEndpoint  stm32g4xx_ll_usb.o
    0x0800823c   0x0800823c   0x0000010e   Code   RO         1016    i.USB_DeactivateEndpoint  stm32g4xx_ll_usb.o
    0x0800834a   0x0800834a   0x0000000e   Code   RO         1017    i.USB_DevConnect    stm32g4xx_ll_usb.o
    0x08008358   0x08008358   0x00000012   Code   RO         1019    i.USB_DevInit       stm32g4xx_ll_usb.o
    0x0800836a   0x0800836a   0x00000010   Code   RO         1020    i.USB_DisableGlobalInt  stm32g4xx_ll_usb.o
    0x0800837a   0x0800837a   0x00000078   Code   RO         1021    i.USB_EPClearStall  stm32g4xx_ll_usb.o
    0x080083f2   0x080083f2   0x00000032   Code   RO         1022    i.USB_EPSetStall    stm32g4xx_ll_usb.o
    0x08008424   0x08008424   0x000004e2   Code   RO         1023    i.USB_EPStartXfer   stm32g4xx_ll_usb.o
    0x08008906   0x08008906   0x00000012   Code   RO         1025    i.USB_EnableGlobalInt  stm32g4xx_ll_usb.o
    0x08008918   0x08008918   0x0000000c   Code   RO          476    i.USB_LP_IRQHandler  stm32g4xx_it.o
    0x08008924   0x08008924   0x00000006   Code   RO         1028    i.USB_ReadInterrupts  stm32g4xx_ll_usb.o
    0x0800892a   0x0800892a   0x00000028   Code   RO         1029    i.USB_ReadPMA       stm32g4xx_ll_usb.o
    0x08008952   0x08008952   0x0000000c   Code   RO         1031    i.USB_SetDevAddress  stm32g4xx_ll_usb.o
    0x0800895e   0x0800895e   0x00000002   PAD
    0x08008960   0x08008960   0x00000026   Code   RO         1033    i.USB_WritePMA      stm32g4xx_ll_usb.o
    0x08008986   0x08008986   0x00000002   Code   RO          477    i.UsageFault_Handler  stm32g4xx_it.o
    0x08008988   0x08008988   0x00000020   Code   RO         6570    i.__0printf         mc_w.l(printfa.o)
    0x080089a8   0x080089a8   0x00000026   Code   RO         6625    i.__ARM_fpclassifyf  m_wm.l(fpclassifyf.o)
    0x080089ce   0x080089ce   0x00000020   Code   RO         2554    i.__NVIC_SetPriority  stm32g4xx_hal_cortex.o
    0x080089ee   0x080089ee   0x00000002   PAD
    0x080089f0   0x080089f0   0x00000150   Code   RO         6264    i.__hardfp_cosf     m_wm.l(cosf.o)
    0x08008b40   0x08008b40   0x00000070   Code   RO         6276    i.__hardfp_floorf   m_wm.l(floorf.o)
    0x08008bb0   0x08008bb0   0x00000104   Code   RO         6282    i.__hardfp_fmod     m_wm.l(fmod.o)
    0x08008cb4   0x08008cb4   0x000000b0   Code   RO         6294    i.__hardfp_fmodf    m_wm.l(fmodf.o)
    0x08008d64   0x08008d64   0x00000190   Code   RO         6318    i.__hardfp_sinf     m_wm.l(sinf.o)
    0x08008ef4   0x08008ef4   0x00000004   PAD
    0x08008ef8   0x08008ef8   0x00000020   Code   RO         6614    i.__mathlib_dbl_invalid  m_wm.l(dunder.o)
    0x08008f18   0x08008f18   0x00000006   Code   RO         6628    i.__mathlib_flt_infnan  m_wm.l(funder.o)
    0x08008f1e   0x08008f1e   0x00000002   PAD
    0x08008f20   0x08008f20   0x00000010   Code   RO         6630    i.__mathlib_flt_invalid  m_wm.l(funder.o)
    0x08008f30   0x08008f30   0x00000010   Code   RO         6633    i.__mathlib_flt_underflow  m_wm.l(funder.o)
    0x08008f40   0x08008f40   0x00000154   Code   RO         6646    i.__mathlib_rredf2  m_wm.l(rredf.o)
    0x08009094   0x08009094   0x0000000e   Code   RO         6722    i.__scatterload_copy  mc_w.l(handlers.o)
    0x080090a2   0x080090a2   0x00000002   Code   RO         6723    i.__scatterload_null  mc_w.l(handlers.o)
    0x080090a4   0x080090a4   0x0000000e   Code   RO         6724    i.__scatterload_zeroinit  mc_w.l(handlers.o)
    0x080090b2   0x080090b2   0x00000002   PAD
    0x080090b4   0x080090b4   0x0000000c   Code   RO         6682    i.__set_errno       mc_w.l(errno.o)
    0x080090c0   0x080090c0   0x00000184   Code   RO         6577    i._fp_digits        mc_w.l(printfa.o)
    0x08009244   0x08009244   0x000006b4   Code   RO         6578    i._printf_core      mc_w.l(printfa.o)
    0x080098f8   0x080098f8   0x00000024   Code   RO         6579    i._printf_post_padding  mc_w.l(printfa.o)
    0x0800991c   0x0800991c   0x0000002e   Code   RO         6580    i._printf_pre_padding  mc_w.l(printfa.o)
    0x0800994a   0x0800994a   0x00000002   PAD
    0x0800994c   0x0800994c   0x00000350   Code   RO         5378    i.fourth_SMO        foc_model.o
    0x08009c9c   0x08009c9c   0x00000018   Code   RO         5191    i.fputc             usart_vofa.o
    0x08009cb4   0x08009cb4   0x0000001a   Code   RO         5379    i.intrp1d_fu32fl    foc_model.o
    0x08009cce   0x08009cce   0x00000002   PAD
    0x08009cd0   0x08009cd0   0x00000128   Code   RO           16    i.main              main.o
    0x08009df8   0x08009df8   0x00000044   Code   RO           17    i.normalize_angle   main.o
    0x08009e3c   0x08009e3c   0x00000048   Code   RO         5380    i.plook_u32ff_evencg  foc_model.o
    0x08009e84   0x08009e84   0x0000000c   Code   RO         5381    i.rtGetNaNF         foc_model.o
    0x08009e90   0x08009e90   0x0000002c   Code   RO         5382    i.rtIsInfF          foc_model.o
    0x08009ebc   0x08009ebc   0x00000018   Code   RO         5383    i.rtIsNaNF          foc_model.o
    0x08009ed4   0x08009ed4   0x00000054   Code   RO         5384    i.rt_InitInfAndNaN  foc_model.o
    0x08009f28   0x08009f28   0x00000134   Code   RO         5385    i.rt_modf_snf       foc_model.o
    0x0800a05c   0x0800a05c   0x000001c4   Code   RO         5386    i.speed_loop        foc_model.o
    0x0800a220   0x0800a220   0x00000018   Data   RO         4683    .constdata          stm32g4xx_hal_uart.o
    0x0800a238   0x0800a238   0x00000010   Data   RO         5049    .constdata          stm32g4xx_hal_uart_ex.o
    0x0800a248   0x0800a248   0x00000010   Data   RO         5154    .constdata          system_stm32g4xx.o
    0x0800a258   0x0800a258   0x00000008   Data   RO         5155    .constdata          system_stm32g4xx.o
    0x0800a260   0x0800a260   0x00000044   Data   RO         5389    .constdata          foc_model.o
    0x0800a2a4   0x0800a2a4   0x00000020   Data   RO         6647    .constdata          m_wm.l(rredf.o)
    0x0800a2c4   0x0800a2c4   0x00000020   Data   RO         6720    Region$$Table       anon$$obj.o


    Execution Region RW_IRAM1 (Exec base: 0x20000000, Load base: 0x0800a2e4, Size: 0x000029d0, Max: 0x00020000, ABSOLUTE, COMPRESSED[0x000000d0])

    Exec Addr    Load Addr    Size         Type   Attr      Idx    E Section Name        Object

    0x20000000   COMPRESSED   0x00000008   Data   RW           18    .data               main.o
    0x20000008   COMPRESSED   0x00000004   Data   RW          287    .data               adc.o
    0x2000000c   COMPRESSED   0x0000000c   Data   RW         1200    .data               stm32g4xx_hal.o
    0x20000018   COMPRESSED   0x00000004   Data   RW         5156    .data               system_stm32g4xx.o
    0x2000001c   COMPRESSED   0x00000008   Data   RW         5198    .data               usart_vofa.o
    0x20000024   COMPRESSED   0x00000001   Data   RW         5274    .data               motor_control.o
    0x20000025   COMPRESSED   0x00000003   PAD
    0x20000028   COMPRESSED   0x00000014   Data   RW         5318    .data               mt6816.o
    0x2000003c   COMPRESSED   0x00000004   PAD
    0x20000040   COMPRESSED   0x00000028   Data   RW         5390    .data               foc_model.o
    0x20000068   COMPRESSED   0x00000020   Data   RW         5756    .data               usbd_desc.o
    0x20000088   COMPRESSED   0x00000032   Data   RW         5757    .data               usbd_desc.o
    0x200000ba   COMPRESSED   0x00000002   PAD
    0x200000bc   COMPRESSED   0x00000014   Data   RW         5840    .data               usbd_cdc_if.o
    0x200000d0   COMPRESSED   0x00000001   Data   RW         6037    .data               usbd_ctlreq.o
    0x200000d1   COMPRESSED   0x00000003   PAD
    0x200000d4   COMPRESSED   0x000000d7   Data   RW         6176    .data               usbd_cdc.o
    0x200001ab   COMPRESSED   0x00000001   PAD
    0x200001ac   COMPRESSED   0x00000038   Data   RW         6177    .data               usbd_cdc.o
    0x200001e4   COMPRESSED   0x00000004   Data   RW         6671    .data               mc_w.l(stdout.o)
    0x200001e8   COMPRESSED   0x00000004   Data   RW         6683    .data               mc_w.l(errno.o)
    0x200001ec        -       0x000000d8   Zero   RW          286    .bss                adc.o
    0x200002c4        -       0x00000064   Zero   RW          334    .bss                spi.o
    0x20000328        -       0x0000004c   Zero   RW          377    .bss                tim.o
    0x20000374        -       0x00000094   Zero   RW          424    .bss                usart.o
    0x20000408        -       0x00000500   Zero   RW         5197    .bss                usart_vofa.o
    0x20000908        -       0x00000238   Zero   RW         5317    .bss                mt6816.o
    0x20000b40        -       0x000000b4   Zero   RW         5387    .bss                foc_model.o
    0x20000bf4        -       0x0000000c   Zero   RW         5388    .bss                foc_model.o
    0x20000c00        -       0x000004fc   Zero   RW         5510    .bss                usbd_conf.o
    0x200010fc        -       0x000002d0   Zero   RW         5710    .bss                usb_device.o
    0x200013cc        -       0x00000200   Zero   RW         5755    .bss                usbd_desc.o
    0x200015cc        -       0x00001000   Zero   RW         5839    .bss                usbd_cdc_if.o
    0x200025cc   COMPRESSED   0x00000004   PAD
    0x200025d0        -       0x00000400   Zero   RW            1    STACK               startup_stm32g474xx.o


==============================================================================

Image component sizes


      Code (inc. data)   RO Data    RW Data    ZI Data      Debug   Object Name

       768         60          0          4        216       3118   adc.o
      3618        284         68         40        192      17358   foc_model.o
       208         14          0          0          0       1087   gpio.o
       766        132          0          8          0     895893   main.o
       156         18          0          1          0       1954   motor_control.o
       244         20          0         20        568       2983   mt6816.o
       180         22          0          0        100       1821   spi.o
        36          8        472          0       1024        868   startup_stm32g474xx.o
       126         20          0         12          0       3885   stm32g4xx_hal.o
      2792        168          0          0          0      81317   stm32g4xx_hal_adc.o
      2590        154          0          0          0      81210   stm32g4xx_hal_adc_ex.o
       198         14          0          0          0      34031   stm32g4xx_hal_cortex.o
       226          0          0          0          0       2035   stm32g4xx_hal_dma.o
       618         40          0          0          0       3099   stm32g4xx_hal_gpio.o
        48          6          0          0          0        926   stm32g4xx_hal_msp.o
      2992          0          0          0          0     948614   stm32g4xx_hal_pcd.o
        96          0          0          0          0       2044   stm32g4xx_hal_pcd_ex.o
       204         18          0          0          0       1473   stm32g4xx_hal_pwr_ex.o
      1684         88          0          0          0       6460   stm32g4xx_hal_rcc.o
       768         10          0          0          0       2024   stm32g4xx_hal_rcc_ex.o
      1334         10          0          0          0       6601   stm32g4xx_hal_spi.o
      3006        320          0          0          0      21238   stm32g4xx_hal_tim.o
       700         82          0          0          0       8985   stm32g4xx_hal_tim_ex.o
      3930        144         24          0          0      37722   stm32g4xx_hal_uart.o
       288          6         16          0          0       5634   stm32g4xx_hal_uart_ex.o
       130         34          0          0          0       7566   stm32g4xx_it.o
      2520          0          0          0          0      14924   stm32g4xx_ll_usb.o
        16          4         24          4          0       1223   system_stm32g4xx.o
       500         30          0          0         76       2756   tim.o
       248         26          0          0        148       1922   usart.o
       152         28          0          8       1280       2785   usart_vofa.o
        84         18          0          0        720        872   usb_device.o
       748         16          0        271          0      13523   usbd_cdc.o
        72         16          0         20       4096       3454   usbd_cdc_if.o
       684         36          0          0       1276      23406   usbd_conf.o
       652          0          0          0          0      10359   usbd_core.o
      1264         22          0          1          0      14720   usbd_ctlreq.o
       288        104          0         82        512       6490   usbd_desc.o
       132          0          0          0          0       4760   usbd_ioreq.o

    ----------------------------------------------------------------------
     35118       1972        636        484      10212    2281140   Object Totals
         0          0         32          0          0          0   (incl. Generated)
        52          0          0         13          4          0   (incl. Padding)

    ----------------------------------------------------------------------

      Code (inc. data)   RO Data    RW Data    ZI Data      Debug   Library Member Name

       336         56          0          0          0        136   cosf.o
        32          8          0          0          0        124   dunder.o
       112         14          0          0          0        116   floorf.o
       260          6          0          0          0        144   fmod.o
       176          0          0          0          0        168   fmodf.o
        38          0          0          0          0        116   fpclassifyf.o
        38         12          0          0          0        348   funder.o
       340         24         32          0          0        160   rredf.o
       400         56          0          0          0        212   sinf.o
        86          0          0          0          0          0   __dczerorl2.o
         0          0          0          0          0          0   entry.o
         0          0          0          0          0          0   entry10a.o
         0          0          0          0          0          0   entry11a.o
         4          0          0          0          0          0   entry12b.o
         8          4          0          0          0          0   entry2.o
         4          0          0          0          0          0   entry5.o
         0          0          0          0          0          0   entry7b.o
         0          0          0          0          0          0   entry8b.o
         8          4          0          0          0          0   entry9a.o
        12          6          0          4          0         68   errno.o
        30          0          0          0          0          0   handlers.o
        36          8          0          0          0         68   init.o
         0          0          0          0          0          0   iusefp.o
        30          0          0          0          0         68   llshl.o
        36          0          0          0          0         68   llsshr.o
        32          0          0          0          0         68   llushr.o
        36          0          0          0          0        108   memseta.o
      2218         90          0          0          0        464   printfa.o
         0          0          0          4          0          0   stdout.o
        44          0          0          0          0         80   uidiv.o
        98          0          0          0          0         92   uldiv.o
        48          0          0          0          0         68   cdrcmple.o
        56          0          0          0          0         88   d2f.o
       334          0          0          0          0        148   dadd.o
       222          0          0          0          0        100   ddiv.o
       186          0          0          0          0        176   depilogue.o
        48          0          0          0          0         68   dfixul.o
       228          0          0          0          0         96   dmul.o
       134          0          0          0          0         96   drem.o
        38          0          0          0          0         68   f2d.o
       110          0          0          0          0        168   fepilogue.o
        82          0          0          0          0         96   frem.o

    ----------------------------------------------------------------------
      5914        292         32          8          0       3780   Library Totals
        14          4          0          0          0          0   (incl. Padding)

    ----------------------------------------------------------------------

      Code (inc. data)   RO Data    RW Data    ZI Data      Debug   Library Name

      1732        176         32          0          0       1524   m_wm.l
      2682        112          0          8          0       1084   mc_w.l
      1486          0          0          0          0       1172   mf_w.l

    ----------------------------------------------------------------------
      5914        292         32          8          0       3780   Library Totals

    ----------------------------------------------------------------------

==============================================================================


      Code (inc. data)   RO Data    RW Data    ZI Data      Debug   

     41032       2264        668        492      10212    2255912   Grand Totals
     41032       2264        668        208      10212    2255912   ELF Image Totals (compressed)
     41032       2264        668        208          0          0   ROM Totals

==============================================================================

    Total RO  Size (Code + RO Data)                41700 (  40.72kB)
    Total RW  Size (RW Data + ZI Data)             10704 (  10.45kB)
    Total ROM Size (Code + RO Data + RW Data)      41908 (  40.93kB)

==============================================================================

