Component: ARM Compiler 5.06 update 7 (build 960) Tool: armlink [4d3601]

==============================================================================

Section Cross References

    startup_stm32g474xx.o(RESET) refers to startup_stm32g474xx.o(STACK) for __initial_sp
    startup_stm32g474xx.o(RESET) refers to startup_stm32g474xx.o(.text) for Reset_Handler
    startup_stm32g474xx.o(RESET) refers to stm32g4xx_it.o(i.NMI_Handler) for NMI_Handler
    startup_stm32g474xx.o(RESET) refers to stm32g4xx_it.o(i.HardFault_Handler) for HardFault_Handler
    startup_stm32g474xx.o(RESET) refers to stm32g4xx_it.o(i.MemManage_Handler) for MemManage_Handler
    startup_stm32g474xx.o(RESET) refers to stm32g4xx_it.o(i.BusFault_Handler) for BusFault_Handler
    startup_stm32g474xx.o(RESET) refers to stm32g4xx_it.o(i.UsageFault_Handler) for UsageFault_Handler
    startup_stm32g474xx.o(RESET) refers to stm32g4xx_it.o(i.SVC_Handler) for SVC_Handler
    startup_stm32g474xx.o(RESET) refers to stm32g4xx_it.o(i.DebugMon_Handler) for DebugMon_Handler
    startup_stm32g474xx.o(RESET) refers to stm32g4xx_it.o(i.PendSV_Handler) for PendSV_Handler
    startup_stm32g474xx.o(RESET) refers to stm32g4xx_it.o(i.SysTick_Handler) for SysTick_Handler
    startup_stm32g474xx.o(RESET) refers to stm32g4xx_it.o(i.DMA1_Channel1_IRQHandler) for DMA1_Channel1_IRQHandler
    startup_stm32g474xx.o(RESET) refers to stm32g4xx_it.o(i.DMA1_Channel2_IRQHandler) for DMA1_Channel2_IRQHandler
    startup_stm32g474xx.o(RESET) refers to stm32g4xx_it.o(i.ADC1_2_IRQHandler) for ADC1_2_IRQHandler
    startup_stm32g474xx.o(RESET) refers to stm32g4xx_it.o(i.USB_LP_IRQHandler) for USB_LP_IRQHandler
    startup_stm32g474xx.o(RESET) refers to stm32g4xx_it.o(i.EXTI9_5_IRQHandler) for EXTI9_5_IRQHandler
    startup_stm32g474xx.o(RESET) refers to stm32g4xx_it.o(i.TIM1_BRK_TIM15_IRQHandler) for TIM1_BRK_TIM15_IRQHandler
    startup_stm32g474xx.o(RESET) refers to stm32g4xx_it.o(i.TIM1_UP_TIM16_IRQHandler) for TIM1_UP_TIM16_IRQHandler
    startup_stm32g474xx.o(RESET) refers to stm32g4xx_it.o(i.USART3_IRQHandler) for USART3_IRQHandler
    startup_stm32g474xx.o(.text) refers to system_stm32g4xx.o(i.SystemInit) for SystemInit
    startup_stm32g474xx.o(.text) refers to entry.o(.ARM.Collect$$$$00000000) for __main
    main.o(i.HAL_ADCEx_InjectedConvCpltCallback) refers to encoder.o(i.encoder_loop) for encoder_loop
    main.o(i.HAL_ADCEx_InjectedConvCpltCallback) refers to encoder.o(i.get_speed_M) for get_speed_M
    main.o(i.HAL_ADCEx_InjectedConvCpltCallback) refers to foc_model.o(i.FOC_Model_step) for FOC_Model_step
    main.o(i.HAL_ADCEx_InjectedConvCpltCallback) refers to adc.o(.bss) for hadc1
    main.o(i.HAL_ADCEx_InjectedConvCpltCallback) refers to main.o(.data) for .data
    main.o(i.HAL_ADCEx_InjectedConvCpltCallback) refers to foc_model.o(.data) for foc
    main.o(i.HAL_ADCEx_InjectedConvCpltCallback) refers to encoder.o(.bss) for mt6816
    main.o(i.HAL_ADCEx_InjectedConvCpltCallback) refers to foc_model.o(.bss) for observer_flux
    main.o(i.HAL_ADCEx_InjectedConvCpltCallback) refers to tim.o(.bss) for htim1
    main.o(i.SystemClock_Config) refers to memseta.o(.text) for __aeabi_memclr4
    main.o(i.SystemClock_Config) refers to stm32g4xx_hal_pwr_ex.o(i.HAL_PWREx_ControlVoltageScaling) for HAL_PWREx_ControlVoltageScaling
    main.o(i.SystemClock_Config) refers to stm32g4xx_hal_rcc.o(i.HAL_RCC_OscConfig) for HAL_RCC_OscConfig
    main.o(i.SystemClock_Config) refers to stm32g4xx_hal_rcc.o(i.HAL_RCC_ClockConfig) for HAL_RCC_ClockConfig
    main.o(i.main) refers to stm32g4xx_hal.o(i.HAL_Init) for HAL_Init
    main.o(i.main) refers to main.o(i.SystemClock_Config) for SystemClock_Config
    main.o(i.main) refers to gpio.o(i.MX_GPIO_Init) for MX_GPIO_Init
    main.o(i.main) refers to dma.o(i.MX_DMA_Init) for MX_DMA_Init
    main.o(i.main) refers to adc.o(i.MX_ADC1_Init) for MX_ADC1_Init
    main.o(i.main) refers to adc.o(i.MX_ADC2_Init) for MX_ADC2_Init
    main.o(i.main) refers to tim.o(i.MX_TIM1_Init) for MX_TIM1_Init
    main.o(i.main) refers to usart.o(i.MX_USART3_UART_Init) for MX_USART3_UART_Init
    main.o(i.main) refers to spi.o(i.MX_SPI1_Init) for MX_SPI1_Init
    main.o(i.main) refers to usb_device.o(i.MX_USB_Device_Init) for MX_USB_Device_Init
    main.o(i.main) refers to stm32g4xx_hal_adc_ex.o(i.HAL_ADCEx_Calibration_Start) for HAL_ADCEx_Calibration_Start
    main.o(i.main) refers to stm32g4xx_hal_adc_ex.o(i.HAL_ADCEx_InjectedStart_IT) for HAL_ADCEx_InjectedStart_IT
    main.o(i.main) refers to stm32g4xx_hal_adc_ex.o(i.HAL_ADCEx_InjectedStart) for HAL_ADCEx_InjectedStart
    main.o(i.main) refers to stm32g4xx_hal_tim.o(i.HAL_TIM_Base_Start) for HAL_TIM_Base_Start
    main.o(i.main) refers to stm32g4xx_hal_tim.o(i.HAL_TIM_PWM_Start) for HAL_TIM_PWM_Start
    main.o(i.main) refers to stm32g4xx_hal_uart.o(i.HAL_UART_Receive_IT) for HAL_UART_Receive_IT
    main.o(i.main) refers to foc_model.o(i.FOC_Model_initialize) for FOC_Model_initialize
[...]
    EXTI4_IRQHandler                         0x0800020b   Thumb Code     0  startup_stm32g474xx.o(.text)
    FDCAN1_IT0_IRQHandler                    0x0800020b   Thumb Code     0  startup_stm32g474xx.o(.text)
    FDCAN1_IT1_IRQHandler                    0x0800020b   Thumb Code     0  startup_stm32g474xx.o(.text)
    FDCAN2_IT0_IRQHandler                    0x0800020b   Thumb Code     0  startup_stm32g474xx.o(.text)
    FDCAN2_IT1_IRQHandler                    0x0800020b   Thumb Code     0  startup_stm32g474xx.o(.text)
    FDCAN3_IT0_IRQHandler                    0x0800020b   Thumb Code     0  startup_stm32g474xx.o(.text)
    FDCAN3_IT1_IRQHandler                    0x0800020b   Thumb Code     0  startup_stm32g474xx.o(.text)
    FLASH_IRQHandler                         0x0800020b   Thumb Code     0  startup_stm32g474xx.o(.text)
    FMAC_IRQHandler                          0x0800020b   Thumb Code     0  startup_stm32g474xx.o(.text)
    FMC_IRQHandler                           0x0800020b   Thumb Code     0  startup_stm32g474xx.o(.text)
    FPU_IRQHandler                           0x0800020b   Thumb Code     0  startup_stm32g474xx.o(.text)
    HRTIM1_FLT_IRQHandler                    0x0800020b   Thumb Code     0  startup_stm32g474xx.o(.text)
    HRTIM1_Master_IRQHandler                 0x0800020b   Thumb Code     0  startup_stm32g474xx.o(.text)
    HRTIM1_TIMA_IRQHandler                   0x0800020b   Thumb Code     0  startup_stm32g474xx.o(.text)
    HRTIM1_TIMB_IRQHandler                   0x0800020b   Thumb Code     0  startup_stm32g474xx.o(.text)
    HRTIM1_TIMC_IRQHandler                   0x0800020b   Thumb Code     0  startup_stm32g474xx.o(.text)
    HRTIM1_TIMD_IRQHandler                   0x0800020b   Thumb Code     0  startup_stm32g474xx.o(.text)
    HRTIM1_TIME_IRQHandler                   0x0800020b   Thumb Code     0  startup_stm32g474xx.o(.text)
    HRTIM1_TIMF_IRQHandler                   0x0800020b   Thumb Code     0  startup_stm32g474xx.o(.text)
    I2C1_ER_IRQHandler                       0x0800020b   Thumb Code     0  startup_stm32g474xx.o(.text)
    I2C1_EV_IRQHandler                       0x0800020b   Thumb Code     0  startup_stm32g474xx.o(.text)
    I2C2_ER_IRQHandler                       0x0800020b   Thumb Code     0  startup_stm32g474xx.o(.text)
    I2C2_EV_IRQHandler                       0x0800020b   Thumb Code     0  startup_stm32g474xx.o(.text)
    I2C3_ER_IRQHandler                       0x0800020b   Thumb Code     0  startup_stm32g474xx.o(.text)
    I2C3_EV_IRQHandler                       0x0800020b   Thumb Code     0  startup_stm32g474xx.o(.text)
    I2C4_ER_IRQHandler                       0x0800020b   Thumb Code     0  startup_stm32g474xx.o(.text)
    I2C4_EV_IRQHandler                       0x0800020b   Thumb Code     0  startup_stm32g474xx.o(.text)
    LPTIM1_IRQHandler                        0x0800020b   Thumb Code     0  startup_stm32g474xx.o(.text)
    LPUART1_IRQHandler                       0x0800020b   Thumb Code     0  startup_stm32g474xx.o(.text)
    PVD_PVM_IRQHandler                       0x0800020b   Thumb Code     0  startup_stm32g474xx.o(.text)
    QUADSPI_IRQHandler                       0x0800020b   Thumb Code     0  startup_stm32g474xx.o(.text)
    RCC_IRQHandler                           0x0800020b   Thumb Code     0  startup_stm32g474xx.o(.text)
    RNG_IRQHandler                           0x0800020b   Thumb Code     0  startup_stm32g474xx.o(.text)
    RTC_Alarm_IRQHandler                     0x0800020b   Thumb Code     0  startup_stm32g474xx.o(.text)
    RTC_TAMP_LSECSS_IRQHandler               0x0800020b   Thumb Code     0  startup_stm32g474xx.o(.text)
    RTC_WKUP_IRQHandler                      0x0800020b   Thumb Code     0  startup_stm32g474xx.o(.text)
    SAI1_IRQHandler                          0x0800020b   Thumb Code     0  startup_stm32g474xx.o(.text)
    SPI1_IRQHandler                          0x0800020b   Thumb Code     0  startup_stm32g474xx.o(.text)
    SPI2_IRQHandler                          0x0800020b   Thumb Code     0  startup_stm32g474xx.o(.text)
    SPI3_IRQHandler                          0x0800020b   Thumb Code     0  startup_stm32g474xx.o(.text)
    SPI4_IRQHandler                          0x0800020b   Thumb Code     0  startup_stm32g474xx.o(.text)
    TIM1_CC_IRQHandler                       0x0800020b   Thumb Code     0  startup_stm32g474xx.o(.text)
    TIM1_TRG_COM_TIM17_IRQHandler            0x0800020b   Thumb Code     0  startup_stm32g474xx.o(.text)
    TIM20_BRK_IRQHandler                     0x0800020b   Thumb Code     0  startup_stm32g474xx.o(.text)
    TIM20_CC_IRQHandler                      0x0800020b   Thumb Code     0  startup_stm32g474xx.o(.text)
    TIM20_TRG_COM_IRQHandler                 0x0800020b   Thumb Code     0  startup_stm32g474xx.o(.text)
    TIM20_UP_IRQHandler                      0x0800020b   Thumb Code     0  startup_stm32g474xx.o(.text)
    TIM2_IRQHandler                          0x0800020b   Thumb Code     0  startup_stm32g474xx.o(.text)
    TIM3_IRQHandler                          0x0800020b   Thumb Code     0  startup_stm32g474xx.o(.text)
    TIM4_IRQHandler                          0x0800020b   Thumb Code     0  startup_stm32g474xx.o(.text)
    TIM5_IRQHandler                          0x0800020b   Thumb Code     0  startup_stm32g474xx.o(.text)
    TIM6_DAC_IRQHandler                      0x0800020b   Thumb Code     0  startup_stm32g474xx.o(.text)
    TIM7_DAC_IRQHandler                      0x0800020b   Thumb Code     0  startup_stm32g474xx.o(.text)
    TIM8_BRK_IRQHandler                      0x0800020b   Thumb Code     0  startup_stm32g474xx.o(.text)
    TIM8_CC_IRQHandler                       0x0800020b   Thumb Code     0  startup_stm32g474xx.o(.text)
    TIM8_TRG_COM_IRQHandler                  0x0800020b   Thumb Code     0  startup_stm32g474xx.o(.text)
    TIM8_UP_IRQHandler                       0x0800020b   Thumb Code     0  startup_stm32g474xx.o(.text)
    UART4_IRQHandler                         0x0800020b   Thumb Code     0  startup_stm32g474xx.o(.text)
    UART5_IRQHandler                         0x0800020b   Thumb Code     0  startup_stm32g474xx.o(.text)
    UCPD1_IRQHandler                         0x0800020b   Thumb Code     0  startup_stm32g474xx.o(.text)
    USART1_IRQHandler                        0x0800020b   Thumb Code     0  startup_stm32g474xx.o(.text)
    USART2_IRQHandler                        0x0800020b   Thumb Code     0  startup_stm32g474xx.o(.text)
    USBWakeUp_IRQHandler                     0x0800020b   Thumb Code     0  startup_stm32g474xx.o(.text)
    USB_HP_IRQHandler                        0x0800020b   Thumb Code     0  startup_stm32g474xx.o(.text)
    WWDG_IRQHandler                          0x0800020b   Thumb Code     0  startup_stm32g474xx.o(.text)
    __aeabi_uldivmod                         0x08000215   Thumb Code    98  uldiv.o(.text)
    __aeabi_memset                           0x08000277   Thumb Code    14  memseta.o(.text)
    __aeabi_memset4                          0x08000277   Thumb Code     0  memseta.o(.text)
    __aeabi_memset8                          0x08000277   Thumb Code     0  memseta.o(.text)
    __aeabi_memclr                           0x08000285   Thumb Code     4  memseta.o(.text)
    __aeabi_memclr4                          0x08000285   Thumb Code     0  memseta.o(.text)
    __aeabi_memclr8                          0x08000285   Thumb Code     0  memseta.o(.text)
    _memset$wrapper                          0x08000289   Thumb Code    18  memseta.o(.text)
    __aeabi_ddiv                             0x0800029b   Thumb Code   222  ddiv.o(.text)
    __aeabi_f2d                              0x08000379   Thumb Code    38  f2d.o(.text)
    __aeabi_d2f                              0x0800039f   Thumb Code    56  d2f.o(.text)
    __aeabi_llsl                             0x080003d7   Thumb Code    30  llshl.o(.text)
    _ll_shift_l                              0x080003d7   Thumb Code     0  llshl.o(.text)
    __aeabi_llsr                             0x080003f5   Thumb Code    32  llushr.o(.text)
    _ll_ushift_r                             0x080003f5   Thumb Code     0  llushr.o(.text)
    __I$use$fp                               0x08000415   Thumb Code     0  iusefp.o(.text)
    _float_round                             0x08000415   Thumb Code    18  fepilogue.o(.text)
    _float_epilogue                          0x08000427   Thumb Code    92  fepilogue.o(.text)
    _frem                                    0x08000483   Thumb Code    82  frem.o(.text)
    _double_round                            0x080004d5   Thumb Code    30  depilogue.o(.text)
    _double_epilogue                         0x080004f3   Thumb Code   156  depilogue.o(.text)
    __aeabi_dadd                             0x0800058f   Thumb Code   322  dadd.o(.text)
    __aeabi_dsub                             0x080006d1   Thumb Code     6  dadd.o(.text)
    __aeabi_drsub                            0x080006d7   Thumb Code     6  dadd.o(.text)
    _drem                                    0x080006dd   Thumb Code   134  drem.o(.text)
    __scatterload                            0x08000765   Thumb Code    28  init.o(.text)
    __scatterload_rt2                        0x08000765   Thumb Code     0  init.o(.text)
    __aeabi_lasr                             0x08000789   Thumb Code    36  llsshr.o(.text)
    _ll_sshift_r                             0x08000789   Thumb Code     0  llsshr.o(.text)
    __decompress                             0x080007ad   Thumb Code     0  __dczerorl2.o(.text)
    __decompress1                            0x080007ad   Thumb Code    86  __dczerorl2.o(.text)
    ADC1_2_IRQHandler                        0x08000805   Thumb Code    18  stm32g4xx_it.o(i.ADC1_2_IRQHandler)
    ADC_ConversionStop                       0x08000821   Thumb Code   220  stm32g4xx_hal_adc.o(i.ADC_ConversionStop)
    ADC_Disable                              0x08000905   Thumb Code   106  stm32g4xx_hal_adc.o(i.ADC_Disable)
    ADC_Enable                               0x08000975   Thumb Code   172  stm32g4xx_hal_adc.o(i.ADC_Enable)
    BusFault_Handler                         0x08000a39   Thumb Code     2  stm32g4xx_it.o(i.BusFault_Handler)
    DMA1_Channel1_IRQHandler                 0x08000a85   Thumb Code     6  stm32g4xx_it.o(i.DMA1_Channel1_IRQHandler)
    DMA1_Channel2_IRQHandler                 0x08000a91   Thumb Code     6  stm32g4xx_it.o(i.DMA1_Channel2_IRQHandler)
    DebugMon_Handler                         0x08000b3f   Thumb Code     2  stm32g4xx_it.o(i.DebugMon_Handler)
    EXTI9_5_IRQHandler                       0x08000b41   Thumb Code    34  stm32g4xx_it.o(i.EXTI9_5_IRQHandler)
    Error_Handler                            0x08000b63   Thumb Code     4  main.o(i.Error_Handler)
    FOC_Model_initialize                     0x08000b69   Thumb Code    24  foc_model.o(i.FOC_Model_initialize)
    FOC_Model_step                           0x08000b85   Thumb Code  1634  foc_model.o(i.FOC_Model_step)
    HAL_ADCEx_Calibration_Start              0x08001221   Thumb Code   138  stm32g4xx_hal_adc_ex.o(i.HAL_ADCEx_Calibration_Start)
    HAL_ADCEx_EndOfSamplingCallback          0x080012b5   Thumb Code     2  stm32g4xx_hal_adc_ex.o(i.HAL_ADCEx_EndOfSamplingCallback)
    HAL_ADCEx_InjectedConfigChannel          0x080012b9   Thumb Code  1324  stm32g4xx_hal_adc_ex.o(i.HAL_ADCEx_InjectedConfigChannel)
    HAL_ADCEx_InjectedConvCpltCallback       0x08001819   Thumb Code   252  main.o(i.HAL_ADCEx_InjectedConvCpltCallback)
    HAL_ADCEx_InjectedQueueOverflowCallback  0x08001939   Thumb Code     2  stm32g4xx_hal_adc_ex.o(i.HAL_ADCEx_InjectedQueueOverflowCallback)
    HAL_ADCEx_InjectedStart                  0x0800193d   Thumb Code   262  stm32g4xx_hal_adc_ex.o(i.HAL_ADCEx_InjectedStart)
    HAL_ADCEx_InjectedStart_IT               0x08001a5d   Thumb Code   320  stm32g4xx_hal_adc_ex.o(i.HAL_ADCEx_InjectedStart_IT)
    HAL_ADCEx_LevelOutOfWindow2Callback      0x08001bb5   Thumb Code     2  stm32g4xx_hal_adc_ex.o(i.HAL_ADCEx_LevelOutOfWindow2Callback)
    HAL_ADCEx_LevelOutOfWindow3Callback      0x08001bb7   Thumb Code     2  stm32g4xx_hal_adc_ex.o(i.HAL_ADCEx_LevelOutOfWindow3Callback)
    HAL_ADCEx_MultiModeConfigChannel         0x08001bb9   Thumb Code   326  stm32g4xx_hal_adc_ex.o(i.HAL_ADCEx_MultiModeConfigChannel)
    HAL_ADCEx_RegularStop                    0x08001d19   Thumb Code    92  stm32g4xx_hal_adc_ex.o(i.HAL_ADCEx_RegularStop)
    HAL_ADC_ConfigChannel                    0x08001d75   Thumb Code  1066  stm32g4xx_hal_adc.o(i.HAL_ADC_ConfigChannel)
    HAL_ADC_ConvCpltCallback                 0x080021e1   Thumb Code     2  stm32g4xx_hal_adc.o(i.HAL_ADC_ConvCpltCallback)
    HAL_ADC_ErrorCallback                    0x080021e3   Thumb Code     2  stm32g4xx_hal_adc.o(i.HAL_ADC_ErrorCallback)
    HAL_ADC_IRQHandler                       0x080021e5   Thumb Code   674  stm32g4xx_hal_adc.o(i.HAL_ADC_IRQHandler)
    HAL_ADC_Init                             0x0800249d   Thumb Code   510  stm32g4xx_hal_adc.o(i.HAL_ADC_Init)
    HAL_ADC_LevelOutOfWindowCallback         0x080026cd   Thumb Code     2  stm32g4xx_hal_adc.o(i.HAL_ADC_LevelOutOfWindowCallback)
    HAL_ADC_MspInit                          0x080026d1   Thumb Code   282  adc.o(i.HAL_ADC_MspInit)
    HAL_ADC_Start                            0x08002801   Thumb Code   288  stm32g4xx_hal_adc.o(i.HAL_ADC_Start)
    HAL_DMA_Abort                            0x08002939   Thumb Code   106  stm32g4xx_hal_dma.o(i.HAL_DMA_Abort)
    HAL_DMA_Abort_IT                         0x080029a3   Thumb Code   120  stm32g4xx_hal_dma.o(i.HAL_DMA_Abort_IT)
    HAL_DMA_IRQHandler                       0x08002a1b   Thumb Code   186  stm32g4xx_hal_dma.o(i.HAL_DMA_IRQHandler)
    HAL_DMA_Init                             0x08002ad5   Thumb Code   178  stm32g4xx_hal_dma.o(i.HAL_DMA_Init)
    HAL_DMA_Start_IT                         0x08002b95   Thumb Code   140  stm32g4xx_hal_dma.o(i.HAL_DMA_Start_IT)
    HAL_GPIO_EXTI_Callback                   0x08002c21   Thumb Code    30  motor_control.o(i.HAL_GPIO_EXTI_Callback)
    HAL_GPIO_EXTI_IRQHandler                 0x08002c45   Thumb Code    18  stm32g4xx_hal_gpio.o(i.HAL_GPIO_EXTI_IRQHandler)
    HAL_GPIO_Init                            0x08002c5d   Thumb Code   550  stm32g4xx_hal_gpio.o(i.HAL_GPIO_Init)
    HAL_GPIO_WritePin                        0x08002ea5   Thumb Code    10  stm32g4xx_hal_gpio.o(i.HAL_GPIO_WritePin)
    HAL_GetTick                              0x08002eb1   Thumb Code     6  stm32g4xx_hal.o(i.HAL_GetTick)
    HAL_IncTick                              0x08002ebd   Thumb Code    12  stm32g4xx_hal.o(i.HAL_IncTick)
    HAL_Init                                 0x08002ecd   Thumb Code    30  stm32g4xx_hal.o(i.HAL_Init)
    HAL_InitTick                             0x08002eed   Thumb Code    58  stm32g4xx_hal.o(i.HAL_InitTick)
    HAL_MspInit                              0x08002f31   Thumb Code    42  stm32g4xx_hal_msp.o(i.HAL_MspInit)
    HAL_NVIC_EnableIRQ                       0x08002f61   Thumb Code    26  stm32g4xx_hal_cortex.o(i.HAL_NVIC_EnableIRQ)
    HAL_NVIC_SetPriority                     0x08002f7d   Thumb Code    60  stm32g4xx_hal_cortex.o(i.HAL_NVIC_SetPriority)
    HAL_NVIC_SetPriorityGrouping             0x08002fbd   Thumb Code    26  stm32g4xx_hal_cortex.o(i.HAL_NVIC_SetPriorityGrouping)
    HAL_PCDEx_ActivateLPM                    0x08002fe1   Thumb Code    36  stm32g4xx_hal_pcd_ex.o(i.HAL_PCDEx_ActivateLPM)
    HAL_PCDEx_LPM_Callback                   0x08003005   Thumb Code    64  usbd_conf.o(i.HAL_PCDEx_LPM_Callback)
    HAL_PCDEx_PMAConfig                      0x08003049   Thumb Code    60  stm32g4xx_hal_pcd_ex.o(i.HAL_PCDEx_PMAConfig)
    HAL_PCD_DataInStageCallback              0x08003085   Thumb Code    18  usbd_conf.o(i.HAL_PCD_DataInStageCallback)
    HAL_PCD_DataOutStageCallback             0x08003097   Thumb Code    20  usbd_conf.o(i.HAL_PCD_DataOutStageCallback)
    HAL_PCD_EP_Close                         0x080030ab   Thumb Code    74  stm32g4xx_hal_pcd.o(i.HAL_PCD_EP_Close)
    HAL_PCD_EP_ClrStall                      0x080030f5   Thumb Code    90  stm32g4xx_hal_pcd.o(i.HAL_PCD_EP_ClrStall)
    HAL_PCD_EP_GetRxCount                    0x0800356b   Thumb Code    18  stm32g4xx_hal_pcd.o(i.HAL_PCD_EP_GetRxCount)
    HAL_PCD_EP_Open                          0x0800357d   Thumb Code    88  stm32g4xx_hal_pcd.o(i.HAL_PCD_EP_Open)
    HAL_PCD_EP_Receive                       0x080035d5   Thumb Code    46  stm32g4xx_hal_pcd.o(i.HAL_PCD_EP_Receive)
    HAL_PCD_EP_SetStall                      0x08003603   Thumb Code    94  stm32g4xx_hal_pcd.o(i.HAL_PCD_EP_SetStall)
    HAL_PCD_EP_Transmit                      0x08003661   Thumb Code    46  stm32g4xx_hal_pcd.o(i.HAL_PCD_EP_Transmit)
    HAL_PCD_IRQHandler                       0x0800368f   Thumb Code   330  stm32g4xx_hal_pcd.o(i.HAL_PCD_IRQHandler)
    HAL_PCD_Init                             0x080037d9   Thumb Code   156  stm32g4xx_hal_pcd.o(i.HAL_PCD_Init)
    HAL_PCD_MspInit                          0x08003875   Thumb Code    80  usbd_conf.o(i.HAL_PCD_MspInit)
    HAL_PCD_ResetCallback                    0x080038cd   Thumb Code    38  usbd_conf.o(i.HAL_PCD_ResetCallback)
    HAL_PCD_ResumeCallback                   0x080038f5   Thumb Code    34  usbd_conf.o(i.HAL_PCD_ResumeCallback)
    HAL_PCD_SOFCallback                      0x0800391d   Thumb Code     8  usbd_conf.o(i.HAL_PCD_SOFCallback)
    HAL_PCD_SetAddress                       0x08003925   Thumb Code    38  stm32g4xx_hal_pcd.o(i.HAL_PCD_SetAddress)
    HAL_PCD_SetupStageCallback               0x0800394b   Thumb Code    14  usbd_conf.o(i.HAL_PCD_SetupStageCallback)
    HAL_PCD_Start                            0x08003959   Thumb Code    42  stm32g4xx_hal_pcd.o(i.HAL_PCD_Start)
    HAL_PCD_SuspendCallback                  0x08003985   Thumb Code    30  usbd_conf.o(i.HAL_PCD_SuspendCallback)
    HAL_PWREx_ControlVoltageScaling          0x080039a9   Thumb Code   174  stm32g4xx_hal_pwr_ex.o(i.HAL_PWREx_ControlVoltageScaling)
    HAL_PWREx_DisableUCPDDeadBattery         0x08003a65   Thumb Code    12  stm32g4xx_hal_pwr_ex.o(i.HAL_PWREx_DisableUCPDDeadBattery)
    HAL_RCCEx_PeriphCLKConfig                0x08003a75   Thumb Code   758  stm32g4xx_hal_rcc_ex.o(i.HAL_RCCEx_PeriphCLKConfig)
    HAL_RCC_ClockConfig                      0x08003d75   Thumb Code   444  stm32g4xx_hal_rcc.o(i.HAL_RCC_ClockConfig)
    HAL_RCC_GetPCLK1Freq                     0x08003f51   Thumb Code    24  stm32g4xx_hal_rcc.o(i.HAL_RCC_GetPCLK1Freq)
    HAL_RCC_GetPCLK2Freq                     0x08003f75   Thumb Code    24  stm32g4xx_hal_rcc.o(i.HAL_RCC_GetPCLK2Freq)
    HAL_RCC_GetSysClockFreq                  0x08003f99   Thumb Code    98  stm32g4xx_hal_rcc.o(i.HAL_RCC_GetSysClockFreq)
    HAL_RCC_OscConfig                        0x08004005   Thumb Code  1028  stm32g4xx_hal_rcc.o(i.HAL_RCC_OscConfig)
    HAL_SPI_Init                             0x08004409   Thumb Code   234  stm32g4xx_hal_spi.o(i.HAL_SPI_Init)
    HAL_SPI_MspInit                          0x080044f5   Thumb Code    86  spi.o(i.HAL_SPI_MspInit)
    HAL_SPI_TransmitReceive                  0x08004559   Thumb Code   620  stm32g4xx_hal_spi.o(i.HAL_SPI_TransmitReceive)
    HAL_SYSTICK_Config                       0x080047c5   Thumb Code    40  stm32g4xx_hal_cortex.o(i.HAL_SYSTICK_Config)
    HAL_TIMEx_Break2Callback                 0x080047ed   Thumb Code     2  stm32g4xx_hal_tim_ex.o(i.HAL_TIMEx_Break2Callback)
    HAL_TIMEx_BreakCallback                  0x080047ef   Thumb Code     2  stm32g4xx_hal_tim_ex.o(i.HAL_TIMEx_BreakCallback)
    HAL_TIMEx_CommutCallback                 0x080047f1   Thumb Code     2  stm32g4xx_hal_tim_ex.o(i.HAL_TIMEx_CommutCallback)
    HAL_TIMEx_ConfigBreakDeadTime            0x080047f5   Thumb Code   154  stm32g4xx_hal_tim_ex.o(i.HAL_TIMEx_ConfigBreakDeadTime)
    HAL_TIMEx_DirectionChangeCallback        0x0800489d   Thumb Code     2  stm32g4xx_hal_tim_ex.o(i.HAL_TIMEx_DirectionChangeCallback)
    HAL_TIMEx_EncoderIndexCallback           0x0800489f   Thumb Code     2  stm32g4xx_hal_tim_ex.o(i.HAL_TIMEx_EncoderIndexCallback)
    HAL_TIMEx_IndexErrorCallback             0x080048a1   Thumb Code     2  stm32g4xx_hal_tim_ex.o(i.HAL_TIMEx_IndexErrorCallback)
    HAL_TIMEx_MasterConfigSynchronization    0x080048a5   Thumb Code   150  stm32g4xx_hal_tim_ex.o(i.HAL_TIMEx_MasterConfigSynchronization)
    HAL_TIMEx_PWMN_Start                     0x0800495d   Thumb Code   170  stm32g4xx_hal_tim_ex.o(i.HAL_TIMEx_PWMN_Start)
    HAL_TIMEx_PWMN_Stop                      0x08004a29   Thumb Code   104  stm32g4xx_hal_tim_ex.o(i.HAL_TIMEx_PWMN_Stop)
    HAL_TIMEx_TransitionErrorCallback        0x08004a91   Thumb Code     2  stm32g4xx_hal_tim_ex.o(i.HAL_TIMEx_TransitionErrorCallback)
    HAL_TIM_Base_Init                        0x08004a93   Thumb Code    98  stm32g4xx_hal_tim.o(i.HAL_TIM_Base_Init)
    HAL_TIM_Base_MspInit                     0x08004af5   Thumb Code    66  tim.o(i.HAL_TIM_Base_MspInit)
    HAL_TIM_Base_Start                       0x08004b41   Thumb Code    96  stm32g4xx_hal_tim.o(i.HAL_TIM_Base_Start)
    HAL_TIM_ConfigClockSource                0x08004bc1   Thumb Code   234  stm32g4xx_hal_tim.o(i.HAL_TIM_ConfigClockSource)
    HAL_TIM_IC_CaptureCallback               0x08004cb1   Thumb Code     2  stm32g4xx_hal_tim.o(i.HAL_TIM_IC_CaptureCallback)
    HAL_TIM_IRQHandler                       0x08004cb3   Thumb Code   418  stm32g4xx_hal_tim.o(i.HAL_TIM_IRQHandler)
    HAL_TIM_MspPostInit                      0x08004e55   Thumb Code   136  tim.o(i.HAL_TIM_MspPostInit)
    HAL_TIM_OC_DelayElapsedCallback          0x08004ee9   Thumb Code     2  stm32g4xx_hal_tim.o(i.HAL_TIM_OC_DelayElapsedCallback)
    HAL_TIM_PWM_ConfigChannel                0x08004eeb   Thumb Code   292  stm32g4xx_hal_tim.o(i.HAL_TIM_PWM_ConfigChannel)
    HAL_TIM_PWM_Init                         0x0800500f   Thumb Code    98  stm32g4xx_hal_tim.o(i.HAL_TIM_PWM_Init)
    HAL_TIM_PWM_MspInit                      0x08005071   Thumb Code     2  stm32g4xx_hal_tim.o(i.HAL_TIM_PWM_MspInit)
    HAL_TIM_PWM_PulseFinishedCallback        0x08005073   Thumb Code     2  stm32g4xx_hal_tim.o(i.HAL_TIM_PWM_PulseFinishedCallback)
    HAL_TIM_PWM_Start                        0x08005075   Thumb Code   234  stm32g4xx_hal_tim.o(i.HAL_TIM_PWM_Start)
    HAL_TIM_PWM_Stop                         0x08005189   Thumb Code   158  stm32g4xx_hal_tim.o(i.HAL_TIM_PWM_Stop)
    HAL_TIM_PeriodElapsedCallback            0x08005241   Thumb Code     2  stm32g4xx_hal_tim.o(i.HAL_TIM_PeriodElapsedCallback)
    HAL_TIM_TriggerCallback                  0x08005243   Thumb Code     2  stm32g4xx_hal_tim.o(i.HAL_TIM_TriggerCallback)
    HAL_UARTEx_DisableFifoMode               0x08005245   Thumb Code    62  stm32g4xx_hal_uart_ex.o(i.HAL_UARTEx_DisableFifoMode)
    HAL_UARTEx_RxEventCallback               0x08005283   Thumb Code     2  stm32g4xx_hal_uart.o(i.HAL_UARTEx_RxEventCallback)
    HAL_UARTEx_RxFifoFullCallback            0x08005285   Thumb Code     2  stm32g4xx_hal_uart_ex.o(i.HAL_UARTEx_RxFifoFullCallback)
    HAL_UARTEx_SetRxFifoThreshold            0x08005287   Thumb Code    76  stm32g4xx_hal_uart_ex.o(i.HAL_UARTEx_SetRxFifoThreshold)
    HAL_UARTEx_SetTxFifoThreshold            0x080052d3   Thumb Code    76  stm32g4xx_hal_uart_ex.o(i.HAL_UARTEx_SetTxFifoThreshold)
    HAL_UARTEx_TxFifoEmptyCallback           0x0800531f   Thumb Code     2  stm32g4xx_hal_uart_ex.o(i.HAL_UARTEx_TxFifoEmptyCallback)
    HAL_UARTEx_WakeupCallback                0x08005321   Thumb Code     2  stm32g4xx_hal_uart_ex.o(i.HAL_UARTEx_WakeupCallback)
    HAL_UART_ErrorCallback                   0x08005323   Thumb Code     2  stm32g4xx_hal_uart.o(i.HAL_UART_ErrorCallback)
    HAL_UART_IRQHandler                      0x08005325   Thumb Code   766  stm32g4xx_hal_uart.o(i.HAL_UART_IRQHandler)
    HAL_UART_Init                            0x08005631   Thumb Code   106  stm32g4xx_hal_uart.o(i.HAL_UART_Init)
    HAL_UART_MspInit                         0x0800569d   Thumb Code   222  usart.o(i.HAL_UART_MspInit)
    HAL_UART_Receive_IT                      0x08005791   Thumb Code    66  stm32g4xx_hal_uart.o(i.HAL_UART_Receive_IT)
    HAL_UART_RxCpltCallback                  0x080057d9   Thumb Code   106  usart_vofa.o(i.HAL_UART_RxCpltCallback)
    HAL_UART_Transmit                        0x08005859   Thumb Code   174  stm32g4xx_hal_uart.o(i.HAL_UART_Transmit)
    HAL_UART_Transmit_DMA                    0x08005909   Thumb Code   132  stm32g4xx_hal_uart.o(i.HAL_UART_Transmit_DMA)
    HAL_UART_TxCpltCallback                  0x08005999   Thumb Code     2  stm32g4xx_hal_uart.o(i.HAL_UART_TxCpltCallback)
    HAL_UART_TxHalfCpltCallback              0x0800599b   Thumb Code     2  stm32g4xx_hal_uart.o(i.HAL_UART_TxHalfCpltCallback)
    HardFault_Handler                        0x0800599d   Thumb Code     2  stm32g4xx_it.o(i.HardFault_Handler)
    MX_ADC1_Init                             0x08005a7d   Thumb Code   224  adc.o(i.MX_ADC1_Init)
    MX_ADC2_Init                             0x08005b6d   Thumb Code   202  adc.o(i.MX_ADC2_Init)
    MX_DMA_Init                              0x08005c4d   Thumb Code    72  dma.o(i.MX_DMA_Init)
    MX_GPIO_Init                             0x08005c99   Thumb Code   194  gpio.o(i.MX_GPIO_Init)
    MX_SPI1_Init                             0x08005d69   Thumb Code    72  spi.o(i.MX_SPI1_Init)
    MX_TIM1_Init                             0x08005db9   Thumb Code   264  tim.o(i.MX_TIM1_Init)
    MX_USART3_UART_Init                      0x08005ec9   Thumb Code    92  usart.o(i.MX_USART3_UART_Init)
    MX_USB_Device_Init                       0x08005f31   Thumb Code    66  usb_device.o(i.MX_USB_Device_Init)
    MemManage_Handler                        0x08005f85   Thumb Code     2  stm32g4xx_it.o(i.MemManage_Handler)
    Motor_start                              0x08005f89   Thumb Code    70  motor_control.o(i.Motor_start)
    Motor_stop                               0x08005fd5   Thumb Code    70  motor_control.o(i.Motor_stop)
    NMI_Handler                              0x08006021   Thumb Code     2  stm32g4xx_it.o(i.NMI_Handler)
    PendSV_Handler                           0x080064ed   Thumb Code     2  stm32g4xx_it.o(i.PendSV_Handler)
    SVC_Handler                              0x080066d1   Thumb Code     2  stm32g4xx_it.o(i.SVC_Handler)
    SysTick_Handler                          0x080066dd   Thumb Code     4  stm32g4xx_it.o(i.SysTick_Handler)
    SystemClock_Config                       0x080066e1   Thumb Code   106  main.o(i.SystemClock_Config)
    SystemInit                               0x0800674d   Thumb Code    12  system_stm32g4xx.o(i.SystemInit)
    TIM1_BRK_TIM15_IRQHandler                0x0800675d   Thumb Code     6  stm32g4xx_it.o(i.TIM1_BRK_TIM15_IRQHandler)
    TIM1_UP_TIM16_IRQHandler                 0x08006769   Thumb Code     6  stm32g4xx_it.o(i.TIM1_UP_TIM16_IRQHandler)
    TIM_Base_SetConfig                       0x08006775   Thumb Code   190  stm32g4xx_hal_tim.o(i.TIM_Base_SetConfig)
    TIM_CCxChannelCmd                        0x08006859   Thumb Code    26  stm32g4xx_hal_tim.o(i.TIM_CCxChannelCmd)
    TIM_ETR_SetConfig                        0x0800688d   Thumb Code    20  stm32g4xx_hal_tim.o(i.TIM_ETR_SetConfig)
    TIM_OC2_SetConfig                        0x08006961   Thumb Code   132  stm32g4xx_hal_tim.o(i.TIM_OC2_SetConfig)
    UART_AdvFeatureConfig                    0x08006cc1   Thumb Code   200  stm32g4xx_hal_uart.o(i.UART_AdvFeatureConfig)
    UART_CheckIdleState                      0x08006d89   Thumb Code   172  stm32g4xx_hal_uart.o(i.UART_CheckIdleState)
    UART_SetConfig                           0x08007439   Thumb Code   614  stm32g4xx_hal_uart.o(i.UART_SetConfig)
    UART_Start_Receive_IT                    0x080076d1   Thumb Code   256  stm32g4xx_hal_uart.o(i.UART_Start_Receive_IT)
    UART_WaitOnFlagUntilTimeout              0x080077e1   Thumb Code   148  stm32g4xx_hal_uart.o(i.UART_WaitOnFlagUntilTimeout)
    USART3_IRQHandler                        0x08007875   Thumb Code     6  stm32g4xx_it.o(i.USART3_IRQHandler)
    USBD_CDC_ConfigStrDescriptor             0x08007881   Thumb Code    16  usbd_desc.o(i.USBD_CDC_ConfigStrDescriptor)
    USBD_CDC_DeviceDescriptor                0x08007971   Thumb Code     8  usbd_desc.o(i.USBD_CDC_DeviceDescriptor)
    USBD_CDC_GetDeviceQualifierDescriptor    0x080079ad   Thumb Code     8  usbd_cdc.o(i.USBD_CDC_GetDeviceQualifierDescriptor)
    USBD_CDC_InterfaceStrDescriptor          0x08007a81   Thumb Code    16  usbd_desc.o(i.USBD_CDC_InterfaceStrDescriptor)
    USBD_CDC_LangIDStrDescriptor             0x08007aa5   Thumb Code     8  usbd_desc.o(i.USBD_CDC_LangIDStrDescriptor)
    USBD_CDC_ManufacturerStrDescriptor       0x08007ab1   Thumb Code    16  usbd_desc.o(i.USBD_CDC_ManufacturerStrDescriptor)
    USBD_CDC_ProductStrDescriptor            0x08007ad9   Thumb Code    16  usbd_desc.o(i.USBD_CDC_ProductStrDescriptor)
    USBD_CDC_ReceivePacket                   0x08007b05   Thumb Code    40  usbd_cdc.o(i.USBD_CDC_ReceivePacket)
    USBD_CDC_RegisterInterface               0x08007b2d   Thumb Code    14  usbd_cdc.o(i.USBD_CDC_RegisterInterface)
    USBD_CDC_SerialStrDescriptor             0x08007b3d   Thumb Code    48  usbd_desc.o(i.USBD_CDC_SerialStrDescriptor)
    USBD_CDC_SetRxBuffer                     0x08007b75   Thumb Code    18  usbd_cdc.o(i.USBD_CDC_SetRxBuffer)
    USBD_CDC_SetTxBuffer                     0x08007b87   Thumb Code    22  usbd_cdc.o(i.USBD_CDC_SetTxBuffer)
    USBD_ClrClassConfig                      0x08007c5b   Thumb Code    16  usbd_core.o(i.USBD_ClrClassConfig)
    USBD_CtlContinueRx                       0x08007c6b   Thumb Code    16  usbd_ioreq.o(i.USBD_CtlContinueRx)
    USBD_CtlContinueSendData                 0x08007c7b   Thumb Code    16  usbd_ioreq.o(i.USBD_CtlContinueSendData)
    USBD_CtlError                            0x08007c8b   Thumb Code    22  usbd_ctlreq.o(i.USBD_CtlError)
    USBD_CtlPrepareRx                        0x08007ca1   Thumb Code    30  usbd_ioreq.o(i.USBD_CtlPrepareRx)
    USBD_CtlReceiveStatus                    0x08007cbf   Thumb Code    22  usbd_ioreq.o(i.USBD_CtlReceiveStatus)
    USBD_CtlSendData                         0x08007cd5   Thumb Code    26  usbd_ioreq.o(i.USBD_CtlSendData)
    USBD_CtlSendStatus                       0x08007cef   Thumb Code    22  usbd_ioreq.o(i.USBD_CtlSendStatus)
    USBD_GetString                           0x08007dff   Thumb Code    72  usbd_ctlreq.o(i.USBD_GetString)
    USBD_Init                                0x08007e5f   Thumb Code    38  usbd_core.o(i.USBD_Init)
    USBD_LL_ClearStallEP                     0x08007e85   Thumb Code    18  usbd_conf.o(i.USBD_LL_ClearStallEP)
    USBD_LL_CloseEP                          0x08007e97   Thumb Code    18  usbd_conf.o(i.USBD_LL_CloseEP)
    USBD_LL_DataInStage                      0x08007ea9   Thumb Code   168  usbd_core.o(i.USBD_LL_DataInStage)
    USBD_LL_DataOutStage                     0x08007f51   Thumb Code   108  usbd_core.o(i.USBD_LL_DataOutStage)
    USBD_LL_GetRxDataSize                    0x08007fbd   Thumb Code     8  usbd_conf.o(i.USBD_LL_GetRxDataSize)
    USBD_LL_Init                             0x08007fc5   Thumb Code   124  usbd_conf.o(i.USBD_LL_Init)
    USBD_LL_IsStallEP                        0x08008049   Thumb Code    30  usbd_conf.o(i.USBD_LL_IsStallEP)
    USBD_LL_OpenEP                           0x08008067   Thumb Code    24  usbd_conf.o(i.USBD_LL_OpenEP)
    USBD_LL_PrepareReceive                   0x0800807f   Thumb Code    18  usbd_conf.o(i.USBD_LL_PrepareReceive)
    USBD_LL_Reset                            0x08008091   Thumb Code    90  usbd_core.o(i.USBD_LL_Reset)
    USBD_LL_Resume                           0x080080eb   Thumb Code    20  usbd_core.o(i.USBD_LL_Resume)
    USBD_LL_SOF                              0x080080ff   Thumb Code    32  usbd_core.o(i.USBD_LL_SOF)
    USBD_LL_SetSpeed                         0x0800811f   Thumb Code     6  usbd_core.o(i.USBD_LL_SetSpeed)
    USBD_LL_SetUSBAddress                    0x08008125   Thumb Code    18  usbd_conf.o(i.USBD_LL_SetUSBAddress)
    USBD_LL_SetupStage                       0x08008137   Thumb Code    96  usbd_core.o(i.USBD_LL_SetupStage)
    USBD_LL_StallEP                          0x08008197   Thumb Code    18  usbd_conf.o(i.USBD_LL_StallEP)
    USBD_LL_Start                            0x080081a9   Thumb Code    18  usbd_conf.o(i.USBD_LL_Start)
    USBD_LL_Suspend                          0x080081bb   Thumb Code    18  usbd_core.o(i.USBD_LL_Suspend)
    USBD_LL_Transmit                         0x080081cd   Thumb Code    18  usbd_conf.o(i.USBD_LL_Transmit)
    USBD_ParseSetupRequest                   0x080081df   Thumb Code    44  usbd_ctlreq.o(i.USBD_ParseSetupRequest)
    USBD_RegisterClass                       0x0800820b   Thumb Code    36  usbd_core.o(i.USBD_RegisterClass)
    USBD_SetClassConfig                      0x0800822f   Thumb Code    20  usbd_core.o(i.USBD_SetClassConfig)
    USBD_Start                               0x08008301   Thumb Code     4  usbd_core.o(i.USBD_Start)
    USBD_StdDevReq                           0x08008305   Thumb Code   276  usbd_ctlreq.o(i.USBD_StdDevReq)
    USBD_StdEPReq                            0x08008419   Thumb Code   320  usbd_ctlreq.o(i.USBD_StdEPReq)
    USBD_StdItfReq                           0x08008559   Thumb Code    82  usbd_ctlreq.o(i.USBD_StdItfReq)
    USBD_static_free                         0x080085ab   Thumb Code     2  usbd_conf.o(i.USBD_static_free)
    USBD_static_malloc                       0x080085ad   Thumb Code     4  usbd_conf.o(i.USBD_static_malloc)
    USB_ActivateEndpoint                     0x080085b5   Thumb Code   668  stm32g4xx_ll_usb.o(i.USB_ActivateEndpoint)
    USB_DeactivateEndpoint                   0x08008851   Thumb Code   270  stm32g4xx_ll_usb.o(i.USB_DeactivateEndpoint)
    USB_DevConnect                           0x0800895f   Thumb Code    14  stm32g4xx_ll_usb.o(i.USB_DevConnect)
    USB_DevInit                              0x0800896d   Thumb Code    18  stm32g4xx_ll_usb.o(i.USB_DevInit)
    USB_DisableGlobalInt                     0x0800897f   Thumb Code    16  stm32g4xx_ll_usb.o(i.USB_DisableGlobalInt)
    USB_EPClearStall                         0x0800898f   Thumb Code   120  stm32g4xx_ll_usb.o(i.USB_EPClearStall)
    USB_EPSetStall                           0x08008a07   Thumb Code    50  stm32g4xx_ll_usb.o(i.USB_EPSetStall)
    USB_EPStartXfer                          0x08008a39   Thumb Code  1250  stm32g4xx_ll_usb.o(i.USB_EPStartXfer)
    USB_EnableGlobalInt                      0x08008f1b   Thumb Code    18  stm32g4xx_ll_usb.o(i.USB_EnableGlobalInt)
    USB_LP_IRQHandler                        0x08008f2d   Thumb Code     6  stm32g4xx_it.o(i.USB_LP_IRQHandler)
    USB_ReadInterrupts                       0x08008f39   Thumb Code     6  stm32g4xx_ll_usb.o(i.USB_ReadInterrupts)
    USB_ReadPMA                              0x08008f3f   Thumb Code    40  stm32g4xx_ll_usb.o(i.USB_ReadPMA)
    USB_SetDevAddress                        0x08008f67   Thumb Code    12  stm32g4xx_ll_usb.o(i.USB_SetDevAddress)
    USB_WritePMA                             0x08008f75   Thumb Code    38  stm32g4xx_ll_usb.o(i.USB_WritePMA)
    UsageFault_Handler                       0x08008f9b   Thumb Code     2  stm32g4xx_it.o(i.UsageFault_Handler)
    __ARM_fpclassifyf                        0x08008f9d   Thumb Code    38  fpclassifyf.o(i.__ARM_fpclassifyf)
    __hardfp_cosf                            0x08008fe5   Thumb Code   280  cosf.o(i.__hardfp_cosf)
    __hardfp_floorf                          0x08009135   Thumb Code    98  floorf.o(i.__hardfp_floorf)
    __hardfp_fmod                            0x080091a5   Thumb Code   254  fmod.o(i.__hardfp_fmod)
    __hardfp_fmodf                           0x080092a9   Thumb Code   176  fmodf.o(i.__hardfp_fmodf)
    __hardfp_sinf                            0x08009359   Thumb Code   344  sinf.o(i.__hardfp_sinf)
    __mathlib_dbl_invalid                    0x080094e9   Thumb Code    24  dunder.o(i.__mathlib_dbl_invalid)
    __mathlib_flt_infnan                     0x08009509   Thumb Code     6  funder.o(i.__mathlib_flt_infnan)
    __mathlib_flt_invalid                    0x08009511   Thumb Code    10  funder.o(i.__mathlib_flt_invalid)
    __mathlib_flt_underflow                  0x08009521   Thumb Code    10  funder.o(i.__mathlib_flt_underflow)
    __mathlib_rredf2                         0x08009531   Thumb Code   316  rredf.o(i.__mathlib_rredf2)
    __scatterload_copy                       0x08009685   Thumb Code    14  handlers.o(i.__scatterload_copy)
    __scatterload_null                       0x08009693   Thumb Code     2  handlers.o(i.__scatterload_null)
    __scatterload_zeroinit                   0x08009695   Thumb Code    14  handlers.o(i.__scatterload_zeroinit)
    __set_errno                              0x080096a5   Thumb Code     6  errno.o(i.__set_errno)
    encoder_init                             0x080096b1   Thumb Code    28  encoder.o(i.encoder_init)
    encoder_loop                             0x080096cd   Thumb Code    66  encoder.o(i.encoder_loop)
    encoder_read_raw                         0x08009719   Thumb Code   176  encoder.o(i.encoder_read_raw)
    get_speed_M                              0x080097d1   Thumb Code   140  encoder.o(i.get_speed_M)
    main                                     0x08009895   Thumb Code   372  main.o(i.main)
    normalize_angle                          0x08009a41   Thumb Code    54  encoder.o(i.normalize_angle)
    rt_modf_snf                              0x08009b71   Thumb Code   296  foc_model.o(i.rt_modf_snf)
    vofa_send_data                           0x08009e65   Thumb Code    44  usart_vofa.o(i.vofa_send_data)
    vofa_sendframetail                       0x08009e99   Thumb Code    50  usart_vofa.o(i.vofa_sendframetail)
    vofa_transmit                            0x08009ed5   Thumb Code    10  usart_vofa.o(i.vofa_transmit)
    UARTPrescTable                           0x08009ee4   Data          24  stm32g4xx_hal_uart.o(.constdata)
    AHBPrescTable                            0x08009f0c   Data          16  system_stm32g4xx.o(.constdata)
    APBPrescTable                            0x08009f1c   Data           8  system_stm32g4xx.o(.constdata)
    rtM                                      0x08009f24   Data           4  foc_model.o(.constdata)
    Region$$Table$$Base                      0x08009f88   Number         0  anon$$obj.o(Region$$Table)
    Region$$Table$$Limit                     0x08009fa8   Number         0  anon$$obj.o(Region$$Table)
    adc1_in3                                 0x20000000   Data           2  main.o(.data)
    adc2_in1                                 0x20000002   Data           2  main.o(.data)
    Udc                                      0x20000004   Data           2  main.o(.data)
    time                                     0x20000008   Data           4  main.o(.data)
    uwTickPrio                               0x20000010   Data           4  stm32g4xx_hal.o(.data)
    uwTickFreq                               0x20000014   Data           4  stm32g4xx_hal.o(.data)
    uwTick                                   0x20000018   Data           4  stm32g4xx_hal.o(.data)
    SystemCoreClock                          0x2000001c   Data           4  system_stm32g4xx.o(.data)
    Uart1_Rx_Cnt                             0x20000020   Data           1  usart_vofa.o(.data)
    aRxBuffer                                0x20000021   Data           1  usart_vofa.o(.data)
    cnt                                      0x20000022   Data           2  usart_vofa.o(.data)
    motor_switch                             0x20000030   Data           1  foc_model.o(.data)
    rtY                                      0x20000034   Data           4  foc_model.o(.data)
    rtInfF                                   0x20000038   Data           4  foc_model.o(.data)
    rtMinusInfF                              0x2000003c   Data           4  foc_model.o(.data)
    rtNaNF                                   0x20000040   Data           4  foc_model.o(.data)
    rtInf                                    0x20000048   Data           8  foc_model.o(.data)
    rtMinusInf                               0x20000050   Data           8  foc_model.o(.data)
    rtNaN                                    0x20000058   Data           8  foc_model.o(.data)
    foc                                      0x20000060   Data         108  foc_model.o(.data)
    motor                                    0x200000cc   Data          16  foc_model.o(.data)
    CDC_Desc                                 0x200000dc   Data          32  usbd_desc.o(.data)
    USBD_LangIDDesc                          0x200000fc   Data           4  usbd_desc.o(.data)
    USBD_CDC_DeviceDesc                      0x20000100   Data          18  usbd_desc.o(.data)
    USBD_StringSerial                        0x20000114   Data          26  usbd_desc.o(.data)
    USBD_Interface_fops_FS                   0x20000130   Data          20  usbd_cdc_if.o(.data)
    USBD_CDC                                 0x20000220   Data          56  usbd_cdc.o(.data)
    hadc1                                    0x2000025c   Data         108  adc.o(.bss)
    hadc2                                    0x200002c8   Data         108  adc.o(.bss)
    hspi1                                    0x20000334   Data         100  spi.o(.bss)
    htim1                                    0x20000398   Data          76  tim.o(.bss)
    huart3                                   0x200003e4   Data         148  usart.o(.bss)
    hdma_usart3_rx                           0x20000478   Data          96  usart.o(.bss)
    hdma_usart3_tx                           0x200004d8   Data          96  usart.o(.bss)
    RxBuffer                                 0x20000538   Data         256  usart_vofa.o(.bss)
    send_buf                                 0x20000638   Data        1024  usart_vofa.o(.bss)
    mt6816                                   0x20000a38   Data         572  encoder.o(.bss)
    observer_flux                            0x20000c74   Data          16  foc_model.o(.bss)
    rtDW                                     0x20000c84   Data          76  foc_model.o(.bss)
    hpcd_USB_FS                              0x20000efc   Data         732  usbd_conf.o(.bss)
    hUsbDeviceFS                             0x200011d8   Data         720  usb_device.o(.bss)
    USBD_StrDesc                             0x200014a8   Data         512  usbd_desc.o(.bss)
    UserRxBufferFS                           0x200016a8   Data        2048  usbd_cdc_if.o(.bss)
    UserTxBufferFS                           0x20001ea8   Data        2048  usbd_cdc_if.o(.bss)
    __initial_sp                             0x20002aa8   Data           0  startup_stm32g474xx.o(STACK)



==============================================================================

Memory Map of the image

  Image Entry point : 0x080001d9

  Load Region LR_IROM1 (Base: 0x08000000, Size: 0x0000a204, Max: 0x00020000, ABSOLUTE, COMPRESSED[0x0000a094])

    Execution Region ER_IROM1 (Exec base: 0x08000000, Load base: 0x08000000, Size: 0x00009fa8, Max: 0x00020000, ABSOLUTE)

    Exec Addr    Load Addr    Size         Type   Attr      Idx    E Section Name        Object

    0x08000000   0x08000000   0x000001d8   Data   RO            3    RESET               startup_stm32g474xx.o
    0x080001d8   0x080001d8   0x00000000   Code   RO         6204  * .ARM.Collect$$$$00000000  mc_w.l(entry.o)
    0x080001d8   0x080001d8   0x00000004   Code   RO         6266    .ARM.Collect$$$$00000001  mc_w.l(entry2.o)
    0x080001dc   0x080001dc   0x00000004   Code   RO         6269    .ARM.Collect$$$$00000004  mc_w.l(entry5.o)
    0x080001e0   0x080001e0   0x00000000   Code   RO         6271    .ARM.Collect$$$$00000008  mc_w.l(entry7b.o)
    0x080001e0   0x080001e0   0x00000000   Code   RO         6273    .ARM.Collect$$$$0000000A  mc_w.l(entry8b.o)
    0x080001e0   0x080001e0   0x00000008   Code   RO         6274    .ARM.Collect$$$$0000000B  mc_w.l(entry9a.o)
    0x080001e8   0x080001e8   0x00000004   Code   RO         6281    .ARM.Collect$$$$0000000E  mc_w.l(entry12b.o)
    0x080001ec   0x080001ec   0x00000000   Code   RO         6276    .ARM.Collect$$$$0000000F  mc_w.l(entry10a.o)
    0x080001ec   0x080001ec   0x00000000   Code   RO         6278    .ARM.Collect$$$$00000011  mc_w.l(entry11a.o)
    0x080001ec   0x080001ec   0x00000004   Code   RO         6267    .ARM.Collect$$$$00002712  mc_w.l(entry2.o)
    0x080001f0   0x080001f0   0x00000024   Code   RO            4    .text               startup_stm32g474xx.o
    0x08000214   0x08000214   0x00000062   Code   RO         6207    .text               mc_w.l(uldiv.o)
    0x08000276   0x08000276   0x00000024   Code   RO         6209    .text               mc_w.l(memseta.o)
    0x0800029a   0x0800029a   0x000000de   Code   RO         6213    .text               mf_w.l(ddiv.o)
    0x08000378   0x08000378   0x00000026   Code   RO         6215    .text               mf_w.l(f2d.o)
    0x0800039e   0x0800039e   0x00000038   Code   RO         6217    .text               mf_w.l(d2f.o)
    0x080003d6   0x080003d6   0x0000001e   Code   RO         6282    .text               mc_w.l(llshl.o)
    0x080003f4   0x080003f4   0x00000020   Code   RO         6284    .text               mc_w.l(llushr.o)
    0x08000414   0x08000414   0x00000000   Code   RO         6293    .text               mc_w.l(iusefp.o)
    0x08000414   0x08000414   0x0000006e   Code   RO         6294    .text               mf_w.l(fepilogue.o)
    0x08000482   0x08000482   0x00000052   Code   RO         6296    .text               mf_w.l(frem.o)
    0x080004d4   0x080004d4   0x000000ba   Code   RO         6298    .text               mf_w.l(depilogue.o)
    0x0800058e   0x0800058e   0x0000014e   Code   RO         6300    .text               mf_w.l(dadd.o)
    0x080006dc   0x080006dc   0x00000086   Code   RO         6304    .text               mf_w.l(drem.o)
    0x08000762   0x08000762   0x00000002   PAD
    0x08000764   0x08000764   0x00000024   Code   RO         6316    .text               mc_w.l(init.o)
    0x08000788   0x08000788   0x00000024   Code   RO         6318    .text               mc_w.l(llsshr.o)
    0x080007ac   0x080007ac   0x00000056   Code   RO         6334    .text               mc_w.l(__dczerorl2.o)
    0x08000802   0x08000802   0x00000002   PAD
    0x08000804   0x08000804   0x0000001c   Code   RO          485    i.ADC1_2_IRQHandler  stm32g4xx_it.o
    0x08000820   0x08000820   0x000000e4   Code   RO         2589    i.ADC_ConversionStop  stm32g4xx_hal_adc.o
    0x08000904   0x08000904   0x00000070   Code   RO         2593    i.ADC_Disable       stm32g4xx_hal_adc.o
    0x08000974   0x08000974   0x000000c4   Code   RO         2594    i.ADC_Enable        stm32g4xx_hal_adc.o
    0x08000a38   0x08000a38   0x00000002   Code   RO          486    i.BusFault_Handler  stm32g4xx_it.o
    0x08000a3a   0x08000a3a   0x00000004   Code   RO         5707    i.CDC_Control_FS    usbd_cdc_if.o
    0x08000a3e   0x08000a3e   0x00000004   Code   RO         5708    i.CDC_DeInit_FS     usbd_cdc_if.o
    0x08000a42   0x08000a42   0x00000002   PAD
    0x08000a44   0x08000a44   0x00000024   Code   RO         5709    i.CDC_Init_FS       usbd_cdc_if.o
    0x08000a68   0x08000a68   0x00000018   Code   RO         5710    i.CDC_Receive_FS    usbd_cdc_if.o
    0x08000a80   0x08000a80   0x00000004   Code   RO         5711    i.CDC_TransmitCplt_FS  usbd_cdc_if.o
    0x08000a84   0x08000a84   0x0000000c   Code   RO          487    i.DMA1_Channel1_IRQHandler  stm32g4xx_it.o
    0x08000a90   0x08000a90   0x0000000c   Code   RO          488    i.DMA1_Channel2_IRQHandler  stm32g4xx_it.o
    0x08000a9c   0x08000a9c   0x00000040   Code   RO         1947    i.DMA_CalcDMAMUXChannelBaseAndMask  stm32g4xx_hal_dma.o
    0x08000adc   0x08000adc   0x00000024   Code   RO         1948    i.DMA_CalcDMAMUXRequestGenBaseAndMask  stm32g4xx_hal_dma.o
    0x08000b00   0x08000b00   0x0000003e   Code   RO         1949    i.DMA_SetConfig     stm32g4xx_hal_dma.o
    0x08000b3e   0x08000b3e   0x00000002   Code   RO          489    i.DebugMon_Handler  stm32g4xx_it.o
    0x08000b40   0x08000b40   0x00000022   Code   RO          490    i.EXTI9_5_IRQHandler  stm32g4xx_it.o
    0x08000b62   0x08000b62   0x00000004   Code   RO           13    i.Error_Handler     main.o
    0x08000b66   0x08000b66   0x00000002   PAD
    0x08000b68   0x08000b68   0x0000001c   Code   RO         5291    i.FOC_Model_initialize  foc_model.o
    0x08000b84   0x08000b84   0x0000069c   Code   RO         5292    i.FOC_Model_step    foc_model.o
    0x08001220   0x08001220   0x00000094   Code   RO         2827    i.HAL_ADCEx_Calibration_Start  stm32g4xx_hal_adc_ex.o
    0x080012b4   0x080012b4   0x00000002   Code   RO         2831    i.HAL_ADCEx_EndOfSamplingCallback  stm32g4xx_hal_adc_ex.o
    0x080012b6   0x080012b6   0x00000002   PAD
    0x080012b8   0x080012b8   0x00000560   Code   RO         2833    i.HAL_ADCEx_InjectedConfigChannel  stm32g4xx_hal_adc_ex.o
    0x08001818   0x08001818   0x00000120   Code   RO           14    i.HAL_ADCEx_InjectedConvCpltCallback  main.o
    0x08001938   0x08001938   0x00000002   Code   RO         2837    i.HAL_ADCEx_InjectedQueueOverflowCallback  stm32g4xx_hal_adc_ex.o
    0x0800193a   0x0800193a   0x00000002   PAD
    0x0800193c   0x0800193c   0x00000120   Code   RO         2838    i.HAL_ADCEx_InjectedStart  stm32g4xx_hal_adc_ex.o
    0x08001a5c   0x08001a5c   0x00000158   Code   RO         2839    i.HAL_ADCEx_InjectedStart_IT  stm32g4xx_hal_adc_ex.o
    0x08001bb4   0x08001bb4   0x00000002   Code   RO         2842    i.HAL_ADCEx_LevelOutOfWindow2Callback  stm32g4xx_hal_adc_ex.o
    0x08001bb6   0x08001bb6   0x00000002   Code   RO         2843    i.HAL_ADCEx_LevelOutOfWindow3Callback  stm32g4xx_hal_adc_ex.o
    0x08001bb8   0x08001bb8   0x00000160   Code   RO         2844    i.HAL_ADCEx_MultiModeConfigChannel  stm32g4xx_hal_adc_ex.o
    0x08001d18   0x08001d18   0x0000005c   Code   RO         2849    i.HAL_ADCEx_RegularStop  stm32g4xx_hal_adc_ex.o
    0x08001d74   0x08001d74   0x0000046c   Code   RO         2596    i.HAL_ADC_ConfigChannel  stm32g4xx_hal_adc.o
    0x080021e0   0x080021e0   0x00000002   Code   RO         2597    i.HAL_ADC_ConvCpltCallback  stm32g4xx_hal_adc.o
    0x080021e2   0x080021e2   0x00000002   Code   RO         2600    i.HAL_ADC_ErrorCallback  stm32g4xx_hal_adc.o
    0x080021e4   0x080021e4   0x000002b8   Code   RO         2604    i.HAL_ADC_IRQHandler  stm32g4xx_hal_adc.o
    0x0800249c   0x0800249c   0x00000230   Code   RO         2605    i.HAL_ADC_Init      stm32g4xx_hal_adc.o
    0x080026cc   0x080026cc   0x00000002   Code   RO         2606    i.HAL_ADC_LevelOutOfWindowCallback  stm32g4xx_hal_adc.o
    0x080026ce   0x080026ce   0x00000002   PAD
    0x080026d0   0x080026d0   0x00000130   Code   RO          281    i.HAL_ADC_MspInit   adc.o
    0x08002800   0x08002800   0x00000138   Code   RO         2611    i.HAL_ADC_Start     stm32g4xx_hal_adc.o
    0x08002938   0x08002938   0x0000006a   Code   RO         1950    i.HAL_DMA_Abort     stm32g4xx_hal_dma.o
    0x080029a2   0x080029a2   0x00000078   Code   RO         1951    i.HAL_DMA_Abort_IT  stm32g4xx_hal_dma.o
    0x08002a1a   0x08002a1a   0x000000ba   Code   RO         1955    i.HAL_DMA_IRQHandler  stm32g4xx_hal_dma.o
    0x08002ad4   0x08002ad4   0x000000c0   Code   RO         1956    i.HAL_DMA_Init      stm32g4xx_hal_dma.o
    0x08002b94   0x08002b94   0x0000008c   Code   RO         1960    i.HAL_DMA_Start_IT  stm32g4xx_hal_dma.o
    0x08002c20   0x08002c20   0x00000024   Code   RO         5189    i.HAL_GPIO_EXTI_Callback  motor_control.o
    0x08002c44   0x08002c44   0x00000018   Code   RO         1811    i.HAL_GPIO_EXTI_IRQHandler  stm32g4xx_hal_gpio.o
    0x08002c5c   0x08002c5c   0x00000248   Code   RO         1812    i.HAL_GPIO_Init     stm32g4xx_hal_gpio.o
    0x08002ea4   0x08002ea4   0x0000000a   Code   RO         1816    i.HAL_GPIO_WritePin  stm32g4xx_hal_gpio.o
    0x08002eae   0x08002eae   0x00000002   PAD
    0x08002eb0   0x08002eb0   0x0000000c   Code   RO         1091    i.HAL_GetTick       stm32g4xx_hal.o
    0x08002ebc   0x08002ebc   0x00000010   Code   RO         1097    i.HAL_IncTick       stm32g4xx_hal.o
    0x08002ecc   0x08002ecc   0x0000001e   Code   RO         1098    i.HAL_Init          stm32g4xx_hal.o
    0x08002eea   0x08002eea   0x00000002   PAD
    0x08002eec   0x08002eec   0x00000044   Code   RO         1099    i.HAL_InitTick      stm32g4xx_hal.o
    0x08002f30   0x08002f30   0x00000030   Code   RO          609    i.HAL_MspInit       stm32g4xx_hal_msp.o
    0x08002f60   0x08002f60   0x0000001a   Code   RO         2459    i.HAL_NVIC_EnableIRQ  stm32g4xx_hal_cortex.o
    0x08002f7a   0x08002f7a   0x00000002   PAD
    0x08002f7c   0x08002f7c   0x00000040   Code   RO         2465    i.HAL_NVIC_SetPriority  stm32g4xx_hal_cortex.o
    0x08002fbc   0x08002fbc   0x00000024   Code   RO         2466    i.HAL_NVIC_SetPriorityGrouping  stm32g4xx_hal_cortex.o
    0x08002fe0   0x08002fe0   0x00000024   Code   RO          865    i.HAL_PCDEx_ActivateLPM  stm32g4xx_hal_pcd_ex.o
    0x08003004   0x08003004   0x00000044   Code   RO         5378    i.HAL_PCDEx_LPM_Callback  usbd_conf.o
    0x08003048   0x08003048   0x0000003c   Code   RO          871    i.HAL_PCDEx_PMAConfig  stm32g4xx_hal_pcd_ex.o
    0x08003084   0x08003084   0x00000012   Code   RO         5380    i.HAL_PCD_DataInStageCallback  usbd_conf.o
    0x08003096   0x08003096   0x00000014   Code   RO         5381    i.HAL_PCD_DataOutStageCallback  usbd_conf.o
    0x080030aa   0x080030aa   0x0000004a   Code   RO          643    i.HAL_PCD_EP_Close  stm32g4xx_hal_pcd.o
    0x080030f4   0x080030f4   0x0000005a   Code   RO          644    i.HAL_PCD_EP_ClrStall  stm32g4xx_hal_pcd.o
    0x0800314e   0x0800314e   0x000000dc   Code   RO          645    i.HAL_PCD_EP_DB_Receive  stm32g4xx_hal_pcd.o
    0x0800322a   0x0800322a   0x00000340   Code   RO          646    i.HAL_PCD_EP_DB_Transmit  stm32g4xx_hal_pcd.o
    0x0800356a   0x0800356a   0x00000012   Code   RO          648    i.HAL_PCD_EP_GetRxCount  stm32g4xx_hal_pcd.o
    0x0800357c   0x0800357c   0x00000058   Code   RO          649    i.HAL_PCD_EP_Open   stm32g4xx_hal_pcd.o
    0x080035d4   0x080035d4   0x0000002e   Code   RO          650    i.HAL_PCD_EP_Receive  stm32g4xx_hal_pcd.o
    0x08003602   0x08003602   0x0000005e   Code   RO          651    i.HAL_PCD_EP_SetStall  stm32g4xx_hal_pcd.o
    0x08003660   0x08003660   0x0000002e   Code   RO          652    i.HAL_PCD_EP_Transmit  stm32g4xx_hal_pcd.o
    0x0800368e   0x0800368e   0x0000014a   Code   RO          654    i.HAL_PCD_IRQHandler  stm32g4xx_hal_pcd.o
    0x080037d8   0x080037d8   0x0000009c   Code   RO          657    i.HAL_PCD_Init      stm32g4xx_hal_pcd.o
    0x08003874   0x08003874   0x00000058   Code   RO         5386    i.HAL_PCD_MspInit   usbd_conf.o
    0x080038cc   0x080038cc   0x00000026   Code   RO         5387    i.HAL_PCD_ResetCallback  usbd_conf.o
    0x080038f2   0x080038f2   0x00000002   PAD
    0x080038f4   0x080038f4   0x00000028   Code   RO         5388    i.HAL_PCD_ResumeCallback  usbd_conf.o
    0x0800391c   0x0800391c   0x00000008   Code   RO         5389    i.HAL_PCD_SOFCallback  usbd_conf.o
    0x08003924   0x08003924   0x00000026   Code   RO          663    i.HAL_PCD_SetAddress  stm32g4xx_hal_pcd.o
    0x0800394a   0x0800394a   0x0000000e   Code   RO         5390    i.HAL_PCD_SetupStageCallback  usbd_conf.o
    0x08003958   0x08003958   0x0000002a   Code   RO          665    i.HAL_PCD_Start     stm32g4xx_hal_pcd.o
    0x08003982   0x08003982   0x00000002   PAD
    0x08003984   0x08003984   0x00000024   Code   RO         5391    i.HAL_PCD_SuspendCallback  usbd_conf.o
    0x080039a8   0x080039a8   0x000000bc   Code   RO         2215    i.HAL_PWREx_ControlVoltageScaling  stm32g4xx_hal_pwr_ex.o
    0x08003a64   0x08003a64   0x00000010   Code   RO         2227    i.HAL_PWREx_DisableUCPDDeadBattery  stm32g4xx_hal_pwr_ex.o
    0x08003a74   0x08003a74   0x00000300   Code   RO         1458    i.HAL_RCCEx_PeriphCLKConfig  stm32g4xx_hal_rcc_ex.o
    0x08003d74   0x08003d74   0x000001dc   Code   RO         1333    i.HAL_RCC_ClockConfig  stm32g4xx_hal_rcc.o
    0x08003f50   0x08003f50   0x00000024   Code   RO         1341    i.HAL_RCC_GetPCLK1Freq  stm32g4xx_hal_rcc.o
    0x08003f74   0x08003f74   0x00000024   Code   RO         1342    i.HAL_RCC_GetPCLK2Freq  stm32g4xx_hal_rcc.o
    0x08003f98   0x08003f98   0x0000006c   Code   RO         1343    i.HAL_RCC_GetSysClockFreq  stm32g4xx_hal_rcc.o
    0x08004004   0x08004004   0x00000404   Code   RO         1346    i.HAL_RCC_OscConfig  stm32g4xx_hal_rcc.o
    0x08004408   0x08004408   0x000000ea   Code   RO         3047    i.HAL_SPI_Init      stm32g4xx_hal_spi.o
    0x080044f2   0x080044f2   0x00000002   PAD
    0x080044f4   0x080044f4   0x00000064   Code   RO          354    i.HAL_SPI_MspInit   spi.o
    0x08004558   0x08004558   0x0000026c   Code   RO         3056    i.HAL_SPI_TransmitReceive  stm32g4xx_hal_spi.o
    0x080047c4   0x080047c4   0x00000028   Code   RO         2470    i.HAL_SYSTICK_Config  stm32g4xx_hal_cortex.o
    0x080047ec   0x080047ec   0x00000002   Code   RO         4103    i.HAL_TIMEx_Break2Callback  stm32g4xx_hal_tim_ex.o
    0x080047ee   0x080047ee   0x00000002   Code   RO         4104    i.HAL_TIMEx_BreakCallback  stm32g4xx_hal_tim_ex.o
    0x080047f0   0x080047f0   0x00000002   Code   RO         4105    i.HAL_TIMEx_CommutCallback  stm32g4xx_hal_tim_ex.o
    0x080047f2   0x080047f2   0x00000002   PAD
    0x080047f4   0x080047f4   0x000000a8   Code   RO         4108    i.HAL_TIMEx_ConfigBreakDeadTime  stm32g4xx_hal_tim_ex.o
    0x0800489c   0x0800489c   0x00000002   Code   RO         4116    i.HAL_TIMEx_DirectionChangeCallback  stm32g4xx_hal_tim_ex.o
    0x0800489e   0x0800489e   0x00000002   Code   RO         4130    i.HAL_TIMEx_EncoderIndexCallback  stm32g4xx_hal_tim_ex.o
    0x080048a0   0x080048a0   0x00000002   Code   RO         4144    i.HAL_TIMEx_IndexErrorCallback  stm32g4xx_hal_tim_ex.o
    0x080048a2   0x080048a2   0x00000002   PAD
    0x080048a4   0x080048a4   0x000000b8   Code   RO         4145    i.HAL_TIMEx_MasterConfigSynchronization  stm32g4xx_hal_tim_ex.o
    0x0800495c   0x0800495c   0x000000cc   Code   RO         4157    i.HAL_TIMEx_PWMN_Start  stm32g4xx_hal_tim_ex.o
    0x08004a28   0x08004a28   0x00000068   Code   RO         4160    i.HAL_TIMEx_PWMN_Stop  stm32g4xx_hal_tim_ex.o
    0x08004a90   0x08004a90   0x00000002   Code   RO         4166    i.HAL_TIMEx_TransitionErrorCallback  stm32g4xx_hal_tim_ex.o
    0x08004a92   0x08004a92   0x00000062   Code   RO         3389    i.HAL_TIM_Base_Init  stm32g4xx_hal_tim.o
    0x08004af4   0x08004af4   0x0000004c   Code   RO          396    i.HAL_TIM_Base_MspInit  tim.o
    0x08004b40   0x08004b40   0x00000080   Code   RO         3392    i.HAL_TIM_Base_Start  stm32g4xx_hal_tim.o
    0x08004bc0   0x08004bc0   0x000000f0   Code   RO         3398    i.HAL_TIM_ConfigClockSource  stm32g4xx_hal_tim.o
    0x08004cb0   0x08004cb0   0x00000002   Code   RO         3423    i.HAL_TIM_IC_CaptureCallback  stm32g4xx_hal_tim.o
    0x08004cb2   0x08004cb2   0x000001a2   Code   RO         3437    i.HAL_TIM_IRQHandler  stm32g4xx_hal_tim.o
    0x08004e54   0x08004e54   0x00000094   Code   RO          397    i.HAL_TIM_MspPostInit  tim.o
    0x08004ee8   0x08004ee8   0x00000002   Code   RO         3440    i.HAL_TIM_OC_DelayElapsedCallback  stm32g4xx_hal_tim.o
    0x08004eea   0x08004eea   0x00000124   Code   RO         3461    i.HAL_TIM_PWM_ConfigChannel  stm32g4xx_hal_tim.o
    0x0800500e   0x0800500e   0x00000062   Code   RO         3464    i.HAL_TIM_PWM_Init  stm32g4xx_hal_tim.o
    0x08005070   0x08005070   0x00000002   Code   RO         3466    i.HAL_TIM_PWM_MspInit  stm32g4xx_hal_tim.o
    0x08005072   0x08005072   0x00000002   Code   RO         3467    i.HAL_TIM_PWM_PulseFinishedCallback  stm32g4xx_hal_tim.o
    0x08005074   0x08005074   0x00000114   Code   RO         3469    i.HAL_TIM_PWM_Start  stm32g4xx_hal_tim.o
    0x08005188   0x08005188   0x000000b8   Code   RO         3472    i.HAL_TIM_PWM_Stop  stm32g4xx_hal_tim.o
    0x08005240   0x08005240   0x00000002   Code   RO         3475    i.HAL_TIM_PeriodElapsedCallback  stm32g4xx_hal_tim.o
    0x08005242   0x08005242   0x00000002   Code   RO         3480    i.HAL_TIM_TriggerCallback  stm32g4xx_hal_tim.o
    0x08005244   0x08005244   0x0000003e   Code   RO         4952    i.HAL_UARTEx_DisableFifoMode  stm32g4xx_hal_uart_ex.o
    0x08005282   0x08005282   0x00000002   Code   RO         4541    i.HAL_UARTEx_RxEventCallback  stm32g4xx_hal_uart.o
    0x08005284   0x08005284   0x00000002   Code   RO         4960    i.HAL_UARTEx_RxFifoFullCallback  stm32g4xx_hal_uart_ex.o
    0x08005286   0x08005286   0x0000004c   Code   RO         4961    i.HAL_UARTEx_SetRxFifoThreshold  stm32g4xx_hal_uart_ex.o
    0x080052d2   0x080052d2   0x0000004c   Code   RO         4962    i.HAL_UARTEx_SetTxFifoThreshold  stm32g4xx_hal_uart_ex.o
    0x0800531e   0x0800531e   0x00000002   Code   RO         4964    i.HAL_UARTEx_TxFifoEmptyCallback  stm32g4xx_hal_uart_ex.o
    0x08005320   0x08005320   0x00000002   Code   RO         4965    i.HAL_UARTEx_WakeupCallback  stm32g4xx_hal_uart_ex.o
    0x08005322   0x08005322   0x00000002   Code   RO         4557    i.HAL_UART_ErrorCallback  stm32g4xx_hal_uart.o
    0x08005324   0x08005324   0x0000030c   Code   RO         4560    i.HAL_UART_IRQHandler  stm32g4xx_hal_uart.o
    0x08005630   0x08005630   0x0000006a   Code   RO         4561    i.HAL_UART_Init     stm32g4xx_hal_uart.o
    0x0800569a   0x0800569a   0x00000002   PAD
    0x0800569c   0x0800569c   0x000000f4   Code   RO          444    i.HAL_UART_MspInit  usart.o
    0x08005790   0x08005790   0x00000048   Code   RO         4566    i.HAL_UART_Receive_IT  stm32g4xx_hal_uart.o
    0x080057d8   0x080057d8   0x00000080   Code   RO         5108    i.HAL_UART_RxCpltCallback  usart_vofa.o
    0x08005858   0x08005858   0x000000ae   Code   RO         4570    i.HAL_UART_Transmit  stm32g4xx_hal_uart.o
    0x08005906   0x08005906   0x00000002   PAD
    0x08005908   0x08005908   0x00000090   Code   RO         4571    i.HAL_UART_Transmit_DMA  stm32g4xx_hal_uart.o
    0x08005998   0x08005998   0x00000002   Code   RO         4573    i.HAL_UART_TxCpltCallback  stm32g4xx_hal_uart.o
    0x0800599a   0x0800599a   0x00000002   Code   RO         4574    i.HAL_UART_TxHalfCpltCallback  stm32g4xx_hal_uart.o
    0x0800599c   0x0800599c   0x00000002   Code   RO          491    i.HardFault_Handler  stm32g4xx_it.o
    0x0800599e   0x0800599e   0x00000002   PAD
    0x080059a0   0x080059a0   0x00000038   Code   RO         5621    i.IntToUnicode      usbd_desc.o
    0x080059d8   0x080059d8   0x0000000c   Code   RO         2619    i.LL_ADC_GetOffsetChannel  stm32g4xx_hal_adc.o
    0x080059e4   0x080059e4   0x0000000c   Code   RO         2852    i.LL_ADC_GetOffsetChannel  stm32g4xx_hal_adc_ex.o
    0x080059f0   0x080059f0   0x00000008   Code   RO         2620    i.LL_ADC_INJ_IsConversionOngoing  stm32g4xx_hal_adc.o
    0x080059f8   0x080059f8   0x00000008   Code   RO         2853    i.LL_ADC_INJ_IsConversionOngoing  stm32g4xx_hal_adc_ex.o
    0x08005a00   0x08005a00   0x00000008   Code   RO         2621    i.LL_ADC_REG_IsConversionOngoing  stm32g4xx_hal_adc.o
    0x08005a08   0x08005a08   0x00000008   Code   RO         2854    i.LL_ADC_REG_IsConversionOngoing  stm32g4xx_hal_adc_ex.o
    0x08005a10   0x08005a10   0x00000010   Code   RO         2622    i.LL_ADC_REG_IsTriggerSourceSWStart  stm32g4xx_hal_adc.o
    0x08005a20   0x08005a20   0x0000001e   Code   RO         2624    i.LL_ADC_SetChannelSamplingTime  stm32g4xx_hal_adc.o
    0x08005a3e   0x08005a3e   0x0000001e   Code   RO         2855    i.LL_ADC_SetChannelSamplingTime  stm32g4xx_hal_adc_ex.o
    0x08005a5c   0x08005a5c   0x00000010   Code   RO         2625    i.LL_ADC_SetOffsetState  stm32g4xx_hal_adc.o
    0x08005a6c   0x08005a6c   0x00000010   Code   RO         2856    i.LL_ADC_SetOffsetState  stm32g4xx_hal_adc_ex.o
    0x08005a7c   0x08005a7c   0x000000f0   Code   RO          282    i.MX_ADC1_Init      adc.o
    0x08005b6c   0x08005b6c   0x000000e0   Code   RO          283    i.MX_ADC2_Init      adc.o
    0x08005c4c   0x08005c4c   0x0000004c   Code   RO          329    i.MX_DMA_Init       dma.o
    0x08005c98   0x08005c98   0x000000d0   Code   RO          256    i.MX_GPIO_Init      gpio.o
    0x08005d68   0x08005d68   0x00000050   Code   RO          355    i.MX_SPI1_Init      spi.o
    0x08005db8   0x08005db8   0x00000110   Code   RO          398    i.MX_TIM1_Init      tim.o
    0x08005ec8   0x08005ec8   0x00000068   Code   RO          445    i.MX_USART3_UART_Init  usart.o
    0x08005f30   0x08005f30   0x00000054   Code   RO         5590    i.MX_USB_Device_Init  usb_device.o
    0x08005f84   0x08005f84   0x00000002   Code   RO          492    i.MemManage_Handler  stm32g4xx_it.o
    0x08005f86   0x08005f86   0x00000002   PAD
    0x08005f88   0x08005f88   0x0000004c   Code   RO         5190    i.Motor_start       motor_control.o
    0x08005fd4   0x08005fd4   0x0000004c   Code   RO         5191    i.Motor_stop        motor_control.o
    0x08006020   0x08006020   0x00000002   Code   RO          493    i.NMI_Handler       stm32g4xx_it.o
    0x08006022   0x08006022   0x00000396   Code   RO          668    i.PCD_EP_ISR_Handler  stm32g4xx_hal_pcd.o
    0x080063b8   0x080063b8   0x00000134   Code   RO         5293    i.Park_Trans        foc_model.o
    0x080064ec   0x080064ec   0x00000002   Code   RO          494    i.PendSV_Handler    stm32g4xx_it.o
    0x080064ee   0x080064ee   0x00000048   Code   RO         3085    i.SPI_EndRxTxTransaction  stm32g4xx_hal_spi.o
    0x08006536   0x08006536   0x00000002   PAD
    0x08006538   0x08006538   0x000000e0   Code   RO         3090    i.SPI_WaitFifoStateUntilTimeout  stm32g4xx_hal_spi.o
    0x08006618   0x08006618   0x000000b8   Code   RO         3091    i.SPI_WaitFlagStateUntilTimeout  stm32g4xx_hal_spi.o
    0x080066d0   0x080066d0   0x00000002   Code   RO          495    i.SVC_Handler       stm32g4xx_it.o
    0x080066d2   0x080066d2   0x0000000a   Code   RO         5902    i.SWAPBYTE          usbd_ctlreq.o
    0x080066dc   0x080066dc   0x00000004   Code   RO          496    i.SysTick_Handler   stm32g4xx_it.o
    0x080066e0   0x080066e0   0x0000006a   Code   RO           15    i.SystemClock_Config  main.o
    0x0800674a   0x0800674a   0x00000002   PAD
    0x0800674c   0x0800674c   0x00000010   Code   RO         5071    i.SystemInit        system_stm32g4xx.o
    0x0800675c   0x0800675c   0x0000000c   Code   RO          497    i.TIM1_BRK_TIM15_IRQHandler  stm32g4xx_it.o
    0x08006768   0x08006768   0x0000000c   Code   RO          498    i.TIM1_UP_TIM16_IRQHandler  stm32g4xx_it.o
    0x08006774   0x08006774   0x000000e4   Code   RO         3482    i.TIM_Base_SetConfig  stm32g4xx_hal_tim.o
    0x08006858   0x08006858   0x0000001a   Code   RO         3483    i.TIM_CCxChannelCmd  stm32g4xx_hal_tim.o
    0x08006872   0x08006872   0x0000001a   Code   RO         4169    i.TIM_CCxNChannelCmd  stm32g4xx_hal_tim_ex.o
    0x0800688c   0x0800688c   0x00000014   Code   RO         3493    i.TIM_ETR_SetConfig  stm32g4xx_hal_tim.o
    0x080068a0   0x080068a0   0x00000014   Code   RO         3494    i.TIM_ITRx_SetConfig  stm32g4xx_hal_tim.o
    0x080068b4   0x080068b4   0x000000ac   Code   RO         3495    i.TIM_OC1_SetConfig  stm32g4xx_hal_tim.o
    0x08006960   0x08006960   0x000000a0   Code   RO         3496    i.TIM_OC2_SetConfig  stm32g4xx_hal_tim.o
    0x08006a00   0x08006a00   0x000000a0   Code   RO         3497    i.TIM_OC3_SetConfig  stm32g4xx_hal_tim.o
    0x08006aa0   0x08006aa0   0x000000a0   Code   RO         3498    i.TIM_OC4_SetConfig  stm32g4xx_hal_tim.o
    0x08006b40   0x08006b40   0x00000078   Code   RO         3499    i.TIM_OC5_SetConfig  stm32g4xx_hal_tim.o
    0x08006bb8   0x08006bb8   0x0000007c   Code   RO         3500    i.TIM_OC6_SetConfig  stm32g4xx_hal_tim.o
    0x08006c34   0x08006c34   0x00000022   Code   RO         3502    i.TIM_TI1_ConfigInputStage  stm32g4xx_hal_tim.o
    0x08006c56   0x08006c56   0x00000024   Code   RO         3504    i.TIM_TI2_ConfigInputStage  stm32g4xx_hal_tim.o
    0x08006c7a   0x08006c7a   0x00000002   PAD
    0x08006c7c   0x08006c7c   0x00000044   Code   RO         4966    i.UARTEx_SetNbDataToProcess  stm32g4xx_hal_uart_ex.o
    0x08006cc0   0x08006cc0   0x000000c8   Code   RO         4575    i.UART_AdvFeatureConfig  stm32g4xx_hal_uart.o
    0x08006d88   0x08006d88   0x000000ac   Code   RO         4576    i.UART_CheckIdleState  stm32g4xx_hal_uart.o
    0x08006e34   0x08006e34   0x00000014   Code   RO         4577    i.UART_DMAAbortOnError  stm32g4xx_hal_uart.o
    0x08006e48   0x08006e48   0x00000050   Code   RO         4578    i.UART_DMAError     stm32g4xx_hal_uart.o
    0x08006e98   0x08006e98   0x00000042   Code   RO         4583    i.UART_DMATransmitCplt  stm32g4xx_hal_uart.o
    0x08006eda   0x08006eda   0x0000000a   Code   RO         4585    i.UART_DMATxHalfCplt  stm32g4xx_hal_uart.o
    0x08006ee4   0x08006ee4   0x00000054   Code   RO         4587    i.UART_EndRxTransfer  stm32g4xx_hal_uart.o
    0x08006f38   0x08006f38   0x0000002e   Code   RO         4588    i.UART_EndTxTransfer  stm32g4xx_hal_uart.o
    0x08006f66   0x08006f66   0x00000002   PAD
    0x08006f68   0x08006f68   0x000000c8   Code   RO         4589    i.UART_RxISR_16BIT  stm32g4xx_hal_uart.o
    0x08007030   0x08007030   0x000001a0   Code   RO         4590    i.UART_RxISR_16BIT_FIFOEN  stm32g4xx_hal_uart.o
    0x080071d0   0x080071d0   0x000000c8   Code   RO         4591    i.UART_RxISR_8BIT   stm32g4xx_hal_uart.o
    0x08007298   0x08007298   0x000001a0   Code   RO         4592    i.UART_RxISR_8BIT_FIFOEN  stm32g4xx_hal_uart.o
    0x08007438   0x08007438   0x00000298   Code   RO         4593    i.UART_SetConfig    stm32g4xx_hal_uart.o
    0x080076d0   0x080076d0   0x00000110   Code   RO         4595    i.UART_Start_Receive_IT  stm32g4xx_hal_uart.o
    0x080077e0   0x080077e0   0x00000094   Code   RO         4600    i.UART_WaitOnFlagUntilTimeout  stm32g4xx_hal_uart.o
    0x08007874   0x08007874   0x0000000c   Code   RO          499    i.USART3_IRQHandler  stm32g4xx_it.o
    0x08007880   0x08007880   0x00000020   Code   RO         5622    i.USBD_CDC_ConfigStrDescriptor  usbd_desc.o
    0x080078a0   0x080078a0   0x0000005e   Code   RO         6035    i.USBD_CDC_DataIn   usbd_cdc.o
    0x080078fe   0x080078fe   0x0000002a   Code   RO         6036    i.USBD_CDC_DataOut  usbd_cdc.o
    0x08007928   0x08007928   0x00000048   Code   RO         6037    i.USBD_CDC_DeInit   usbd_cdc.o
    0x08007970   0x08007970   0x0000000c   Code   RO         5623    i.USBD_CDC_DeviceDescriptor  usbd_desc.o
    0x0800797c   0x0800797c   0x0000002e   Code   RO         6038    i.USBD_CDC_EP0_RxReady  usbd_cdc.o
    0x080079aa   0x080079aa   0x00000002   PAD
    0x080079ac   0x080079ac   0x0000000c   Code   RO         6039    i.USBD_CDC_GetDeviceQualifierDescriptor  usbd_cdc.o
    0x080079b8   0x080079b8   0x0000000c   Code   RO         6040    i.USBD_CDC_GetFSCfgDesc  usbd_cdc.o
    0x080079c4   0x080079c4   0x0000000c   Code   RO         6041    i.USBD_CDC_GetHSCfgDesc  usbd_cdc.o
    0x080079d0   0x080079d0   0x0000000c   Code   RO         6042    i.USBD_CDC_GetOtherSpeedCfgDesc  usbd_cdc.o
    0x080079dc   0x080079dc   0x000000a2   Code   RO         6043    i.USBD_CDC_Init     usbd_cdc.o
    0x08007a7e   0x08007a7e   0x00000002   PAD
    0x08007a80   0x08007a80   0x00000024   Code   RO         5624    i.USBD_CDC_InterfaceStrDescriptor  usbd_desc.o
    0x08007aa4   0x08007aa4   0x0000000c   Code   RO         5625    i.USBD_CDC_LangIDStrDescriptor  usbd_desc.o
    0x08007ab0   0x08007ab0   0x00000028   Code   RO         5626    i.USBD_CDC_ManufacturerStrDescriptor  usbd_desc.o
    0x08007ad8   0x08007ad8   0x0000002c   Code   RO         5627    i.USBD_CDC_ProductStrDescriptor  usbd_desc.o
    0x08007b04   0x08007b04   0x00000028   Code   RO         6044    i.USBD_CDC_ReceivePacket  usbd_cdc.o
    0x08007b2c   0x08007b2c   0x0000000e   Code   RO         6045    i.USBD_CDC_RegisterInterface  usbd_cdc.o
    0x08007b3a   0x08007b3a   0x00000002   PAD
    0x08007b3c   0x08007b3c   0x00000038   Code   RO         5628    i.USBD_CDC_SerialStrDescriptor  usbd_desc.o
    0x08007b74   0x08007b74   0x00000012   Code   RO         6046    i.USBD_CDC_SetRxBuffer  usbd_cdc.o
    0x08007b86   0x08007b86   0x00000016   Code   RO         6047    i.USBD_CDC_SetTxBuffer  usbd_cdc.o
    0x08007b9c   0x08007b9c   0x000000be   Code   RO         6048    i.USBD_CDC_Setup    usbd_cdc.o
    0x08007c5a   0x08007c5a   0x00000010   Code   RO         5764    i.USBD_ClrClassConfig  usbd_core.o
    0x08007c6a   0x08007c6a   0x00000010   Code   RO         5975    i.USBD_CtlContinueRx  usbd_ioreq.o
    0x08007c7a   0x08007c7a   0x00000010   Code   RO         5976    i.USBD_CtlContinueSendData  usbd_ioreq.o
    0x08007c8a   0x08007c8a   0x00000016   Code   RO         5903    i.USBD_CtlError     usbd_ctlreq.o
    0x08007ca0   0x08007ca0   0x0000001e   Code   RO         5977    i.USBD_CtlPrepareRx  usbd_ioreq.o
    0x08007cbe   0x08007cbe   0x00000016   Code   RO         5978    i.USBD_CtlReceiveStatus  usbd_ioreq.o
    0x08007cd4   0x08007cd4   0x0000001a   Code   RO         5979    i.USBD_CtlSendData  usbd_ioreq.o
    0x08007cee   0x08007cee   0x00000016   Code   RO         5980    i.USBD_CtlSendStatus  usbd_ioreq.o
    0x08007d04   0x08007d04   0x000000fa   Code   RO         5904    i.USBD_GetDescriptor  usbd_ctlreq.o
    0x08007dfe   0x08007dfe   0x00000048   Code   RO         5905    i.USBD_GetString    usbd_ctlreq.o
    0x08007e46   0x08007e46   0x00000018   Code   RO         5392    i.USBD_Get_USB_Status  usbd_conf.o
    0x08007e5e   0x08007e5e   0x00000026   Code   RO         5766    i.USBD_Init         usbd_core.o
    0x08007e84   0x08007e84   0x00000012   Code   RO         5393    i.USBD_LL_ClearStallEP  usbd_conf.o
    0x08007e96   0x08007e96   0x00000012   Code   RO         5394    i.USBD_LL_CloseEP   usbd_conf.o
    0x08007ea8   0x08007ea8   0x000000a8   Code   RO         5767    i.USBD_LL_DataInStage  usbd_core.o
    0x08007f50   0x08007f50   0x0000006c   Code   RO         5768    i.USBD_LL_DataOutStage  usbd_core.o
    0x08007fbc   0x08007fbc   0x00000008   Code   RO         5398    i.USBD_LL_GetRxDataSize  usbd_conf.o
    0x08007fc4   0x08007fc4   0x00000084   Code   RO         5399    i.USBD_LL_Init      usbd_conf.o
    0x08008048   0x08008048   0x0000001e   Code   RO         5400    i.USBD_LL_IsStallEP  usbd_conf.o
    0x08008066   0x08008066   0x00000018   Code   RO         5401    i.USBD_LL_OpenEP    usbd_conf.o
    0x0800807e   0x0800807e   0x00000012   Code   RO         5402    i.USBD_LL_PrepareReceive  usbd_conf.o
    0x08008090   0x08008090   0x0000005a   Code   RO         5773    i.USBD_LL_Reset     usbd_core.o
    0x080080ea   0x080080ea   0x00000014   Code   RO         5774    i.USBD_LL_Resume    usbd_core.o
    0x080080fe   0x080080fe   0x00000020   Code   RO         5775    i.USBD_LL_SOF       usbd_core.o
    0x0800811e   0x0800811e   0x00000006   Code   RO         5776    i.USBD_LL_SetSpeed  usbd_core.o
    0x08008124   0x08008124   0x00000012   Code   RO         5403    i.USBD_LL_SetUSBAddress  usbd_conf.o
    0x08008136   0x08008136   0x00000060   Code   RO         5777    i.USBD_LL_SetupStage  usbd_core.o
    0x08008196   0x08008196   0x00000012   Code   RO         5404    i.USBD_LL_StallEP   usbd_conf.o
    0x080081a8   0x080081a8   0x00000012   Code   RO         5405    i.USBD_LL_Start     usbd_conf.o
    0x080081ba   0x080081ba   0x00000012   Code   RO         5778    i.USBD_LL_Suspend   usbd_core.o
    0x080081cc   0x080081cc   0x00000012   Code   RO         5407    i.USBD_LL_Transmit  usbd_conf.o
    0x080081de   0x080081de   0x0000002c   Code   RO         5906    i.USBD_ParseSetupRequest  usbd_ctlreq.o
    0x0800820a   0x0800820a   0x00000024   Code   RO         5779    i.USBD_RegisterClass  usbd_core.o
    0x0800822e   0x0800822e   0x00000014   Code   RO         5781    i.USBD_SetClassConfig  usbd_core.o
    0x08008242   0x08008242   0x00000002   PAD
    0x08008244   0x08008244   0x000000bc   Code   RO         5907    i.USBD_SetConfig    usbd_ctlreq.o
    0x08008300   0x08008300   0x00000004   Code   RO         5782    i.USBD_Start        usbd_core.o
    0x08008304   0x08008304   0x00000114   Code   RO         5908    i.USBD_StdDevReq    usbd_ctlreq.o
    0x08008418   0x08008418   0x00000140   Code   RO         5909    i.USBD_StdEPReq     usbd_ctlreq.o
    0x08008558   0x08008558   0x00000052   Code   RO         5910    i.USBD_StdItfReq    usbd_ctlreq.o
    0x080085aa   0x080085aa   0x00000002   Code   RO         5408    i.USBD_static_free  usbd_conf.o
    0x080085ac   0x080085ac   0x00000008   Code   RO         5409    i.USBD_static_malloc  usbd_conf.o
    0x080085b4   0x080085b4   0x0000029c   Code   RO          930    i.USB_ActivateEndpoint  stm32g4xx_ll_usb.o
    0x08008850   0x08008850   0x0000010e   Code   RO          934    i.USB_DeactivateEndpoint  stm32g4xx_ll_usb.o
    0x0800895e   0x0800895e   0x0000000e   Code   RO          935    i.USB_DevConnect    stm32g4xx_ll_usb.o
    0x0800896c   0x0800896c   0x00000012   Code   RO          937    i.USB_DevInit       stm32g4xx_ll_usb.o
    0x0800897e   0x0800897e   0x00000010   Code   RO          938    i.USB_DisableGlobalInt  stm32g4xx_ll_usb.o
    0x0800898e   0x0800898e   0x00000078   Code   RO          939    i.USB_EPClearStall  stm32g4xx_ll_usb.o
    0x08008a06   0x08008a06   0x00000032   Code   RO          940    i.USB_EPSetStall    stm32g4xx_ll_usb.o
    0x08008a38   0x08008a38   0x000004e2   Code   RO          941    i.USB_EPStartXfer   stm32g4xx_ll_usb.o
    0x08008f1a   0x08008f1a   0x00000012   Code   RO          943    i.USB_EnableGlobalInt  stm32g4xx_ll_usb.o
    0x08008f2c   0x08008f2c   0x0000000c   Code   RO          500    i.USB_LP_IRQHandler  stm32g4xx_it.o
    0x08008f38   0x08008f38   0x00000006   Code   RO          946    i.USB_ReadInterrupts  stm32g4xx_ll_usb.o
    0x08008f3e   0x08008f3e   0x00000028   Code   RO          947    i.USB_ReadPMA       stm32g4xx_ll_usb.o
    0x08008f66   0x08008f66   0x0000000c   Code   RO          949    i.USB_SetDevAddress  stm32g4xx_ll_usb.o
    0x08008f72   0x08008f72   0x00000002   PAD
    0x08008f74   0x08008f74   0x00000026   Code   RO          951    i.USB_WritePMA      stm32g4xx_ll_usb.o
    0x08008f9a   0x08008f9a   0x00000002   Code   RO          501    i.UsageFault_Handler  stm32g4xx_it.o
    0x08008f9c   0x08008f9c   0x00000026   Code   RO         6236    i.__ARM_fpclassifyf  m_wm.l(fpclassifyf.o)
    0x08008fc2   0x08008fc2   0x00000020   Code   RO         2472    i.__NVIC_SetPriority  stm32g4xx_hal_cortex.o
    0x08008fe2   0x08008fe2   0x00000002   PAD
    0x08008fe4   0x08008fe4   0x00000150   Code   RO         6138    i.__hardfp_cosf     m_wm.l(cosf.o)
    0x08009134   0x08009134   0x00000070   Code   RO         6150    i.__hardfp_floorf   m_wm.l(floorf.o)
    0x080091a4   0x080091a4   0x00000104   Code   RO         6156    i.__hardfp_fmod     m_wm.l(fmod.o)
    0x080092a8   0x080092a8   0x000000b0   Code   RO         6168    i.__hardfp_fmodf    m_wm.l(fmodf.o)
    0x08009358   0x08009358   0x00000190   Code   RO         6192    i.__hardfp_sinf     m_wm.l(sinf.o)
    0x080094e8   0x080094e8   0x00000020   Code   RO         6225    i.__mathlib_dbl_invalid  m_wm.l(dunder.o)
    0x08009508   0x08009508   0x00000006   Code   RO         6239    i.__mathlib_flt_infnan  m_wm.l(funder.o)
    0x0800950e   0x0800950e   0x00000002   PAD
    0x08009510   0x08009510   0x00000010   Code   RO         6241    i.__mathlib_flt_invalid  m_wm.l(funder.o)
    0x08009520   0x08009520   0x00000010   Code   RO         6244    i.__mathlib_flt_underflow  m_wm.l(funder.o)
    0x08009530   0x08009530   0x00000154   Code   RO         6257    i.__mathlib_rredf2  m_wm.l(rredf.o)
    0x08009684   0x08009684   0x0000000e   Code   RO         6328    i.__scatterload_copy  mc_w.l(handlers.o)
    0x08009692   0x08009692   0x00000002   Code   RO         6329    i.__scatterload_null  mc_w.l(handlers.o)
    0x08009694   0x08009694   0x0000000e   Code   RO         6330    i.__scatterload_zeroinit  mc_w.l(handlers.o)
    0x080096a2   0x080096a2   0x00000002   PAD
    0x080096a4   0x080096a4   0x0000000c   Code   RO         6288    i.__set_errno       mc_w.l(errno.o)
    0x080096b0   0x080096b0   0x0000001c   Code   RO         5225    i.encoder_init      encoder.o
    0x080096cc   0x080096cc   0x0000004c   Code   RO         5226    i.encoder_loop      encoder.o
    0x08009718   0x08009718   0x000000b8   Code   RO         5227    i.encoder_read_raw  encoder.o
    0x080097d0   0x080097d0   0x000000a8   Code   RO         5228    i.get_speed_M       encoder.o
    0x08009878   0x08009878   0x0000001a   Code   RO         5294    i.intrp1d_fu32fl    foc_model.o
    0x08009892   0x08009892   0x00000002   PAD
    0x08009894   0x08009894   0x000001ac   Code   RO           16    i.main              main.o
    0x08009a40   0x08009a40   0x00000044   Code   RO         5229    i.normalize_angle   encoder.o
    0x08009a84   0x08009a84   0x00000048   Code   RO         5295    i.plook_u32ff_evencg  foc_model.o
    0x08009acc   0x08009acc   0x0000000c   Code   RO         5296    i.rtGetNaNF         foc_model.o
    0x08009ad8   0x08009ad8   0x0000002c   Code   RO         5297    i.rtIsInfF          foc_model.o
    0x08009b04   0x08009b04   0x00000018   Code   RO         5298    i.rtIsNaNF          foc_model.o
    0x08009b1c   0x08009b1c   0x00000054   Code   RO         5299    i.rt_InitInfAndNaN  foc_model.o
    0x08009b70   0x08009b70   0x00000134   Code   RO         5300    i.rt_modf_snf       foc_model.o
    0x08009ca4   0x08009ca4   0x000001c0   Code   RO         5301    i.speed_loop        foc_model.o
    0x08009e64   0x08009e64   0x00000034   Code   RO         5111    i.vofa_send_data    usart_vofa.o
    0x08009e98   0x08009e98   0x0000003c   Code   RO         5112    i.vofa_sendframetail  usart_vofa.o
    0x08009ed4   0x08009ed4   0x00000010   Code   RO         5114    i.vofa_transmit     usart_vofa.o
    0x08009ee4   0x08009ee4   0x00000018   Data   RO         4601    .constdata          stm32g4xx_hal_uart.o
    0x08009efc   0x08009efc   0x00000010   Data   RO         4967    .constdata          stm32g4xx_hal_uart_ex.o
    0x08009f0c   0x08009f0c   0x00000010   Data   RO         5072    .constdata          system_stm32g4xx.o
    0x08009f1c   0x08009f1c   0x00000008   Data   RO         5073    .constdata          system_stm32g4xx.o
    0x08009f24   0x08009f24   0x00000044   Data   RO         5304    .constdata          foc_model.o
    0x08009f68   0x08009f68   0x00000020   Data   RO         6258    .constdata          m_wm.l(rredf.o)
    0x08009f88   0x08009f88   0x00000020   Data   RO         6326    Region$$Table       anon$$obj.o


    Execution Region RW_IRAM1 (Exec base: 0x20000000, Load base: 0x08009fa8, Size: 0x00002aa8, Max: 0x00020000, ABSOLUTE, COMPRESSED[0x000000ec])

    Exec Addr    Load Addr    Size         Type   Attr      Idx    E Section Name        Object

    0x20000000   COMPRESSED   0x0000000c   Data   RW           19    .data               main.o
    0x2000000c   COMPRESSED   0x00000004   Data   RW          285    .data               adc.o
    0x20000010   COMPRESSED   0x0000000c   Data   RW         1118    .data               stm32g4xx_hal.o
    0x2000001c   COMPRESSED   0x00000004   Data   RW         5074    .data               system_stm32g4xx.o
    0x20000020   COMPRESSED   0x00000008   Data   RW         5116    .data               usart_vofa.o
    0x20000028   COMPRESSED   0x00000004   Data   RW         5231    .data               encoder.o
    0x2000002c   COMPRESSED   0x00000004   PAD
    0x20000030   COMPRESSED   0x000000ac   Data   RW         5305    .data               foc_model.o
    0x200000dc   COMPRESSED   0x00000020   Data   RW         5630    .data               usbd_desc.o
    0x200000fc   COMPRESSED   0x00000032   Data   RW         5631    .data               usbd_desc.o
    0x2000012e   COMPRESSED   0x00000002   PAD
    0x20000130   COMPRESSED   0x00000014   Data   RW         5714    .data               usbd_cdc_if.o
    0x20000144   COMPRESSED   0x00000001   Data   RW         5911    .data               usbd_ctlreq.o
    0x20000145   COMPRESSED   0x00000003   PAD
    0x20000148   COMPRESSED   0x000000d7   Data   RW         6050    .data               usbd_cdc.o
    0x2000021f   COMPRESSED   0x00000001   PAD
    0x20000220   COMPRESSED   0x00000038   Data   RW         6051    .data               usbd_cdc.o
    0x20000258   COMPRESSED   0x00000004   Data   RW         6289    .data               mc_w.l(errno.o)
    0x2000025c        -       0x000000d8   Zero   RW          284    .bss                adc.o
    0x20000334        -       0x00000064   Zero   RW          356    .bss                spi.o
    0x20000398        -       0x0000004c   Zero   RW          399    .bss                tim.o
    0x200003e4        -       0x00000154   Zero   RW          446    .bss                usart.o
    0x20000538        -       0x00000500   Zero   RW         5115    .bss                usart_vofa.o
    0x20000a38        -       0x0000023c   Zero   RW         5230    .bss                encoder.o
    0x20000c74        -       0x0000005c   Zero   RW         5302    .bss                foc_model.o
    0x20000cd0        -       0x0000000c   Zero   RW         5303    .bss                foc_model.o
    0x20000cdc        -       0x000004fc   Zero   RW         5410    .bss                usbd_conf.o
    0x200011d8        -       0x000002d0   Zero   RW         5591    .bss                usb_device.o
    0x200014a8        -       0x00000200   Zero   RW         5629    .bss                usbd_desc.o
    0x200016a8        -       0x00001000   Zero   RW         5713    .bss                usbd_cdc_if.o
    0x200026a8        -       0x00000400   Zero   RW            1    STACK               startup_stm32g474xx.o


==============================================================================

Image component sizes


      Code (inc. data)   RO Data    RW Data    ZI Data      Debug   Object Name

       768         60          0          4        216       3118   adc.o
        76          4          0          0          0        882   dma.o
       524         60          0          4        572       5160   encoder.o
      3046        226         68        172        104      15719   foc_model.o
       208         14          0          0          0       1095   gpio.o
       826         92          0         12          0     948827   main.o
       188         18          0          0          0       1720   motor_control.o
       180         22          0          0        100       1825   spi.o
        36          8        472          0       1024        868   startup_stm32g474xx.o
       126         20          0         12          0       3881   stm32g4xx_hal.o
      3332        200          0          0          0      84090   stm32g4xx_hal_adc.o
      2682        154          0          0          0      82018   stm32g4xx_hal_adc_ex.o
       198         14          0          0          0      34031   stm32g4xx_hal_cortex.o
       906         30          0          0          0       6858   stm32g4xx_hal_dma.o
       618         40          0          0          0       3099   stm32g4xx_hal_gpio.o
        48          6          0          0          0        926   stm32g4xx_hal_msp.o
      2992          0          0          0          0      15157   stm32g4xx_hal_pcd.o
        96          0          0          0          0       2044   stm32g4xx_hal_pcd_ex.o
       204         18          0          0          0       1469   stm32g4xx_hal_pwr_ex.o
      1684         88          0          0          0       6460   stm32g4xx_hal_rcc.o
       768         10          0          0          0       2024   stm32g4xx_hal_rcc_ex.o
      1334         10          0          0          0       6601   stm32g4xx_hal_spi.o
      3006        320          0          0          0      21182   stm32g4xx_hal_tim.o
       700         82          0          0          0       8973   stm32g4xx_hal_tim_ex.o
      4278        156         24          0          0      41852   stm32g4xx_hal_uart.o
       288          6         16          0          0       5626   stm32g4xx_hal_uart_ex.o
       154         46          0          0          0       8612   stm32g4xx_it.o
      2520          0          0          0          0      14908   stm32g4xx_ll_usb.o
        16          4         24          4          0       1223   system_stm32g4xx.o
       496         30          0          0         76       2760   tim.o
       348         34          0          0        340       2104   usart.o
       256         46          0          8       1280       5730   usart_vofa.o
        84         18          0          0        720        872   usb_device.o
       748         16          0        271          0      13495   usbd_cdc.o
        72         16          0         20       4096       3446   usbd_cdc_if.o
       684         36          0          0       1276      16135   usbd_conf.o
       652          0          0          0          0      10355   usbd_core.o
      1264         22          0          1          0      14708   usbd_ctlreq.o
       288        104          0         82        512       6486   usbd_desc.o
       132          0          0          0          0       4752   usbd_ioreq.o

    ----------------------------------------------------------------------
     36882       2030        636        600      10316    1411091   Object Totals
         0          0         32          0          0          0   (incl. Generated)
        56          0          0         10          0          0   (incl. Padding)

    ----------------------------------------------------------------------

      Code (inc. data)   RO Data    RW Data    ZI Data      Debug   Library Member Name

       336         56          0          0          0        136   cosf.o
        32          8          0          0          0        124   dunder.o
       112         14          0          0          0        116   floorf.o
       260          6          0          0          0        144   fmod.o
       176          0          0          0          0        168   fmodf.o
        38          0          0          0          0        116   fpclassifyf.o
        38         12          0          0          0        348   funder.o
       340         24         32          0          0        160   rredf.o
       400         56          0          0          0        212   sinf.o
        86          0          0          0          0          0   __dczerorl2.o
         0          0          0          0          0          0   entry.o
         0          0          0          0          0          0   entry10a.o
         0          0          0          0          0          0   entry11a.o
         4          0          0          0          0          0   entry12b.o
         8          4          0          0          0          0   entry2.o
         4          0          0          0          0          0   entry5.o
         0          0          0          0          0          0   entry7b.o
         0          0          0          0          0          0   entry8b.o
         8          4          0          0          0          0   entry9a.o
        12          6          0          4          0         68   errno.o
        30          0          0          0          0          0   handlers.o
        36          8          0          0          0         68   init.o
         0          0          0          0          0          0   iusefp.o
        30          0          0          0          0         68   llshl.o
        36          0          0          0          0         68   llsshr.o
        32          0          0          0          0         68   llushr.o
        36          0          0          0          0        108   memseta.o
        98          0          0          0          0         92   uldiv.o
        56          0          0          0          0         88   d2f.o
       334          0          0          0          0        148   dadd.o
       222          0          0          0          0        100   ddiv.o
       186          0          0          0          0        176   depilogue.o
       134          0          0          0          0         96   drem.o
        38          0          0          0          0         68   f2d.o
       110          0          0          0          0        168   fepilogue.o
        82          0          0          0          0         96   frem.o

    ----------------------------------------------------------------------
      3322        198         32          4          0       3004   Library Totals
         8          0          0          0          0          0   (incl. Padding)

    ----------------------------------------------------------------------

      Code (inc. data)   RO Data    RW Data    ZI Data      Debug   Library Name

      1732        176         32          0          0       1524   m_wm.l
       420         22          0          4          0        540   mc_w.l
      1162          0          0          0          0        940   mf_w.l

    ----------------------------------------------------------------------
      3322        198         32          4          0       3004   Library Totals

    ----------------------------------------------------------------------

==============================================================================


      Code (inc. data)   RO Data    RW Data    ZI Data      Debug   

     40204       2228        668        604      10316    1383655   Grand Totals
     40204       2228        668        236      10316    1383655   ELF Image Totals (compressed)
     40204       2228        668        236          0          0   ROM Totals

==============================================================================

    Total RO  Size (Code + RO Data)                40872 (  39.91kB)
    Total RW  Size (RW Data + ZI Data)             10920 (  10.66kB)
    Total ROM Size (Code + RO Data + RW Data)      41108 (  40.14kB)

==============================================================================

