Component: ARM Compiler 5.06 update 7 (build 960) Tool: armlink [4d3601]

==============================================================================

Section Cross References

    startup_stm32g474xx.o(RESET) refers to startup_stm32g474xx.o(STACK) for __initial_sp
    startup_stm32g474xx.o(RESET) refers to startup_stm32g474xx.o(.text) for Reset_Handler
    startup_stm32g474xx.o(RESET) refers to stm32g4xx_it.o(i.NMI_Handler) for NMI_Handler
    startup_stm32g474xx.o(RESET) refers to stm32g4xx_it.o(i.HardFault_Handler) for HardFault_Handler
    startup_stm32g474xx.o(RESET) refers to stm32g4xx_it.o(i.MemManage_Handler) for MemManage_Handler
    startup_stm32g474xx.o(RESET) refers to stm32g4xx_it.o(i.BusFault_Handler) for BusFault_Handler
    startup_stm32g474xx.o(RESET) refers to stm32g4xx_it.o(i.UsageFault_Handler) for UsageFault_Handler
    startup_stm32g474xx.o(RESET) refers to stm32g4xx_it.o(i.SVC_Handler) for SVC_Handler
    startup_stm32g474xx.o(RESET) refers to stm32g4xx_it.o(i.DebugMon_Handler) for DebugMon_Handler
    startup_stm32g474xx.o(RESET) refers to stm32g4xx_it.o(i.PendSV_Handler) for PendSV_Handler
    startup_stm32g474xx.o(RESET) refers to stm32g4xx_it.o(i.SysTick_Handler) for SysTick_Handler
    startup_stm32g474xx.o(RESET) refers to stm32g4xx_it.o(i.ADC1_2_IRQHandler) for ADC1_2_IRQHandler
    startup_stm32g474xx.o(RESET) refers to stm32g4xx_it.o(i.USB_LP_IRQHandler) for USB_LP_IRQHandler
    startup_stm32g474xx.o(RESET) refers to stm32g4xx_it.o(i.EXTI9_5_IRQHandler) for EXTI9_5_IRQHandler
    startup_stm32g474xx.o(RESET) refers to stm32g4xx_it.o(i.TIM1_BRK_TIM15_IRQHandler) for TIM1_BRK_TIM15_IRQHandler
    startup_stm32g474xx.o(RESET) refers to stm32g4xx_it.o(i.TIM1_UP_TIM16_IRQHandler) for TIM1_UP_TIM16_IRQHandler
    startup_stm32g474xx.o(RESET) refers to stm32g4xx_it.o(i.USART3_IRQHandler) for USART3_IRQHandler
    startup_stm32g474xx.o(.text) refers to system_stm32g4xx.o(i.SystemInit) for SystemInit
    startup_stm32g474xx.o(.text) refers to entry.o(.ARM.Collect$$$$00000000) for __main
    main.o(i.HAL_ADCEx_InjectedConvCpltCallback) refers to mt6816.o(i.REIN_MT6816_Get_AngleData) for REIN_MT6816_Get_AngleData
    main.o(i.HAL_ADCEx_InjectedConvCpltCallback) refers to f2d.o(.text) for __aeabi_f2d
    main.o(i.HAL_ADCEx_InjectedConvCpltCallback) refers to dadd.o(.text) for __aeabi_dsub
    main.o(i.HAL_ADCEx_InjectedConvCpltCallback) refers to d2f.o(.text) for __aeabi_d2f
    main.o(i.HAL_ADCEx_InjectedConvCpltCallback) refers to main.o(i.normalize_angle) for normalize_angle
    main.o(i.HAL_ADCEx_InjectedConvCpltCallback) refers to foc_model.o(i.FOC_Model_step) for FOC_Model_step
    main.o(i.HAL_ADCEx_InjectedConvCpltCallback) refers to adc.o(.bss) for hadc1
    main.o(i.HAL_ADCEx_InjectedConvCpltCallback) refers to main.o(.data) for .data
    main.o(i.HAL_ADCEx_InjectedConvCpltCallback) refers to foc_model.o(.bss) for rtU
    main.o(i.HAL_ADCEx_InjectedConvCpltCallback) refers to mt6816.o(.bss) for mt6816
    main.o(i.HAL_ADCEx_InjectedConvCpltCallback) refers to motor_control.o(.data) for motor_state
    main.o(i.HAL_ADCEx_InjectedConvCpltCallback) refers to tim.o(.bss) for htim1
    main.o(i.SystemClock_Config) refers to memseta.o(.text) for __aeabi_memclr4
    main.o(i.SystemClock_Config) refers to stm32g4xx_hal_pwr_ex.o(i.HAL_PWREx_ControlVoltageScaling) for HAL_PWREx_ControlVoltageScaling
    main.o(i.SystemClock_Config) refers to stm32g4xx_hal_rcc.o(i.HAL_RCC_OscConfig) for HAL_RCC_OscConfig
    main.o(i.SystemClock_Config) refers to stm32g4xx_hal_rcc.o(i.HAL_RCC_ClockConfig) for HAL_RCC_ClockConfig
    main.o(i.main) refers to stm32g4xx_hal.o(i.HAL_Init) for HAL_Init
    main.o(i.main) refers to main.o(i.SystemClock_Config) for SystemClock_Config
    main.o(i.main) refers to gpio.o(i.MX_GPIO_Init) for MX_GPIO_Init
    main.o(i.main) refers to adc.o(i.MX_ADC1_Init) for MX_ADC1_Init
    main.o(i.main) refers to adc.o(i.MX_ADC2_Init) for MX_ADC2_Init
    main.o(i.main) refers to tim.o(i.MX_TIM1_Init) for MX_TIM1_Init
    main.o(i.main) refers to usart.o(i.MX_USART3_UART_Init) for MX_USART3_UART_Init
    main.o(i.main) refers to spi.o(i.MX_SPI1_Init) for MX_SPI1_Init
    main.o(i.main) refers to usb_device.o(i.MX_USB_Device_Init) for MX_USB_Device_Init
    main.o(i.main) refers to stm32g4xx_hal_adc_ex.o(i.HAL_ADCEx_Calibration_Start) for HAL_ADCEx_Calibration_Start
    main.o(i.main) refers to stm32g4xx_hal_adc_ex.o(i.HAL_ADCEx_InjectedStart_IT) for HAL_ADCEx_InjectedStart_IT
    main.o(i.main) refers to stm32g4xx_hal_adc_ex.o(i.HAL_ADCEx_InjectedStart) for HAL_ADCEx_InjectedStart
    main.o(i.main) refers to stm32g4xx_hal_tim.o(i.HAL_TIM_Base_Start) for HAL_TIM_Base_Start
    main.o(i.main) refers to stm32g4xx_hal_tim.o(i.HAL_TIM_PWM_Start) for HAL_TIM_PWM_Start
    main.o(i.main) refers to stm32g4xx_hal_uart.o(i.HAL_UART_Receive_IT) for HAL_UART_Receive_IT
    main.o(i.main) refers to foc_model.o(i.FOC_Model_initialize) for FOC_Model_initialize
[...]
    DMA2_Channel2_IRQHandler                 0x0800020b   Thumb Code     0  startup_stm32g474xx.o(.text)
    DMA2_Channel3_IRQHandler                 0x0800020b   Thumb Code     0  startup_stm32g474xx.o(.text)
    DMA2_Channel4_IRQHandler                 0x0800020b   Thumb Code     0  startup_stm32g474xx.o(.text)
    DMA2_Channel5_IRQHandler                 0x0800020b   Thumb Code     0  startup_stm32g474xx.o(.text)
    DMA2_Channel6_IRQHandler                 0x0800020b   Thumb Code     0  startup_stm32g474xx.o(.text)
    DMA2_Channel7_IRQHandler                 0x0800020b   Thumb Code     0  startup_stm32g474xx.o(.text)
    DMA2_Channel8_IRQHandler                 0x0800020b   Thumb Code     0  startup_stm32g474xx.o(.text)
    DMAMUX_OVR_IRQHandler                    0x0800020b   Thumb Code     0  startup_stm32g474xx.o(.text)
    EXTI0_IRQHandler                         0x0800020b   Thumb Code     0  startup_stm32g474xx.o(.text)
    EXTI15_10_IRQHandler                     0x0800020b   Thumb Code     0  startup_stm32g474xx.o(.text)
    EXTI1_IRQHandler                         0x0800020b   Thumb Code     0  startup_stm32g474xx.o(.text)
    EXTI2_IRQHandler                         0x0800020b   Thumb Code     0  startup_stm32g474xx.o(.text)
    EXTI3_IRQHandler                         0x0800020b   Thumb Code     0  startup_stm32g474xx.o(.text)
    EXTI4_IRQHandler                         0x0800020b   Thumb Code     0  startup_stm32g474xx.o(.text)
    FDCAN1_IT0_IRQHandler                    0x0800020b   Thumb Code     0  startup_stm32g474xx.o(.text)
    FDCAN1_IT1_IRQHandler                    0x0800020b   Thumb Code     0  startup_stm32g474xx.o(.text)
    FDCAN2_IT0_IRQHandler                    0x0800020b   Thumb Code     0  startup_stm32g474xx.o(.text)
    FDCAN2_IT1_IRQHandler                    0x0800020b   Thumb Code     0  startup_stm32g474xx.o(.text)
    FDCAN3_IT0_IRQHandler                    0x0800020b   Thumb Code     0  startup_stm32g474xx.o(.text)
    FDCAN3_IT1_IRQHandler                    0x0800020b   Thumb Code     0  startup_stm32g474xx.o(.text)
    FLASH_IRQHandler                         0x0800020b   Thumb Code     0  startup_stm32g474xx.o(.text)
    FMAC_IRQHandler                          0x0800020b   Thumb Code     0  startup_stm32g474xx.o(.text)
    FMC_IRQHandler                           0x0800020b   Thumb Code     0  startup_stm32g474xx.o(.text)
    FPU_IRQHandler                           0x0800020b   Thumb Code     0  startup_stm32g474xx.o(.text)
    HRTIM1_FLT_IRQHandler                    0x0800020b   Thumb Code     0  startup_stm32g474xx.o(.text)
    HRTIM1_Master_IRQHandler                 0x0800020b   Thumb Code     0  startup_stm32g474xx.o(.text)
    HRTIM1_TIMA_IRQHandler                   0x0800020b   Thumb Code     0  startup_stm32g474xx.o(.text)
    HRTIM1_TIMB_IRQHandler                   0x0800020b   Thumb Code     0  startup_stm32g474xx.o(.text)
    HRTIM1_TIMC_IRQHandler                   0x0800020b   Thumb Code     0  startup_stm32g474xx.o(.text)
    HRTIM1_TIMD_IRQHandler                   0x0800020b   Thumb Code     0  startup_stm32g474xx.o(.text)
    HRTIM1_TIME_IRQHandler                   0x0800020b   Thumb Code     0  startup_stm32g474xx.o(.text)
    HRTIM1_TIMF_IRQHandler                   0x0800020b   Thumb Code     0  startup_stm32g474xx.o(.text)
    I2C1_ER_IRQHandler                       0x0800020b   Thumb Code     0  startup_stm32g474xx.o(.text)
    I2C1_EV_IRQHandler                       0x0800020b   Thumb Code     0  startup_stm32g474xx.o(.text)
    I2C2_ER_IRQHandler                       0x0800020b   Thumb Code     0  startup_stm32g474xx.o(.text)
    I2C2_EV_IRQHandler                       0x0800020b   Thumb Code     0  startup_stm32g474xx.o(.text)
    I2C3_ER_IRQHandler                       0x0800020b   Thumb Code     0  startup_stm32g474xx.o(.text)
    I2C3_EV_IRQHandler                       0x0800020b   Thumb Code     0  startup_stm32g474xx.o(.text)
    I2C4_ER_IRQHandler                       0x0800020b   Thumb Code     0  startup_stm32g474xx.o(.text)
    I2C4_EV_IRQHandler                       0x0800020b   Thumb Code     0  startup_stm32g474xx.o(.text)
    LPTIM1_IRQHandler                        0x0800020b   Thumb Code     0  startup_stm32g474xx.o(.text)
    LPUART1_IRQHandler                       0x0800020b   Thumb Code     0  startup_stm32g474xx.o(.text)
    PVD_PVM_IRQHandler                       0x0800020b   Thumb Code     0  startup_stm32g474xx.o(.text)
    QUADSPI_IRQHandler                       0x0800020b   Thumb Code     0  startup_stm32g474xx.o(.text)
    RCC_IRQHandler                           0x0800020b   Thumb Code     0  startup_stm32g474xx.o(.text)
    RNG_IRQHandler                           0x0800020b   Thumb Code     0  startup_stm32g474xx.o(.text)
    RTC_Alarm_IRQHandler                     0x0800020b   Thumb Code     0  startup_stm32g474xx.o(.text)
    RTC_TAMP_LSECSS_IRQHandler               0x0800020b   Thumb Code     0  startup_stm32g474xx.o(.text)
    RTC_WKUP_IRQHandler                      0x0800020b   Thumb Code     0  startup_stm32g474xx.o(.text)
    SAI1_IRQHandler                          0x0800020b   Thumb Code     0  startup_stm32g474xx.o(.text)
    SPI1_IRQHandler                          0x0800020b   Thumb Code     0  startup_stm32g474xx.o(.text)
    SPI2_IRQHandler                          0x0800020b   Thumb Code     0  startup_stm32g474xx.o(.text)
    SPI3_IRQHandler                          0x0800020b   Thumb Code     0  startup_stm32g474xx.o(.text)
    SPI4_IRQHandler                          0x0800020b   Thumb Code     0  startup_stm32g474xx.o(.text)
    TIM1_CC_IRQHandler                       0x0800020b   Thumb Code     0  startup_stm32g474xx.o(.text)
    TIM1_TRG_COM_TIM17_IRQHandler            0x0800020b   Thumb Code     0  startup_stm32g474xx.o(.text)
    TIM20_BRK_IRQHandler                     0x0800020b   Thumb Code     0  startup_stm32g474xx.o(.text)
    TIM20_CC_IRQHandler                      0x0800020b   Thumb Code     0  startup_stm32g474xx.o(.text)
    TIM20_TRG_COM_IRQHandler                 0x0800020b   Thumb Code     0  startup_stm32g474xx.o(.text)
    TIM20_UP_IRQHandler                      0x0800020b   Thumb Code     0  startup_stm32g474xx.o(.text)
    TIM2_IRQHandler                          0x0800020b   Thumb Code     0  startup_stm32g474xx.o(.text)
    TIM3_IRQHandler                          0x0800020b   Thumb Code     0  startup_stm32g474xx.o(.text)
    TIM4_IRQHandler                          0x0800020b   Thumb Code     0  startup_stm32g474xx.o(.text)
    TIM5_IRQHandler                          0x0800020b   Thumb Code     0  startup_stm32g474xx.o(.text)
    TIM6_DAC_IRQHandler                      0x0800020b   Thumb Code     0  startup_stm32g474xx.o(.text)
    TIM7_DAC_IRQHandler                      0x0800020b   Thumb Code     0  startup_stm32g474xx.o(.text)
    TIM8_BRK_IRQHandler                      0x0800020b   Thumb Code     0  startup_stm32g474xx.o(.text)
    TIM8_CC_IRQHandler                       0x0800020b   Thumb Code     0  startup_stm32g474xx.o(.text)
    TIM8_TRG_COM_IRQHandler                  0x0800020b   Thumb Code     0  startup_stm32g474xx.o(.text)
    TIM8_UP_IRQHandler                       0x0800020b   Thumb Code     0  startup_stm32g474xx.o(.text)
    UART4_IRQHandler                         0x0800020b   Thumb Code     0  startup_stm32g474xx.o(.text)
    UART5_IRQHandler                         0x0800020b   Thumb Code     0  startup_stm32g474xx.o(.text)
    UCPD1_IRQHandler                         0x0800020b   Thumb Code     0  startup_stm32g474xx.o(.text)
    USART1_IRQHandler                        0x0800020b   Thumb Code     0  startup_stm32g474xx.o(.text)
    USART2_IRQHandler                        0x0800020b   Thumb Code     0  startup_stm32g474xx.o(.text)
    USBWakeUp_IRQHandler                     0x0800020b   Thumb Code     0  startup_stm32g474xx.o(.text)
    USB_HP_IRQHandler                        0x0800020b   Thumb Code     0  startup_stm32g474xx.o(.text)
    WWDG_IRQHandler                          0x0800020b   Thumb Code     0  startup_stm32g474xx.o(.text)
    __aeabi_uldivmod                         0x08000215   Thumb Code    98  uldiv.o(.text)
    __aeabi_memset                           0x08000277   Thumb Code    14  memseta.o(.text)
    __aeabi_memset4                          0x08000277   Thumb Code     0  memseta.o(.text)
    __aeabi_memset8                          0x08000277   Thumb Code     0  memseta.o(.text)
    __aeabi_memclr                           0x08000285   Thumb Code     4  memseta.o(.text)
    __aeabi_memclr4                          0x08000285   Thumb Code     0  memseta.o(.text)
    __aeabi_memclr8                          0x08000285   Thumb Code     0  memseta.o(.text)
    _memset$wrapper                          0x08000289   Thumb Code    18  memseta.o(.text)
    __aeabi_dadd                             0x0800029b   Thumb Code   322  dadd.o(.text)
    __aeabi_dsub                             0x080003dd   Thumb Code     6  dadd.o(.text)
    __aeabi_drsub                            0x080003e3   Thumb Code     6  dadd.o(.text)
    __aeabi_dmul                             0x080003e9   Thumb Code   228  dmul.o(.text)
    __aeabi_ddiv                             0x080004cd   Thumb Code   222  ddiv.o(.text)
    __aeabi_f2d                              0x080005ab   Thumb Code    38  f2d.o(.text)
    __aeabi_d2f                              0x080005d1   Thumb Code    56  d2f.o(.text)
    __aeabi_uidiv                            0x08000609   Thumb Code     0  uidiv.o(.text)
    __aeabi_uidivmod                         0x08000609   Thumb Code    44  uidiv.o(.text)
    __aeabi_llsl                             0x08000635   Thumb Code    30  llshl.o(.text)
    _ll_shift_l                              0x08000635   Thumb Code     0  llshl.o(.text)
    __aeabi_llsr                             0x08000653   Thumb Code    32  llushr.o(.text)
    _ll_ushift_r                             0x08000653   Thumb Code     0  llushr.o(.text)
    __aeabi_lasr                             0x08000673   Thumb Code    36  llsshr.o(.text)
    _ll_sshift_r                             0x08000673   Thumb Code     0  llsshr.o(.text)
    __I$use$fp                               0x08000697   Thumb Code     0  iusefp.o(.text)
    _float_round                             0x08000697   Thumb Code    18  fepilogue.o(.text)
    _float_epilogue                          0x080006a9   Thumb Code    92  fepilogue.o(.text)
    _frem                                    0x08000705   Thumb Code    82  frem.o(.text)
    _double_round                            0x08000757   Thumb Code    30  depilogue.o(.text)
    _double_epilogue                         0x08000775   Thumb Code   156  depilogue.o(.text)
    _drem                                    0x08000811   Thumb Code   134  drem.o(.text)
    __aeabi_d2ulz                            0x08000897   Thumb Code    48  dfixul.o(.text)
    __aeabi_cdrcmple                         0x080008c9   Thumb Code    48  cdrcmple.o(.text)
    __scatterload                            0x080008f9   Thumb Code    28  init.o(.text)
    __scatterload_rt2                        0x080008f9   Thumb Code     0  init.o(.text)
    __decompress                             0x0800091d   Thumb Code     0  __dczerorl2.o(.text)
    __decompress1                            0x0800091d   Thumb Code    86  __dczerorl2.o(.text)
    ADC1_2_IRQHandler                        0x08000975   Thumb Code    18  stm32g4xx_it.o(i.ADC1_2_IRQHandler)
    ADC_Disable                              0x08000991   Thumb Code   106  stm32g4xx_hal_adc.o(i.ADC_Disable)
    ADC_Enable                               0x08000a01   Thumb Code   172  stm32g4xx_hal_adc.o(i.ADC_Enable)
    BusFault_Handler                         0x08000ac5   Thumb Code     2  stm32g4xx_it.o(i.BusFault_Handler)
    DebugMon_Handler                         0x08000b11   Thumb Code     2  stm32g4xx_it.o(i.DebugMon_Handler)
    EXTI9_5_IRQHandler                       0x08000b13   Thumb Code    34  stm32g4xx_it.o(i.EXTI9_5_IRQHandler)
    Error_Handler                            0x08000b35   Thumb Code     4  main.o(i.Error_Handler)
    FOC_Model_initialize                     0x08000b39   Thumb Code    24  foc_model.o(i.FOC_Model_initialize)
    FOC_Model_step                           0x08000b55   Thumb Code  1592  foc_model.o(i.FOC_Model_step)
    HAL_ADCEx_Calibration_Start              0x08001191   Thumb Code   138  stm32g4xx_hal_adc_ex.o(i.HAL_ADCEx_Calibration_Start)
    HAL_ADCEx_EndOfSamplingCallback          0x08001225   Thumb Code     2  stm32g4xx_hal_adc_ex.o(i.HAL_ADCEx_EndOfSamplingCallback)
    HAL_ADCEx_InjectedConfigChannel          0x08001229   Thumb Code  1324  stm32g4xx_hal_adc_ex.o(i.HAL_ADCEx_InjectedConfigChannel)
    HAL_ADCEx_InjectedConvCpltCallback       0x08001789   Thumb Code   242  main.o(i.HAL_ADCEx_InjectedConvCpltCallback)
    HAL_ADCEx_InjectedQueueOverflowCallback  0x080018b5   Thumb Code     2  stm32g4xx_hal_adc_ex.o(i.HAL_ADCEx_InjectedQueueOverflowCallback)
    HAL_ADCEx_InjectedStart                  0x080018b9   Thumb Code   262  stm32g4xx_hal_adc_ex.o(i.HAL_ADCEx_InjectedStart)
    HAL_ADCEx_InjectedStart_IT               0x080019d9   Thumb Code   320  stm32g4xx_hal_adc_ex.o(i.HAL_ADCEx_InjectedStart_IT)
    HAL_ADCEx_LevelOutOfWindow2Callback      0x08001b31   Thumb Code     2  stm32g4xx_hal_adc_ex.o(i.HAL_ADCEx_LevelOutOfWindow2Callback)
    HAL_ADCEx_LevelOutOfWindow3Callback      0x08001b33   Thumb Code     2  stm32g4xx_hal_adc_ex.o(i.HAL_ADCEx_LevelOutOfWindow3Callback)
    HAL_ADCEx_MultiModeConfigChannel         0x08001b35   Thumb Code   326  stm32g4xx_hal_adc_ex.o(i.HAL_ADCEx_MultiModeConfigChannel)
    HAL_ADC_ConfigChannel                    0x08001c95   Thumb Code  1066  stm32g4xx_hal_adc.o(i.HAL_ADC_ConfigChannel)
    HAL_ADC_ConvCpltCallback                 0x08002101   Thumb Code     2  stm32g4xx_hal_adc.o(i.HAL_ADC_ConvCpltCallback)
    HAL_ADC_ErrorCallback                    0x08002103   Thumb Code     2  stm32g4xx_hal_adc.o(i.HAL_ADC_ErrorCallback)
    HAL_ADC_IRQHandler                       0x08002105   Thumb Code   674  stm32g4xx_hal_adc.o(i.HAL_ADC_IRQHandler)
    HAL_ADC_Init                             0x080023bd   Thumb Code   510  stm32g4xx_hal_adc.o(i.HAL_ADC_Init)
    HAL_ADC_LevelOutOfWindowCallback         0x080025ed   Thumb Code     2  stm32g4xx_hal_adc.o(i.HAL_ADC_LevelOutOfWindowCallback)
    HAL_ADC_MspInit                          0x080025f1   Thumb Code   282  adc.o(i.HAL_ADC_MspInit)
    HAL_DMA_Abort                            0x08002721   Thumb Code   106  stm32g4xx_hal_dma.o(i.HAL_DMA_Abort)
    HAL_DMA_Abort_IT                         0x0800278b   Thumb Code   120  stm32g4xx_hal_dma.o(i.HAL_DMA_Abort_IT)
    HAL_GPIO_EXTI_Callback                   0x08002805   Thumb Code    30  motor_control.o(i.HAL_GPIO_EXTI_Callback)
    HAL_GPIO_EXTI_IRQHandler                 0x08002829   Thumb Code    18  stm32g4xx_hal_gpio.o(i.HAL_GPIO_EXTI_IRQHandler)
    HAL_GPIO_Init                            0x08002841   Thumb Code   550  stm32g4xx_hal_gpio.o(i.HAL_GPIO_Init)
    HAL_GPIO_WritePin                        0x08002a89   Thumb Code    10  stm32g4xx_hal_gpio.o(i.HAL_GPIO_WritePin)
    HAL_GetTick                              0x08002a95   Thumb Code     6  stm32g4xx_hal.o(i.HAL_GetTick)
    HAL_IncTick                              0x08002aa1   Thumb Code    12  stm32g4xx_hal.o(i.HAL_IncTick)
    HAL_Init                                 0x08002ab1   Thumb Code    30  stm32g4xx_hal.o(i.HAL_Init)
    HAL_InitTick                             0x08002ad1   Thumb Code    58  stm32g4xx_hal.o(i.HAL_InitTick)
    HAL_MspInit                              0x08002b15   Thumb Code    42  stm32g4xx_hal_msp.o(i.HAL_MspInit)
    HAL_NVIC_EnableIRQ                       0x08002b45   Thumb Code    26  stm32g4xx_hal_cortex.o(i.HAL_NVIC_EnableIRQ)
    HAL_NVIC_SetPriority                     0x08002b61   Thumb Code    60  stm32g4xx_hal_cortex.o(i.HAL_NVIC_SetPriority)
    HAL_NVIC_SetPriorityGrouping             0x08002ba1   Thumb Code    26  stm32g4xx_hal_cortex.o(i.HAL_NVIC_SetPriorityGrouping)
    HAL_PCDEx_ActivateLPM                    0x08002bc5   Thumb Code    36  stm32g4xx_hal_pcd_ex.o(i.HAL_PCDEx_ActivateLPM)
    HAL_PCDEx_LPM_Callback                   0x08002be9   Thumb Code    64  usbd_conf.o(i.HAL_PCDEx_LPM_Callback)
    HAL_PCDEx_PMAConfig                      0x08002c2d   Thumb Code    60  stm32g4xx_hal_pcd_ex.o(i.HAL_PCDEx_PMAConfig)
    HAL_PCD_DataInStageCallback              0x08002c69   Thumb Code    18  usbd_conf.o(i.HAL_PCD_DataInStageCallback)
    HAL_PCD_DataOutStageCallback             0x08002c7b   Thumb Code    20  usbd_conf.o(i.HAL_PCD_DataOutStageCallback)
    HAL_PCD_EP_Close                         0x08002c8f   Thumb Code    74  stm32g4xx_hal_pcd.o(i.HAL_PCD_EP_Close)
    HAL_PCD_EP_ClrStall                      0x08002cd9   Thumb Code    90  stm32g4xx_hal_pcd.o(i.HAL_PCD_EP_ClrStall)
    HAL_PCD_EP_GetRxCount                    0x0800314f   Thumb Code    18  stm32g4xx_hal_pcd.o(i.HAL_PCD_EP_GetRxCount)
    HAL_PCD_EP_Open                          0x08003161   Thumb Code    88  stm32g4xx_hal_pcd.o(i.HAL_PCD_EP_Open)
    HAL_PCD_EP_Receive                       0x080031b9   Thumb Code    46  stm32g4xx_hal_pcd.o(i.HAL_PCD_EP_Receive)
    HAL_PCD_EP_SetStall                      0x080031e7   Thumb Code    94  stm32g4xx_hal_pcd.o(i.HAL_PCD_EP_SetStall)
    HAL_PCD_EP_Transmit                      0x08003245   Thumb Code    46  stm32g4xx_hal_pcd.o(i.HAL_PCD_EP_Transmit)
    HAL_PCD_IRQHandler                       0x08003273   Thumb Code   330  stm32g4xx_hal_pcd.o(i.HAL_PCD_IRQHandler)
    HAL_PCD_Init                             0x080033bd   Thumb Code   156  stm32g4xx_hal_pcd.o(i.HAL_PCD_Init)
    HAL_PCD_MspInit                          0x08003459   Thumb Code    80  usbd_conf.o(i.HAL_PCD_MspInit)
    HAL_PCD_ResetCallback                    0x080034b1   Thumb Code    38  usbd_conf.o(i.HAL_PCD_ResetCallback)
    HAL_PCD_ResumeCallback                   0x080034d9   Thumb Code    34  usbd_conf.o(i.HAL_PCD_ResumeCallback)
    HAL_PCD_SOFCallback                      0x08003501   Thumb Code     8  usbd_conf.o(i.HAL_PCD_SOFCallback)
    HAL_PCD_SetAddress                       0x08003509   Thumb Code    38  stm32g4xx_hal_pcd.o(i.HAL_PCD_SetAddress)
    HAL_PCD_SetupStageCallback               0x0800352f   Thumb Code    14  usbd_conf.o(i.HAL_PCD_SetupStageCallback)
    HAL_PCD_Start                            0x0800353d   Thumb Code    42  stm32g4xx_hal_pcd.o(i.HAL_PCD_Start)
    HAL_PCD_SuspendCallback                  0x08003569   Thumb Code    30  usbd_conf.o(i.HAL_PCD_SuspendCallback)
    HAL_PWREx_ControlVoltageScaling          0x0800358d   Thumb Code   174  stm32g4xx_hal_pwr_ex.o(i.HAL_PWREx_ControlVoltageScaling)
    HAL_PWREx_DisableUCPDDeadBattery         0x08003649   Thumb Code    12  stm32g4xx_hal_pwr_ex.o(i.HAL_PWREx_DisableUCPDDeadBattery)
    HAL_RCCEx_PeriphCLKConfig                0x08003659   Thumb Code   758  stm32g4xx_hal_rcc_ex.o(i.HAL_RCCEx_PeriphCLKConfig)
    HAL_RCC_ClockConfig                      0x08003959   Thumb Code   444  stm32g4xx_hal_rcc.o(i.HAL_RCC_ClockConfig)
    HAL_RCC_GetPCLK1Freq                     0x08003b35   Thumb Code    24  stm32g4xx_hal_rcc.o(i.HAL_RCC_GetPCLK1Freq)
    HAL_RCC_GetPCLK2Freq                     0x08003b59   Thumb Code    24  stm32g4xx_hal_rcc.o(i.HAL_RCC_GetPCLK2Freq)
    HAL_RCC_GetSysClockFreq                  0x08003b7d   Thumb Code    98  stm32g4xx_hal_rcc.o(i.HAL_RCC_GetSysClockFreq)
    HAL_RCC_OscConfig                        0x08003be9   Thumb Code  1028  stm32g4xx_hal_rcc.o(i.HAL_RCC_OscConfig)
    HAL_SPI_Init                             0x08003fed   Thumb Code   234  stm32g4xx_hal_spi.o(i.HAL_SPI_Init)
    HAL_SPI_MspInit                          0x080040d9   Thumb Code    86  spi.o(i.HAL_SPI_MspInit)
    HAL_SPI_TransmitReceive                  0x0800413d   Thumb Code   620  stm32g4xx_hal_spi.o(i.HAL_SPI_TransmitReceive)
    HAL_SYSTICK_Config                       0x080043a9   Thumb Code    40  stm32g4xx_hal_cortex.o(i.HAL_SYSTICK_Config)
    HAL_TIMEx_Break2Callback                 0x080043d1   Thumb Code     2  stm32g4xx_hal_tim_ex.o(i.HAL_TIMEx_Break2Callback)
    HAL_TIMEx_BreakCallback                  0x080043d3   Thumb Code     2  stm32g4xx_hal_tim_ex.o(i.HAL_TIMEx_BreakCallback)
    HAL_TIMEx_CommutCallback                 0x080043d5   Thumb Code     2  stm32g4xx_hal_tim_ex.o(i.HAL_TIMEx_CommutCallback)
    HAL_TIMEx_ConfigBreakDeadTime            0x080043d9   Thumb Code   154  stm32g4xx_hal_tim_ex.o(i.HAL_TIMEx_ConfigBreakDeadTime)
    HAL_TIMEx_DirectionChangeCallback        0x08004481   Thumb Code     2  stm32g4xx_hal_tim_ex.o(i.HAL_TIMEx_DirectionChangeCallback)
    HAL_TIMEx_EncoderIndexCallback           0x08004483   Thumb Code     2  stm32g4xx_hal_tim_ex.o(i.HAL_TIMEx_EncoderIndexCallback)
    HAL_TIMEx_IndexErrorCallback             0x08004485   Thumb Code     2  stm32g4xx_hal_tim_ex.o(i.HAL_TIMEx_IndexErrorCallback)
    HAL_TIMEx_MasterConfigSynchronization    0x08004489   Thumb Code   150  stm32g4xx_hal_tim_ex.o(i.HAL_TIMEx_MasterConfigSynchronization)
    HAL_TIMEx_PWMN_Start                     0x08004541   Thumb Code   170  stm32g4xx_hal_tim_ex.o(i.HAL_TIMEx_PWMN_Start)
    HAL_TIMEx_PWMN_Stop                      0x0800460d   Thumb Code   104  stm32g4xx_hal_tim_ex.o(i.HAL_TIMEx_PWMN_Stop)
    HAL_TIMEx_TransitionErrorCallback        0x08004675   Thumb Code     2  stm32g4xx_hal_tim_ex.o(i.HAL_TIMEx_TransitionErrorCallback)
    HAL_TIM_Base_Init                        0x08004677   Thumb Code    98  stm32g4xx_hal_tim.o(i.HAL_TIM_Base_Init)
    HAL_TIM_Base_MspInit                     0x080046d9   Thumb Code    66  tim.o(i.HAL_TIM_Base_MspInit)
    HAL_TIM_Base_Start                       0x08004725   Thumb Code    96  stm32g4xx_hal_tim.o(i.HAL_TIM_Base_Start)
    HAL_TIM_ConfigClockSource                0x080047a5   Thumb Code   234  stm32g4xx_hal_tim.o(i.HAL_TIM_ConfigClockSource)
    HAL_TIM_IC_CaptureCallback               0x08004895   Thumb Code     2  stm32g4xx_hal_tim.o(i.HAL_TIM_IC_CaptureCallback)
    HAL_TIM_IRQHandler                       0x08004897   Thumb Code   418  stm32g4xx_hal_tim.o(i.HAL_TIM_IRQHandler)
    HAL_TIM_MspPostInit                      0x08004a39   Thumb Code   136  tim.o(i.HAL_TIM_MspPostInit)
    HAL_TIM_OC_DelayElapsedCallback          0x08004acd   Thumb Code     2  stm32g4xx_hal_tim.o(i.HAL_TIM_OC_DelayElapsedCallback)
    HAL_TIM_PWM_ConfigChannel                0x08004acf   Thumb Code   292  stm32g4xx_hal_tim.o(i.HAL_TIM_PWM_ConfigChannel)
    HAL_TIM_PWM_Init                         0x08004bf3   Thumb Code    98  stm32g4xx_hal_tim.o(i.HAL_TIM_PWM_Init)
    HAL_TIM_PWM_MspInit                      0x08004c55   Thumb Code     2  stm32g4xx_hal_tim.o(i.HAL_TIM_PWM_MspInit)
    HAL_TIM_PWM_PulseFinishedCallback        0x08004c57   Thumb Code     2  stm32g4xx_hal_tim.o(i.HAL_TIM_PWM_PulseFinishedCallback)
    HAL_TIM_PWM_Start                        0x08004c59   Thumb Code   234  stm32g4xx_hal_tim.o(i.HAL_TIM_PWM_Start)
    HAL_TIM_PWM_Stop                         0x08004d6d   Thumb Code   158  stm32g4xx_hal_tim.o(i.HAL_TIM_PWM_Stop)
    HAL_TIM_PeriodElapsedCallback            0x08004e25   Thumb Code     2  stm32g4xx_hal_tim.o(i.HAL_TIM_PeriodElapsedCallback)
    HAL_TIM_TriggerCallback                  0x08004e27   Thumb Code     2  stm32g4xx_hal_tim.o(i.HAL_TIM_TriggerCallback)
    HAL_UARTEx_DisableFifoMode               0x08004e29   Thumb Code    62  stm32g4xx_hal_uart_ex.o(i.HAL_UARTEx_DisableFifoMode)
    HAL_UARTEx_RxEventCallback               0x08004e67   Thumb Code     2  stm32g4xx_hal_uart.o(i.HAL_UARTEx_RxEventCallback)
    HAL_UARTEx_RxFifoFullCallback            0x08004e69   Thumb Code     2  stm32g4xx_hal_uart_ex.o(i.HAL_UARTEx_RxFifoFullCallback)
    HAL_UARTEx_SetRxFifoThreshold            0x08004e6b   Thumb Code    76  stm32g4xx_hal_uart_ex.o(i.HAL_UARTEx_SetRxFifoThreshold)
    HAL_UARTEx_SetTxFifoThreshold            0x08004eb7   Thumb Code    76  stm32g4xx_hal_uart_ex.o(i.HAL_UARTEx_SetTxFifoThreshold)
    HAL_UARTEx_TxFifoEmptyCallback           0x08004f03   Thumb Code     2  stm32g4xx_hal_uart_ex.o(i.HAL_UARTEx_TxFifoEmptyCallback)
    HAL_UARTEx_WakeupCallback                0x08004f05   Thumb Code     2  stm32g4xx_hal_uart_ex.o(i.HAL_UARTEx_WakeupCallback)
    HAL_UART_ErrorCallback                   0x08004f07   Thumb Code     2  stm32g4xx_hal_uart.o(i.HAL_UART_ErrorCallback)
    HAL_UART_IRQHandler                      0x08004f09   Thumb Code   766  stm32g4xx_hal_uart.o(i.HAL_UART_IRQHandler)
    HAL_UART_Init                            0x08005215   Thumb Code   106  stm32g4xx_hal_uart.o(i.HAL_UART_Init)
    HAL_UART_MspInit                         0x08005281   Thumb Code   130  usart.o(i.HAL_UART_MspInit)
    HAL_UART_Receive_IT                      0x08005311   Thumb Code    66  stm32g4xx_hal_uart.o(i.HAL_UART_Receive_IT)
    HAL_UART_RxCpltCallback                  0x08005359   Thumb Code   106  usart_vofa.o(i.HAL_UART_RxCpltCallback)
    HAL_UART_Transmit                        0x080053d9   Thumb Code   174  stm32g4xx_hal_uart.o(i.HAL_UART_Transmit)
    HAL_UART_TxCpltCallback                  0x08005487   Thumb Code     2  stm32g4xx_hal_uart.o(i.HAL_UART_TxCpltCallback)
    HardFault_Handler                        0x08005489   Thumb Code     2  stm32g4xx_it.o(i.HardFault_Handler)
    MX_ADC1_Init                             0x08005569   Thumb Code   224  adc.o(i.MX_ADC1_Init)
    MX_ADC2_Init                             0x08005659   Thumb Code   202  adc.o(i.MX_ADC2_Init)
    MX_GPIO_Init                             0x08005739   Thumb Code   194  gpio.o(i.MX_GPIO_Init)
    MX_SPI1_Init                             0x08005809   Thumb Code    72  spi.o(i.MX_SPI1_Init)
    MX_TIM1_Init                             0x08005859   Thumb Code   268  tim.o(i.MX_TIM1_Init)
    MX_USART3_UART_Init                      0x0800596d   Thumb Code    92  usart.o(i.MX_USART3_UART_Init)
    MX_USB_Device_Init                       0x080059d5   Thumb Code    66  usb_device.o(i.MX_USB_Device_Init)
    MemManage_Handler                        0x08005a29   Thumb Code     2  stm32g4xx_it.o(i.MemManage_Handler)
    Motor_start                              0x08005a2d   Thumb Code    54  motor_control.o(i.Motor_start)
    Motor_stop                               0x08005a69   Thumb Code    54  motor_control.o(i.Motor_stop)
    NMI_Handler                              0x08005aa5   Thumb Code     2  stm32g4xx_it.o(i.NMI_Handler)
    PendSV_Handler                           0x08005f71   Thumb Code     2  stm32g4xx_it.o(i.PendSV_Handler)
    REIN_MT6816_Get_AngleData                0x08005f75   Thumb Code    26  mt6816.o(i.REIN_MT6816_Get_AngleData)
    RINE_MT6816_SPI_Get_AngleData            0x08005f95   Thumb Code   198  mt6816.o(i.RINE_MT6816_SPI_Get_AngleData)
    SVC_Handler                              0x08006249   Thumb Code     2  stm32g4xx_it.o(i.SVC_Handler)
    SysTick_Handler                          0x08006255   Thumb Code     4  stm32g4xx_it.o(i.SysTick_Handler)
    SystemClock_Config                       0x08006259   Thumb Code   106  main.o(i.SystemClock_Config)
    SystemInit                               0x080062c5   Thumb Code    12  system_stm32g4xx.o(i.SystemInit)
    TIM1_BRK_TIM15_IRQHandler                0x080062d5   Thumb Code     6  stm32g4xx_it.o(i.TIM1_BRK_TIM15_IRQHandler)
    TIM1_UP_TIM16_IRQHandler                 0x080062e1   Thumb Code     6  stm32g4xx_it.o(i.TIM1_UP_TIM16_IRQHandler)
    TIM_Base_SetConfig                       0x080062ed   Thumb Code   190  stm32g4xx_hal_tim.o(i.TIM_Base_SetConfig)
    TIM_CCxChannelCmd                        0x080063d1   Thumb Code    26  stm32g4xx_hal_tim.o(i.TIM_CCxChannelCmd)
    TIM_ETR_SetConfig                        0x08006405   Thumb Code    20  stm32g4xx_hal_tim.o(i.TIM_ETR_SetConfig)
    TIM_OC2_SetConfig                        0x080064d9   Thumb Code   132  stm32g4xx_hal_tim.o(i.TIM_OC2_SetConfig)
    UART_AdvFeatureConfig                    0x08006839   Thumb Code   200  stm32g4xx_hal_uart.o(i.UART_AdvFeatureConfig)
    UART_CheckIdleState                      0x08006901   Thumb Code   172  stm32g4xx_hal_uart.o(i.UART_CheckIdleState)
    UART_SetConfig                           0x08006ee5   Thumb Code   614  stm32g4xx_hal_uart.o(i.UART_SetConfig)
    UART_Start_Receive_IT                    0x0800717d   Thumb Code   256  stm32g4xx_hal_uart.o(i.UART_Start_Receive_IT)
    UART_WaitOnFlagUntilTimeout              0x0800728d   Thumb Code   148  stm32g4xx_hal_uart.o(i.UART_WaitOnFlagUntilTimeout)
    USART3_IRQHandler                        0x08007321   Thumb Code     6  stm32g4xx_it.o(i.USART3_IRQHandler)
    USBD_CDC_ConfigStrDescriptor             0x0800732d   Thumb Code    16  usbd_desc.o(i.USBD_CDC_ConfigStrDescriptor)
    USBD_CDC_DeviceDescriptor                0x0800741d   Thumb Code     8  usbd_desc.o(i.USBD_CDC_DeviceDescriptor)
    USBD_CDC_GetDeviceQualifierDescriptor    0x08007459   Thumb Code     8  usbd_cdc.o(i.USBD_CDC_GetDeviceQualifierDescriptor)
    USBD_CDC_InterfaceStrDescriptor          0x0800752d   Thumb Code    16  usbd_desc.o(i.USBD_CDC_InterfaceStrDescriptor)
    USBD_CDC_LangIDStrDescriptor             0x08007551   Thumb Code     8  usbd_desc.o(i.USBD_CDC_LangIDStrDescriptor)
    USBD_CDC_ManufacturerStrDescriptor       0x0800755d   Thumb Code    16  usbd_desc.o(i.USBD_CDC_ManufacturerStrDescriptor)
    USBD_CDC_ProductStrDescriptor            0x08007585   Thumb Code    16  usbd_desc.o(i.USBD_CDC_ProductStrDescriptor)
    USBD_CDC_ReceivePacket                   0x080075b1   Thumb Code    40  usbd_cdc.o(i.USBD_CDC_ReceivePacket)
    USBD_CDC_RegisterInterface               0x080075d9   Thumb Code    14  usbd_cdc.o(i.USBD_CDC_RegisterInterface)
    USBD_CDC_SerialStrDescriptor             0x080075e9   Thumb Code    48  usbd_desc.o(i.USBD_CDC_SerialStrDescriptor)
    USBD_CDC_SetRxBuffer                     0x08007621   Thumb Code    18  usbd_cdc.o(i.USBD_CDC_SetRxBuffer)
    USBD_CDC_SetTxBuffer                     0x08007633   Thumb Code    22  usbd_cdc.o(i.USBD_CDC_SetTxBuffer)
    USBD_ClrClassConfig                      0x08007707   Thumb Code    16  usbd_core.o(i.USBD_ClrClassConfig)
    USBD_CtlContinueRx                       0x08007717   Thumb Code    16  usbd_ioreq.o(i.USBD_CtlContinueRx)
    USBD_CtlContinueSendData                 0x08007727   Thumb Code    16  usbd_ioreq.o(i.USBD_CtlContinueSendData)
    USBD_CtlError                            0x08007737   Thumb Code    22  usbd_ctlreq.o(i.USBD_CtlError)
    USBD_CtlPrepareRx                        0x0800774d   Thumb Code    30  usbd_ioreq.o(i.USBD_CtlPrepareRx)
    USBD_CtlReceiveStatus                    0x0800776b   Thumb Code    22  usbd_ioreq.o(i.USBD_CtlReceiveStatus)
    USBD_CtlSendData                         0x08007781   Thumb Code    26  usbd_ioreq.o(i.USBD_CtlSendData)
    USBD_CtlSendStatus                       0x0800779b   Thumb Code    22  usbd_ioreq.o(i.USBD_CtlSendStatus)
    USBD_GetString                           0x080078ab   Thumb Code    72  usbd_ctlreq.o(i.USBD_GetString)
    USBD_Init                                0x0800790b   Thumb Code    38  usbd_core.o(i.USBD_Init)
    USBD_LL_ClearStallEP                     0x08007931   Thumb Code    18  usbd_conf.o(i.USBD_LL_ClearStallEP)
    USBD_LL_CloseEP                          0x08007943   Thumb Code    18  usbd_conf.o(i.USBD_LL_CloseEP)
    USBD_LL_DataInStage                      0x08007955   Thumb Code   168  usbd_core.o(i.USBD_LL_DataInStage)
    USBD_LL_DataOutStage                     0x080079fd   Thumb Code   108  usbd_core.o(i.USBD_LL_DataOutStage)
    USBD_LL_GetRxDataSize                    0x08007a69   Thumb Code     8  usbd_conf.o(i.USBD_LL_GetRxDataSize)
    USBD_LL_Init                             0x08007a71   Thumb Code   124  usbd_conf.o(i.USBD_LL_Init)
    USBD_LL_IsStallEP                        0x08007af5   Thumb Code    30  usbd_conf.o(i.USBD_LL_IsStallEP)
    USBD_LL_OpenEP                           0x08007b13   Thumb Code    24  usbd_conf.o(i.USBD_LL_OpenEP)
    USBD_LL_PrepareReceive                   0x08007b2b   Thumb Code    18  usbd_conf.o(i.USBD_LL_PrepareReceive)
    USBD_LL_Reset                            0x08007b3d   Thumb Code    90  usbd_core.o(i.USBD_LL_Reset)
    USBD_LL_Resume                           0x08007b97   Thumb Code    20  usbd_core.o(i.USBD_LL_Resume)
    USBD_LL_SOF                              0x08007bab   Thumb Code    32  usbd_core.o(i.USBD_LL_SOF)
    USBD_LL_SetSpeed                         0x08007bcb   Thumb Code     6  usbd_core.o(i.USBD_LL_SetSpeed)
    USBD_LL_SetUSBAddress                    0x08007bd1   Thumb Code    18  usbd_conf.o(i.USBD_LL_SetUSBAddress)
    USBD_LL_SetupStage                       0x08007be3   Thumb Code    96  usbd_core.o(i.USBD_LL_SetupStage)
    USBD_LL_StallEP                          0x08007c43   Thumb Code    18  usbd_conf.o(i.USBD_LL_StallEP)
    USBD_LL_Start                            0x08007c55   Thumb Code    18  usbd_conf.o(i.USBD_LL_Start)
    USBD_LL_Suspend                          0x08007c67   Thumb Code    18  usbd_core.o(i.USBD_LL_Suspend)
    USBD_LL_Transmit                         0x08007c79   Thumb Code    18  usbd_conf.o(i.USBD_LL_Transmit)
    USBD_ParseSetupRequest                   0x08007c8b   Thumb Code    44  usbd_ctlreq.o(i.USBD_ParseSetupRequest)
    USBD_RegisterClass                       0x08007cb7   Thumb Code    36  usbd_core.o(i.USBD_RegisterClass)
    USBD_SetClassConfig                      0x08007cdb   Thumb Code    20  usbd_core.o(i.USBD_SetClassConfig)
    USBD_Start                               0x08007dad   Thumb Code     4  usbd_core.o(i.USBD_Start)
    USBD_StdDevReq                           0x08007db1   Thumb Code   276  usbd_ctlreq.o(i.USBD_StdDevReq)
    USBD_StdEPReq                            0x08007ec5   Thumb Code   320  usbd_ctlreq.o(i.USBD_StdEPReq)
    USBD_StdItfReq                           0x08008005   Thumb Code    82  usbd_ctlreq.o(i.USBD_StdItfReq)
    USBD_static_free                         0x08008057   Thumb Code     2  usbd_conf.o(i.USBD_static_free)
    USBD_static_malloc                       0x08008059   Thumb Code     4  usbd_conf.o(i.USBD_static_malloc)
    USB_ActivateEndpoint                     0x08008061   Thumb Code   668  stm32g4xx_ll_usb.o(i.USB_ActivateEndpoint)
    USB_DeactivateEndpoint                   0x080082fd   Thumb Code   270  stm32g4xx_ll_usb.o(i.USB_DeactivateEndpoint)
    USB_DevConnect                           0x0800840b   Thumb Code    14  stm32g4xx_ll_usb.o(i.USB_DevConnect)
    USB_DevInit                              0x08008419   Thumb Code    18  stm32g4xx_ll_usb.o(i.USB_DevInit)
    USB_DisableGlobalInt                     0x0800842b   Thumb Code    16  stm32g4xx_ll_usb.o(i.USB_DisableGlobalInt)
    USB_EPClearStall                         0x0800843b   Thumb Code   120  stm32g4xx_ll_usb.o(i.USB_EPClearStall)
    USB_EPSetStall                           0x080084b3   Thumb Code    50  stm32g4xx_ll_usb.o(i.USB_EPSetStall)
    USB_EPStartXfer                          0x080084e5   Thumb Code  1250  stm32g4xx_ll_usb.o(i.USB_EPStartXfer)
    USB_EnableGlobalInt                      0x080089c7   Thumb Code    18  stm32g4xx_ll_usb.o(i.USB_EnableGlobalInt)
    USB_LP_IRQHandler                        0x080089d9   Thumb Code     6  stm32g4xx_it.o(i.USB_LP_IRQHandler)
    USB_ReadInterrupts                       0x080089e5   Thumb Code     6  stm32g4xx_ll_usb.o(i.USB_ReadInterrupts)
    USB_ReadPMA                              0x080089eb   Thumb Code    40  stm32g4xx_ll_usb.o(i.USB_ReadPMA)
    USB_SetDevAddress                        0x08008a13   Thumb Code    12  stm32g4xx_ll_usb.o(i.USB_SetDevAddress)
    USB_WritePMA                             0x08008a21   Thumb Code    38  stm32g4xx_ll_usb.o(i.USB_WritePMA)
    UsageFault_Handler                       0x08008a47   Thumb Code     2  stm32g4xx_it.o(i.UsageFault_Handler)
    __0printf                                0x08008a49   Thumb Code    22  printfa.o(i.__0printf)
    __1printf                                0x08008a49   Thumb Code     0  printfa.o(i.__0printf)
    __2printf                                0x08008a49   Thumb Code     0  printfa.o(i.__0printf)
    __c89printf                              0x08008a49   Thumb Code     0  printfa.o(i.__0printf)
    printf                                   0x08008a49   Thumb Code     0  printfa.o(i.__0printf)
    __ARM_fpclassifyf                        0x08008a69   Thumb Code    38  fpclassifyf.o(i.__ARM_fpclassifyf)
    __hardfp_cosf                            0x08008ab1   Thumb Code   280  cosf.o(i.__hardfp_cosf)
    __hardfp_floorf                          0x08008c01   Thumb Code    98  floorf.o(i.__hardfp_floorf)
    __hardfp_fmod                            0x08008c71   Thumb Code   254  fmod.o(i.__hardfp_fmod)
    __hardfp_fmodf                           0x08008d75   Thumb Code   176  fmodf.o(i.__hardfp_fmodf)
    __hardfp_sinf                            0x08008e25   Thumb Code   344  sinf.o(i.__hardfp_sinf)
    __mathlib_dbl_invalid                    0x08008fb9   Thumb Code    24  dunder.o(i.__mathlib_dbl_invalid)
    __mathlib_flt_infnan                     0x08008fd9   Thumb Code     6  funder.o(i.__mathlib_flt_infnan)
    __mathlib_flt_invalid                    0x08008fe1   Thumb Code    10  funder.o(i.__mathlib_flt_invalid)
    __mathlib_flt_underflow                  0x08008ff1   Thumb Code    10  funder.o(i.__mathlib_flt_underflow)
    __mathlib_rredf2                         0x08009001   Thumb Code   316  rredf.o(i.__mathlib_rredf2)
    __scatterload_copy                       0x08009155   Thumb Code    14  handlers.o(i.__scatterload_copy)
    __scatterload_null                       0x08009163   Thumb Code     2  handlers.o(i.__scatterload_null)
    __scatterload_zeroinit                   0x08009165   Thumb Code    14  handlers.o(i.__scatterload_zeroinit)
    __set_errno                              0x08009175   Thumb Code     6  errno.o(i.__set_errno)
    fputc                                    0x08009a0d   Thumb Code    18  usart_vofa.o(i.fputc)
    main                                     0x08009a41   Thumb Code   246  main.o(i.main)
    normalize_angle                          0x08009b79   Thumb Code    54  main.o(i.normalize_angle)
    rt_modf_snf                              0x08009ca9   Thumb Code   296  foc_model.o(i.rt_modf_snf)
    UARTPrescTable                           0x08009f9c   Data          24  stm32g4xx_hal_uart.o(.constdata)
    AHBPrescTable                            0x08009fc4   Data          16  system_stm32g4xx.o(.constdata)
    APBPrescTable                            0x08009fd4   Data           8  system_stm32g4xx.o(.constdata)
    rtM                                      0x08009fdc   Data           4  foc_model.o(.constdata)
    Region$$Table$$Base                      0x0800a040   Number         0  anon$$obj.o(Region$$Table)
    Region$$Table$$Limit                     0x0800a060   Number         0  anon$$obj.o(Region$$Table)
    adc1_in3                                 0x20000000   Data           2  main.o(.data)
    adc2_in1                                 0x20000002   Data           2  main.o(.data)
    theta                                    0x20000004   Data           4  main.o(.data)
    uwTickPrio                               0x2000000c   Data           4  stm32g4xx_hal.o(.data)
    uwTickFreq                               0x20000010   Data           4  stm32g4xx_hal.o(.data)
    uwTick                                   0x20000014   Data           4  stm32g4xx_hal.o(.data)
    SystemCoreClock                          0x20000018   Data           4  system_stm32g4xx.o(.data)
    Uart1_Rx_Cnt                             0x2000001c   Data           1  usart_vofa.o(.data)
    aRxBuffer                                0x2000001d   Data           1  usart_vofa.o(.data)
    cnt                                      0x2000001e   Data           2  usart_vofa.o(.data)
    motor_state                              0x20000024   Data           1  motor_control.o(.data)
    temp1                                    0x2000002c   Data           4  mt6816.o(.data)
    mt6816_spi                               0x20000030   Data           6  mt6816.o(.data)
    mt6816_t                                 0x20000036   Data           6  mt6816.o(.data)
    rtInfF                                   0x20000040   Data           4  foc_model.o(.data)
    rtMinusInfF                              0x20000044   Data           4  foc_model.o(.data)
    rtNaNF                                   0x20000048   Data           4  foc_model.o(.data)
    observer_flux                            0x2000004c   Data           8  foc_model.o(.data)
    rtInf                                    0x20000058   Data           8  foc_model.o(.data)
    rtMinusInf                               0x20000060   Data           8  foc_model.o(.data)
    rtNaN                                    0x20000068   Data           8  foc_model.o(.data)
    motor                                    0x20000070   Data          12  foc_model.o(.data)
    CDC_Desc                                 0x2000007c   Data          32  usbd_desc.o(.data)
    USBD_LangIDDesc                          0x2000009c   Data           4  usbd_desc.o(.data)
    USBD_CDC_DeviceDesc                      0x200000a0   Data          18  usbd_desc.o(.data)
    USBD_StringSerial                        0x200000b4   Data          26  usbd_desc.o(.data)
    USBD_Interface_fops_FS                   0x200000d0   Data          20  usbd_cdc_if.o(.data)
    USBD_CDC                                 0x200001c0   Data          56  usbd_cdc.o(.data)
    __stdout                                 0x200001f8   Data           4  stdout.o(.data)
    hadc1                                    0x20000200   Data         108  adc.o(.bss)
    hadc2                                    0x2000026c   Data         108  adc.o(.bss)
    hspi1                                    0x200002d8   Data         100  spi.o(.bss)
    htim1                                    0x2000033c   Data          76  tim.o(.bss)
    huart3                                   0x20000388   Data         148  usart.o(.bss)
    RxBuffer                                 0x2000041c   Data         256  usart_vofa.o(.bss)
    send_buf                                 0x2000051c   Data        1024  usart_vofa.o(.bss)
    mt6816                                   0x2000091c   Data         568  mt6816.o(.bss)
    foc                                      0x20000b54   Data          56  foc_model.o(.bss)
    rtDW                                     0x20000b8c   Data          64  foc_model.o(.bss)
    rtU                                      0x20000bcc   Data          36  foc_model.o(.bss)
    rtY                                      0x20000bf0   Data          24  foc_model.o(.bss)
    hpcd_USB_FS                              0x20000e34   Data         732  usbd_conf.o(.bss)
    hUsbDeviceFS                             0x20001110   Data         720  usb_device.o(.bss)
    USBD_StrDesc                             0x200013e0   Data         512  usbd_desc.o(.bss)
    UserRxBufferFS                           0x200015e0   Data        2048  usbd_cdc_if.o(.bss)
    UserTxBufferFS                           0x20001de0   Data        2048  usbd_cdc_if.o(.bss)
    __initial_sp                             0x200029e0   Data           0  startup_stm32g474xx.o(STACK)



==============================================================================

Memory Map of the image

  Image Entry point : 0x080001d9

  Load Region LR_IROM1 (Base: 0x08000000, Size: 0x0000a260, Max: 0x00020000, ABSOLUTE, COMPRESSED[0x0000a13c])

    Execution Region ER_IROM1 (Exec base: 0x08000000, Load base: 0x08000000, Size: 0x0000a060, Max: 0x00020000, ABSOLUTE)

    Exec Addr    Load Addr    Size         Type   Attr      Idx    E Section Name        Object

    0x08000000   0x08000000   0x000001d8   Data   RO            3    RESET               startup_stm32g474xx.o
    0x080001d8   0x080001d8   0x00000000   Code   RO         6319  * .ARM.Collect$$$$00000000  mc_w.l(entry.o)
    0x080001d8   0x080001d8   0x00000004   Code   RO         6644    .ARM.Collect$$$$00000001  mc_w.l(entry2.o)
    0x080001dc   0x080001dc   0x00000004   Code   RO         6647    .ARM.Collect$$$$00000004  mc_w.l(entry5.o)
    0x080001e0   0x080001e0   0x00000000   Code   RO         6649    .ARM.Collect$$$$00000008  mc_w.l(entry7b.o)
    0x080001e0   0x080001e0   0x00000000   Code   RO         6651    .ARM.Collect$$$$0000000A  mc_w.l(entry8b.o)
    0x080001e0   0x080001e0   0x00000008   Code   RO         6652    .ARM.Collect$$$$0000000B  mc_w.l(entry9a.o)
    0x080001e8   0x080001e8   0x00000004   Code   RO         6659    .ARM.Collect$$$$0000000E  mc_w.l(entry12b.o)
    0x080001ec   0x080001ec   0x00000000   Code   RO         6654    .ARM.Collect$$$$0000000F  mc_w.l(entry10a.o)
    0x080001ec   0x080001ec   0x00000000   Code   RO         6656    .ARM.Collect$$$$00000011  mc_w.l(entry11a.o)
    0x080001ec   0x080001ec   0x00000004   Code   RO         6645    .ARM.Collect$$$$00002712  mc_w.l(entry2.o)
    0x080001f0   0x080001f0   0x00000024   Code   RO            4    .text               startup_stm32g474xx.o
    0x08000214   0x08000214   0x00000062   Code   RO         6322    .text               mc_w.l(uldiv.o)
    0x08000276   0x08000276   0x00000024   Code   RO         6324    .text               mc_w.l(memseta.o)
    0x0800029a   0x0800029a   0x0000014e   Code   RO         6587    .text               mf_w.l(dadd.o)
    0x080003e8   0x080003e8   0x000000e4   Code   RO         6589    .text               mf_w.l(dmul.o)
    0x080004cc   0x080004cc   0x000000de   Code   RO         6591    .text               mf_w.l(ddiv.o)
    0x080005aa   0x080005aa   0x00000026   Code   RO         6593    .text               mf_w.l(f2d.o)
    0x080005d0   0x080005d0   0x00000038   Code   RO         6595    .text               mf_w.l(d2f.o)
    0x08000608   0x08000608   0x0000002c   Code   RO         6661    .text               mc_w.l(uidiv.o)
    0x08000634   0x08000634   0x0000001e   Code   RO         6663    .text               mc_w.l(llshl.o)
    0x08000652   0x08000652   0x00000020   Code   RO         6665    .text               mc_w.l(llushr.o)
    0x08000672   0x08000672   0x00000024   Code   RO         6667    .text               mc_w.l(llsshr.o)
    0x08000696   0x08000696   0x00000000   Code   RO         6676    .text               mc_w.l(iusefp.o)
    0x08000696   0x08000696   0x0000006e   Code   RO         6677    .text               mf_w.l(fepilogue.o)
    0x08000704   0x08000704   0x00000052   Code   RO         6679    .text               mf_w.l(frem.o)
    0x08000756   0x08000756   0x000000ba   Code   RO         6681    .text               mf_w.l(depilogue.o)
    0x08000810   0x08000810   0x00000086   Code   RO         6685    .text               mf_w.l(drem.o)
    0x08000896   0x08000896   0x00000030   Code   RO         6687    .text               mf_w.l(dfixul.o)
    0x080008c6   0x080008c6   0x00000002   PAD
    0x080008c8   0x080008c8   0x00000030   Code   RO         6689    .text               mf_w.l(cdrcmple.o)
    0x080008f8   0x080008f8   0x00000024   Code   RO         6701    .text               mc_w.l(init.o)
    0x0800091c   0x0800091c   0x00000056   Code   RO         6717    .text               mc_w.l(__dczerorl2.o)
    0x08000972   0x08000972   0x00000002   PAD
    0x08000974   0x08000974   0x0000001c   Code   RO          586    i.ADC1_2_IRQHandler  stm32g4xx_it.o
    0x08000990   0x08000990   0x00000070   Code   RO         2682    i.ADC_Disable       stm32g4xx_hal_adc.o
    0x08000a00   0x08000a00   0x000000c4   Code   RO         2683    i.ADC_Enable        stm32g4xx_hal_adc.o
    0x08000ac4   0x08000ac4   0x00000002   Code   RO          587    i.BusFault_Handler  stm32g4xx_it.o
    0x08000ac6   0x08000ac6   0x00000004   Code   RO         5822    i.CDC_Control_FS    usbd_cdc_if.o
    0x08000aca   0x08000aca   0x00000004   Code   RO         5823    i.CDC_DeInit_FS     usbd_cdc_if.o
    0x08000ace   0x08000ace   0x00000002   PAD
    0x08000ad0   0x08000ad0   0x00000024   Code   RO         5824    i.CDC_Init_FS       usbd_cdc_if.o
    0x08000af4   0x08000af4   0x00000018   Code   RO         5825    i.CDC_Receive_FS    usbd_cdc_if.o
    0x08000b0c   0x08000b0c   0x00000004   Code   RO         5826    i.CDC_TransmitCplt_FS  usbd_cdc_if.o
    0x08000b10   0x08000b10   0x00000002   Code   RO          588    i.DebugMon_Handler  stm32g4xx_it.o
    0x08000b12   0x08000b12   0x00000022   Code   RO          589    i.EXTI9_5_IRQHandler  stm32g4xx_it.o
    0x08000b34   0x08000b34   0x00000004   Code   RO           13    i.Error_Handler     main.o
    0x08000b38   0x08000b38   0x0000001c   Code   RO         5404    i.FOC_Model_initialize  foc_model.o
    0x08000b54   0x08000b54   0x0000063c   Code   RO         5405    i.FOC_Model_step    foc_model.o
    0x08001190   0x08001190   0x00000094   Code   RO         2916    i.HAL_ADCEx_Calibration_Start  stm32g4xx_hal_adc_ex.o
    0x08001224   0x08001224   0x00000002   Code   RO         2920    i.HAL_ADCEx_EndOfSamplingCallback  stm32g4xx_hal_adc_ex.o
    0x08001226   0x08001226   0x00000002   PAD
    0x08001228   0x08001228   0x00000560   Code   RO         2922    i.HAL_ADCEx_InjectedConfigChannel  stm32g4xx_hal_adc_ex.o
    0x08001788   0x08001788   0x0000012c   Code   RO           14    i.HAL_ADCEx_InjectedConvCpltCallback  main.o
    0x080018b4   0x080018b4   0x00000002   Code   RO         2926    i.HAL_ADCEx_InjectedQueueOverflowCallback  stm32g4xx_hal_adc_ex.o
    0x080018b6   0x080018b6   0x00000002   PAD
    0x080018b8   0x080018b8   0x00000120   Code   RO         2927    i.HAL_ADCEx_InjectedStart  stm32g4xx_hal_adc_ex.o
    0x080019d8   0x080019d8   0x00000158   Code   RO         2928    i.HAL_ADCEx_InjectedStart_IT  stm32g4xx_hal_adc_ex.o
    0x08001b30   0x08001b30   0x00000002   Code   RO         2931    i.HAL_ADCEx_LevelOutOfWindow2Callback  stm32g4xx_hal_adc_ex.o
    0x08001b32   0x08001b32   0x00000002   Code   RO         2932    i.HAL_ADCEx_LevelOutOfWindow3Callback  stm32g4xx_hal_adc_ex.o
    0x08001b34   0x08001b34   0x00000160   Code   RO         2933    i.HAL_ADCEx_MultiModeConfigChannel  stm32g4xx_hal_adc_ex.o
    0x08001c94   0x08001c94   0x0000046c   Code   RO         2685    i.HAL_ADC_ConfigChannel  stm32g4xx_hal_adc.o
    0x08002100   0x08002100   0x00000002   Code   RO         2686    i.HAL_ADC_ConvCpltCallback  stm32g4xx_hal_adc.o
    0x08002102   0x08002102   0x00000002   Code   RO         2689    i.HAL_ADC_ErrorCallback  stm32g4xx_hal_adc.o
    0x08002104   0x08002104   0x000002b8   Code   RO         2693    i.HAL_ADC_IRQHandler  stm32g4xx_hal_adc.o
    0x080023bc   0x080023bc   0x00000230   Code   RO         2694    i.HAL_ADC_Init      stm32g4xx_hal_adc.o
    0x080025ec   0x080025ec   0x00000002   Code   RO         2695    i.HAL_ADC_LevelOutOfWindowCallback  stm32g4xx_hal_adc.o
    0x080025ee   0x080025ee   0x00000002   PAD
    0x080025f0   0x080025f0   0x00000130   Code   RO          406    i.HAL_ADC_MspInit   adc.o
    0x08002720   0x08002720   0x0000006a   Code   RO         2039    i.HAL_DMA_Abort     stm32g4xx_hal_dma.o
    0x0800278a   0x0800278a   0x00000078   Code   RO         2040    i.HAL_DMA_Abort_IT  stm32g4xx_hal_dma.o
    0x08002802   0x08002802   0x00000002   PAD
    0x08002804   0x08002804   0x00000024   Code   RO         5299    i.HAL_GPIO_EXTI_Callback  motor_control.o
    0x08002828   0x08002828   0x00000018   Code   RO         1900    i.HAL_GPIO_EXTI_IRQHandler  stm32g4xx_hal_gpio.o
    0x08002840   0x08002840   0x00000248   Code   RO         1901    i.HAL_GPIO_Init     stm32g4xx_hal_gpio.o
    0x08002a88   0x08002a88   0x0000000a   Code   RO         1905    i.HAL_GPIO_WritePin  stm32g4xx_hal_gpio.o
    0x08002a92   0x08002a92   0x00000002   PAD
    0x08002a94   0x08002a94   0x0000000c   Code   RO         1180    i.HAL_GetTick       stm32g4xx_hal.o
    0x08002aa0   0x08002aa0   0x00000010   Code   RO         1186    i.HAL_IncTick       stm32g4xx_hal.o
    0x08002ab0   0x08002ab0   0x0000001e   Code   RO         1187    i.HAL_Init          stm32g4xx_hal.o
    0x08002ace   0x08002ace   0x00000002   PAD
    0x08002ad0   0x08002ad0   0x00000044   Code   RO         1188    i.HAL_InitTick      stm32g4xx_hal.o
    0x08002b14   0x08002b14   0x00000030   Code   RO          698    i.HAL_MspInit       stm32g4xx_hal_msp.o
    0x08002b44   0x08002b44   0x0000001a   Code   RO         2548    i.HAL_NVIC_EnableIRQ  stm32g4xx_hal_cortex.o
    0x08002b5e   0x08002b5e   0x00000002   PAD
    0x08002b60   0x08002b60   0x00000040   Code   RO         2554    i.HAL_NVIC_SetPriority  stm32g4xx_hal_cortex.o
    0x08002ba0   0x08002ba0   0x00000024   Code   RO         2555    i.HAL_NVIC_SetPriorityGrouping  stm32g4xx_hal_cortex.o
    0x08002bc4   0x08002bc4   0x00000024   Code   RO          954    i.HAL_PCDEx_ActivateLPM  stm32g4xx_hal_pcd_ex.o
    0x08002be8   0x08002be8   0x00000044   Code   RO         5490    i.HAL_PCDEx_LPM_Callback  usbd_conf.o
    0x08002c2c   0x08002c2c   0x0000003c   Code   RO          960    i.HAL_PCDEx_PMAConfig  stm32g4xx_hal_pcd_ex.o
    0x08002c68   0x08002c68   0x00000012   Code   RO         5492    i.HAL_PCD_DataInStageCallback  usbd_conf.o
    0x08002c7a   0x08002c7a   0x00000014   Code   RO         5493    i.HAL_PCD_DataOutStageCallback  usbd_conf.o
    0x08002c8e   0x08002c8e   0x0000004a   Code   RO          732    i.HAL_PCD_EP_Close  stm32g4xx_hal_pcd.o
    0x08002cd8   0x08002cd8   0x0000005a   Code   RO          733    i.HAL_PCD_EP_ClrStall  stm32g4xx_hal_pcd.o
    0x08002d32   0x08002d32   0x000000dc   Code   RO          734    i.HAL_PCD_EP_DB_Receive  stm32g4xx_hal_pcd.o
    0x08002e0e   0x08002e0e   0x00000340   Code   RO          735    i.HAL_PCD_EP_DB_Transmit  stm32g4xx_hal_pcd.o
    0x0800314e   0x0800314e   0x00000012   Code   RO          737    i.HAL_PCD_EP_GetRxCount  stm32g4xx_hal_pcd.o
    0x08003160   0x08003160   0x00000058   Code   RO          738    i.HAL_PCD_EP_Open   stm32g4xx_hal_pcd.o
    0x080031b8   0x080031b8   0x0000002e   Code   RO          739    i.HAL_PCD_EP_Receive  stm32g4xx_hal_pcd.o
    0x080031e6   0x080031e6   0x0000005e   Code   RO          740    i.HAL_PCD_EP_SetStall  stm32g4xx_hal_pcd.o
    0x08003244   0x08003244   0x0000002e   Code   RO          741    i.HAL_PCD_EP_Transmit  stm32g4xx_hal_pcd.o
    0x08003272   0x08003272   0x0000014a   Code   RO          743    i.HAL_PCD_IRQHandler  stm32g4xx_hal_pcd.o
    0x080033bc   0x080033bc   0x0000009c   Code   RO          746    i.HAL_PCD_Init      stm32g4xx_hal_pcd.o
    0x08003458   0x08003458   0x00000058   Code   RO         5498    i.HAL_PCD_MspInit   usbd_conf.o
    0x080034b0   0x080034b0   0x00000026   Code   RO         5499    i.HAL_PCD_ResetCallback  usbd_conf.o
    0x080034d6   0x080034d6   0x00000002   PAD
    0x080034d8   0x080034d8   0x00000028   Code   RO         5500    i.HAL_PCD_ResumeCallback  usbd_conf.o
    0x08003500   0x08003500   0x00000008   Code   RO         5501    i.HAL_PCD_SOFCallback  usbd_conf.o
    0x08003508   0x08003508   0x00000026   Code   RO          752    i.HAL_PCD_SetAddress  stm32g4xx_hal_pcd.o
    0x0800352e   0x0800352e   0x0000000e   Code   RO         5502    i.HAL_PCD_SetupStageCallback  usbd_conf.o
    0x0800353c   0x0800353c   0x0000002a   Code   RO          754    i.HAL_PCD_Start     stm32g4xx_hal_pcd.o
    0x08003566   0x08003566   0x00000002   PAD
    0x08003568   0x08003568   0x00000024   Code   RO         5503    i.HAL_PCD_SuspendCallback  usbd_conf.o
    0x0800358c   0x0800358c   0x000000bc   Code   RO         2304    i.HAL_PWREx_ControlVoltageScaling  stm32g4xx_hal_pwr_ex.o
    0x08003648   0x08003648   0x00000010   Code   RO         2316    i.HAL_PWREx_DisableUCPDDeadBattery  stm32g4xx_hal_pwr_ex.o
    0x08003658   0x08003658   0x00000300   Code   RO         1547    i.HAL_RCCEx_PeriphCLKConfig  stm32g4xx_hal_rcc_ex.o
    0x08003958   0x08003958   0x000001dc   Code   RO         1422    i.HAL_RCC_ClockConfig  stm32g4xx_hal_rcc.o
    0x08003b34   0x08003b34   0x00000024   Code   RO         1430    i.HAL_RCC_GetPCLK1Freq  stm32g4xx_hal_rcc.o
    0x08003b58   0x08003b58   0x00000024   Code   RO         1431    i.HAL_RCC_GetPCLK2Freq  stm32g4xx_hal_rcc.o
    0x08003b7c   0x08003b7c   0x0000006c   Code   RO         1432    i.HAL_RCC_GetSysClockFreq  stm32g4xx_hal_rcc.o
    0x08003be8   0x08003be8   0x00000404   Code   RO         1435    i.HAL_RCC_OscConfig  stm32g4xx_hal_rcc.o
    0x08003fec   0x08003fec   0x000000ea   Code   RO         3136    i.HAL_SPI_Init      stm32g4xx_hal_spi.o
    0x080040d6   0x080040d6   0x00000002   PAD
    0x080040d8   0x080040d8   0x00000064   Code   RO          455    i.HAL_SPI_MspInit   spi.o
    0x0800413c   0x0800413c   0x0000026c   Code   RO         3145    i.HAL_SPI_TransmitReceive  stm32g4xx_hal_spi.o
    0x080043a8   0x080043a8   0x00000028   Code   RO         2559    i.HAL_SYSTICK_Config  stm32g4xx_hal_cortex.o
    0x080043d0   0x080043d0   0x00000002   Code   RO         4192    i.HAL_TIMEx_Break2Callback  stm32g4xx_hal_tim_ex.o
    0x080043d2   0x080043d2   0x00000002   Code   RO         4193    i.HAL_TIMEx_BreakCallback  stm32g4xx_hal_tim_ex.o
    0x080043d4   0x080043d4   0x00000002   Code   RO         4194    i.HAL_TIMEx_CommutCallback  stm32g4xx_hal_tim_ex.o
    0x080043d6   0x080043d6   0x00000002   PAD
    0x080043d8   0x080043d8   0x000000a8   Code   RO         4197    i.HAL_TIMEx_ConfigBreakDeadTime  stm32g4xx_hal_tim_ex.o
    0x08004480   0x08004480   0x00000002   Code   RO         4205    i.HAL_TIMEx_DirectionChangeCallback  stm32g4xx_hal_tim_ex.o
    0x08004482   0x08004482   0x00000002   Code   RO         4219    i.HAL_TIMEx_EncoderIndexCallback  stm32g4xx_hal_tim_ex.o
    0x08004484   0x08004484   0x00000002   Code   RO         4233    i.HAL_TIMEx_IndexErrorCallback  stm32g4xx_hal_tim_ex.o
    0x08004486   0x08004486   0x00000002   PAD
    0x08004488   0x08004488   0x000000b8   Code   RO         4234    i.HAL_TIMEx_MasterConfigSynchronization  stm32g4xx_hal_tim_ex.o
    0x08004540   0x08004540   0x000000cc   Code   RO         4246    i.HAL_TIMEx_PWMN_Start  stm32g4xx_hal_tim_ex.o
    0x0800460c   0x0800460c   0x00000068   Code   RO         4249    i.HAL_TIMEx_PWMN_Stop  stm32g4xx_hal_tim_ex.o
    0x08004674   0x08004674   0x00000002   Code   RO         4255    i.HAL_TIMEx_TransitionErrorCallback  stm32g4xx_hal_tim_ex.o
    0x08004676   0x08004676   0x00000062   Code   RO         3478    i.HAL_TIM_Base_Init  stm32g4xx_hal_tim.o
    0x080046d8   0x080046d8   0x0000004c   Code   RO          497    i.HAL_TIM_Base_MspInit  tim.o
    0x08004724   0x08004724   0x00000080   Code   RO         3481    i.HAL_TIM_Base_Start  stm32g4xx_hal_tim.o
    0x080047a4   0x080047a4   0x000000f0   Code   RO         3487    i.HAL_TIM_ConfigClockSource  stm32g4xx_hal_tim.o
    0x08004894   0x08004894   0x00000002   Code   RO         3512    i.HAL_TIM_IC_CaptureCallback  stm32g4xx_hal_tim.o
    0x08004896   0x08004896   0x000001a2   Code   RO         3526    i.HAL_TIM_IRQHandler  stm32g4xx_hal_tim.o
    0x08004a38   0x08004a38   0x00000094   Code   RO          498    i.HAL_TIM_MspPostInit  tim.o
    0x08004acc   0x08004acc   0x00000002   Code   RO         3529    i.HAL_TIM_OC_DelayElapsedCallback  stm32g4xx_hal_tim.o
    0x08004ace   0x08004ace   0x00000124   Code   RO         3550    i.HAL_TIM_PWM_ConfigChannel  stm32g4xx_hal_tim.o
    0x08004bf2   0x08004bf2   0x00000062   Code   RO         3553    i.HAL_TIM_PWM_Init  stm32g4xx_hal_tim.o
    0x08004c54   0x08004c54   0x00000002   Code   RO         3555    i.HAL_TIM_PWM_MspInit  stm32g4xx_hal_tim.o
    0x08004c56   0x08004c56   0x00000002   Code   RO         3556    i.HAL_TIM_PWM_PulseFinishedCallback  stm32g4xx_hal_tim.o
    0x08004c58   0x08004c58   0x00000114   Code   RO         3558    i.HAL_TIM_PWM_Start  stm32g4xx_hal_tim.o
    0x08004d6c   0x08004d6c   0x000000b8   Code   RO         3561    i.HAL_TIM_PWM_Stop  stm32g4xx_hal_tim.o
    0x08004e24   0x08004e24   0x00000002   Code   RO         3564    i.HAL_TIM_PeriodElapsedCallback  stm32g4xx_hal_tim.o
    0x08004e26   0x08004e26   0x00000002   Code   RO         3569    i.HAL_TIM_TriggerCallback  stm32g4xx_hal_tim.o
    0x08004e28   0x08004e28   0x0000003e   Code   RO         5041    i.HAL_UARTEx_DisableFifoMode  stm32g4xx_hal_uart_ex.o
    0x08004e66   0x08004e66   0x00000002   Code   RO         4630    i.HAL_UARTEx_RxEventCallback  stm32g4xx_hal_uart.o
    0x08004e68   0x08004e68   0x00000002   Code   RO         5049    i.HAL_UARTEx_RxFifoFullCallback  stm32g4xx_hal_uart_ex.o
    0x08004e6a   0x08004e6a   0x0000004c   Code   RO         5050    i.HAL_UARTEx_SetRxFifoThreshold  stm32g4xx_hal_uart_ex.o
    0x08004eb6   0x08004eb6   0x0000004c   Code   RO         5051    i.HAL_UARTEx_SetTxFifoThreshold  stm32g4xx_hal_uart_ex.o
    0x08004f02   0x08004f02   0x00000002   Code   RO         5053    i.HAL_UARTEx_TxFifoEmptyCallback  stm32g4xx_hal_uart_ex.o
    0x08004f04   0x08004f04   0x00000002   Code   RO         5054    i.HAL_UARTEx_WakeupCallback  stm32g4xx_hal_uart_ex.o
    0x08004f06   0x08004f06   0x00000002   Code   RO         4646    i.HAL_UART_ErrorCallback  stm32g4xx_hal_uart.o
    0x08004f08   0x08004f08   0x0000030c   Code   RO         4649    i.HAL_UART_IRQHandler  stm32g4xx_hal_uart.o
    0x08005214   0x08005214   0x0000006a   Code   RO         4650    i.HAL_UART_Init     stm32g4xx_hal_uart.o
    0x0800527e   0x0800527e   0x00000002   PAD
    0x08005280   0x08005280   0x00000090   Code   RO          545    i.HAL_UART_MspInit  usart.o
    0x08005310   0x08005310   0x00000048   Code   RO         4655    i.HAL_UART_Receive_IT  stm32g4xx_hal_uart.o
    0x08005358   0x08005358   0x00000080   Code   RO         5197    i.HAL_UART_RxCpltCallback  usart_vofa.o
    0x080053d8   0x080053d8   0x000000ae   Code   RO         4659    i.HAL_UART_Transmit  stm32g4xx_hal_uart.o
    0x08005486   0x08005486   0x00000002   Code   RO         4662    i.HAL_UART_TxCpltCallback  stm32g4xx_hal_uart.o
    0x08005488   0x08005488   0x00000002   Code   RO          590    i.HardFault_Handler  stm32g4xx_it.o
    0x0800548a   0x0800548a   0x00000002   PAD
    0x0800548c   0x0800548c   0x00000038   Code   RO         5736    i.IntToUnicode      usbd_desc.o
    0x080054c4   0x080054c4   0x0000000c   Code   RO         2708    i.LL_ADC_GetOffsetChannel  stm32g4xx_hal_adc.o
    0x080054d0   0x080054d0   0x0000000c   Code   RO         2941    i.LL_ADC_GetOffsetChannel  stm32g4xx_hal_adc_ex.o
    0x080054dc   0x080054dc   0x00000008   Code   RO         2709    i.LL_ADC_INJ_IsConversionOngoing  stm32g4xx_hal_adc.o
    0x080054e4   0x080054e4   0x00000008   Code   RO         2942    i.LL_ADC_INJ_IsConversionOngoing  stm32g4xx_hal_adc_ex.o
    0x080054ec   0x080054ec   0x00000008   Code   RO         2710    i.LL_ADC_REG_IsConversionOngoing  stm32g4xx_hal_adc.o
    0x080054f4   0x080054f4   0x00000008   Code   RO         2943    i.LL_ADC_REG_IsConversionOngoing  stm32g4xx_hal_adc_ex.o
    0x080054fc   0x080054fc   0x00000010   Code   RO         2711    i.LL_ADC_REG_IsTriggerSourceSWStart  stm32g4xx_hal_adc.o
    0x0800550c   0x0800550c   0x0000001e   Code   RO         2713    i.LL_ADC_SetChannelSamplingTime  stm32g4xx_hal_adc.o
    0x0800552a   0x0800552a   0x0000001e   Code   RO         2944    i.LL_ADC_SetChannelSamplingTime  stm32g4xx_hal_adc_ex.o
    0x08005548   0x08005548   0x00000010   Code   RO         2714    i.LL_ADC_SetOffsetState  stm32g4xx_hal_adc.o
    0x08005558   0x08005558   0x00000010   Code   RO         2945    i.LL_ADC_SetOffsetState  stm32g4xx_hal_adc_ex.o
    0x08005568   0x08005568   0x000000f0   Code   RO          407    i.MX_ADC1_Init      adc.o
    0x08005658   0x08005658   0x000000e0   Code   RO          408    i.MX_ADC2_Init      adc.o
    0x08005738   0x08005738   0x000000d0   Code   RO          259    i.MX_GPIO_Init      gpio.o
    0x08005808   0x08005808   0x00000050   Code   RO          456    i.MX_SPI1_Init      spi.o
    0x08005858   0x08005858   0x00000114   Code   RO          499    i.MX_TIM1_Init      tim.o
    0x0800596c   0x0800596c   0x00000068   Code   RO          546    i.MX_USART3_UART_Init  usart.o
    0x080059d4   0x080059d4   0x00000054   Code   RO         5702    i.MX_USB_Device_Init  usb_device.o
    0x08005a28   0x08005a28   0x00000002   Code   RO          591    i.MemManage_Handler  stm32g4xx_it.o
    0x08005a2a   0x08005a2a   0x00000002   PAD
    0x08005a2c   0x08005a2c   0x0000003c   Code   RO         5300    i.Motor_start       motor_control.o
    0x08005a68   0x08005a68   0x0000003c   Code   RO         5301    i.Motor_stop        motor_control.o
    0x08005aa4   0x08005aa4   0x00000002   Code   RO          592    i.NMI_Handler       stm32g4xx_it.o
    0x08005aa6   0x08005aa6   0x00000396   Code   RO          757    i.PCD_EP_ISR_Handler  stm32g4xx_hal_pcd.o
    0x08005e3c   0x08005e3c   0x00000134   Code   RO         5406    i.Park_Trans        foc_model.o
    0x08005f70   0x08005f70   0x00000002   Code   RO          593    i.PendSV_Handler    stm32g4xx_it.o
    0x08005f72   0x08005f72   0x00000002   PAD
    0x08005f74   0x08005f74   0x00000020   Code   RO         5341    i.REIN_MT6816_Get_AngleData  mt6816.o
    0x08005f94   0x08005f94   0x000000d4   Code   RO         5343    i.RINE_MT6816_SPI_Get_AngleData  mt6816.o
    0x08006068   0x08006068   0x00000048   Code   RO         3174    i.SPI_EndRxTxTransaction  stm32g4xx_hal_spi.o
    0x080060b0   0x080060b0   0x000000e0   Code   RO         3179    i.SPI_WaitFifoStateUntilTimeout  stm32g4xx_hal_spi.o
    0x08006190   0x08006190   0x000000b8   Code   RO         3180    i.SPI_WaitFlagStateUntilTimeout  stm32g4xx_hal_spi.o
    0x08006248   0x08006248   0x00000002   Code   RO          594    i.SVC_Handler       stm32g4xx_it.o
    0x0800624a   0x0800624a   0x0000000a   Code   RO         6017    i.SWAPBYTE          usbd_ctlreq.o
    0x08006254   0x08006254   0x00000004   Code   RO          595    i.SysTick_Handler   stm32g4xx_it.o
    0x08006258   0x08006258   0x0000006a   Code   RO           15    i.SystemClock_Config  main.o
    0x080062c2   0x080062c2   0x00000002   PAD
    0x080062c4   0x080062c4   0x00000010   Code   RO         5160    i.SystemInit        system_stm32g4xx.o
    0x080062d4   0x080062d4   0x0000000c   Code   RO          596    i.TIM1_BRK_TIM15_IRQHandler  stm32g4xx_it.o
    0x080062e0   0x080062e0   0x0000000c   Code   RO          597    i.TIM1_UP_TIM16_IRQHandler  stm32g4xx_it.o
    0x080062ec   0x080062ec   0x000000e4   Code   RO         3571    i.TIM_Base_SetConfig  stm32g4xx_hal_tim.o
    0x080063d0   0x080063d0   0x0000001a   Code   RO         3572    i.TIM_CCxChannelCmd  stm32g4xx_hal_tim.o
    0x080063ea   0x080063ea   0x0000001a   Code   RO         4258    i.TIM_CCxNChannelCmd  stm32g4xx_hal_tim_ex.o
    0x08006404   0x08006404   0x00000014   Code   RO         3582    i.TIM_ETR_SetConfig  stm32g4xx_hal_tim.o
    0x08006418   0x08006418   0x00000014   Code   RO         3583    i.TIM_ITRx_SetConfig  stm32g4xx_hal_tim.o
    0x0800642c   0x0800642c   0x000000ac   Code   RO         3584    i.TIM_OC1_SetConfig  stm32g4xx_hal_tim.o
    0x080064d8   0x080064d8   0x000000a0   Code   RO         3585    i.TIM_OC2_SetConfig  stm32g4xx_hal_tim.o
    0x08006578   0x08006578   0x000000a0   Code   RO         3586    i.TIM_OC3_SetConfig  stm32g4xx_hal_tim.o
    0x08006618   0x08006618   0x000000a0   Code   RO         3587    i.TIM_OC4_SetConfig  stm32g4xx_hal_tim.o
    0x080066b8   0x080066b8   0x00000078   Code   RO         3588    i.TIM_OC5_SetConfig  stm32g4xx_hal_tim.o
    0x08006730   0x08006730   0x0000007c   Code   RO         3589    i.TIM_OC6_SetConfig  stm32g4xx_hal_tim.o
    0x080067ac   0x080067ac   0x00000022   Code   RO         3591    i.TIM_TI1_ConfigInputStage  stm32g4xx_hal_tim.o
    0x080067ce   0x080067ce   0x00000024   Code   RO         3593    i.TIM_TI2_ConfigInputStage  stm32g4xx_hal_tim.o
    0x080067f2   0x080067f2   0x00000002   PAD
    0x080067f4   0x080067f4   0x00000044   Code   RO         5055    i.UARTEx_SetNbDataToProcess  stm32g4xx_hal_uart_ex.o
    0x08006838   0x08006838   0x000000c8   Code   RO         4664    i.UART_AdvFeatureConfig  stm32g4xx_hal_uart.o
    0x08006900   0x08006900   0x000000ac   Code   RO         4665    i.UART_CheckIdleState  stm32g4xx_hal_uart.o
    0x080069ac   0x080069ac   0x00000014   Code   RO         4666    i.UART_DMAAbortOnError  stm32g4xx_hal_uart.o
    0x080069c0   0x080069c0   0x00000054   Code   RO         4676    i.UART_EndRxTransfer  stm32g4xx_hal_uart.o
    0x08006a14   0x08006a14   0x000000c8   Code   RO         4678    i.UART_RxISR_16BIT  stm32g4xx_hal_uart.o
    0x08006adc   0x08006adc   0x000001a0   Code   RO         4679    i.UART_RxISR_16BIT_FIFOEN  stm32g4xx_hal_uart.o
    0x08006c7c   0x08006c7c   0x000000c8   Code   RO         4680    i.UART_RxISR_8BIT   stm32g4xx_hal_uart.o
    0x08006d44   0x08006d44   0x000001a0   Code   RO         4681    i.UART_RxISR_8BIT_FIFOEN  stm32g4xx_hal_uart.o
    0x08006ee4   0x08006ee4   0x00000298   Code   RO         4682    i.UART_SetConfig    stm32g4xx_hal_uart.o
    0x0800717c   0x0800717c   0x00000110   Code   RO         4684    i.UART_Start_Receive_IT  stm32g4xx_hal_uart.o
    0x0800728c   0x0800728c   0x00000094   Code   RO         4689    i.UART_WaitOnFlagUntilTimeout  stm32g4xx_hal_uart.o
    0x08007320   0x08007320   0x0000000c   Code   RO          598    i.USART3_IRQHandler  stm32g4xx_it.o
    0x0800732c   0x0800732c   0x00000020   Code   RO         5737    i.USBD_CDC_ConfigStrDescriptor  usbd_desc.o
    0x0800734c   0x0800734c   0x0000005e   Code   RO         6150    i.USBD_CDC_DataIn   usbd_cdc.o
    0x080073aa   0x080073aa   0x0000002a   Code   RO         6151    i.USBD_CDC_DataOut  usbd_cdc.o
    0x080073d4   0x080073d4   0x00000048   Code   RO         6152    i.USBD_CDC_DeInit   usbd_cdc.o
    0x0800741c   0x0800741c   0x0000000c   Code   RO         5738    i.USBD_CDC_DeviceDescriptor  usbd_desc.o
    0x08007428   0x08007428   0x0000002e   Code   RO         6153    i.USBD_CDC_EP0_RxReady  usbd_cdc.o
    0x08007456   0x08007456   0x00000002   PAD
    0x08007458   0x08007458   0x0000000c   Code   RO         6154    i.USBD_CDC_GetDeviceQualifierDescriptor  usbd_cdc.o
    0x08007464   0x08007464   0x0000000c   Code   RO         6155    i.USBD_CDC_GetFSCfgDesc  usbd_cdc.o
    0x08007470   0x08007470   0x0000000c   Code   RO         6156    i.USBD_CDC_GetHSCfgDesc  usbd_cdc.o
    0x0800747c   0x0800747c   0x0000000c   Code   RO         6157    i.USBD_CDC_GetOtherSpeedCfgDesc  usbd_cdc.o
    0x08007488   0x08007488   0x000000a2   Code   RO         6158    i.USBD_CDC_Init     usbd_cdc.o
    0x0800752a   0x0800752a   0x00000002   PAD
    0x0800752c   0x0800752c   0x00000024   Code   RO         5739    i.USBD_CDC_InterfaceStrDescriptor  usbd_desc.o
    0x08007550   0x08007550   0x0000000c   Code   RO         5740    i.USBD_CDC_LangIDStrDescriptor  usbd_desc.o
    0x0800755c   0x0800755c   0x00000028   Code   RO         5741    i.USBD_CDC_ManufacturerStrDescriptor  usbd_desc.o
    0x08007584   0x08007584   0x0000002c   Code   RO         5742    i.USBD_CDC_ProductStrDescriptor  usbd_desc.o
    0x080075b0   0x080075b0   0x00000028   Code   RO         6159    i.USBD_CDC_ReceivePacket  usbd_cdc.o
    0x080075d8   0x080075d8   0x0000000e   Code   RO         6160    i.USBD_CDC_RegisterInterface  usbd_cdc.o
    0x080075e6   0x080075e6   0x00000002   PAD
    0x080075e8   0x080075e8   0x00000038   Code   RO         5743    i.USBD_CDC_SerialStrDescriptor  usbd_desc.o
    0x08007620   0x08007620   0x00000012   Code   RO         6161    i.USBD_CDC_SetRxBuffer  usbd_cdc.o
    0x08007632   0x08007632   0x00000016   Code   RO         6162    i.USBD_CDC_SetTxBuffer  usbd_cdc.o
    0x08007648   0x08007648   0x000000be   Code   RO         6163    i.USBD_CDC_Setup    usbd_cdc.o
    0x08007706   0x08007706   0x00000010   Code   RO         5879    i.USBD_ClrClassConfig  usbd_core.o
    0x08007716   0x08007716   0x00000010   Code   RO         6090    i.USBD_CtlContinueRx  usbd_ioreq.o
    0x08007726   0x08007726   0x00000010   Code   RO         6091    i.USBD_CtlContinueSendData  usbd_ioreq.o
    0x08007736   0x08007736   0x00000016   Code   RO         6018    i.USBD_CtlError     usbd_ctlreq.o
    0x0800774c   0x0800774c   0x0000001e   Code   RO         6092    i.USBD_CtlPrepareRx  usbd_ioreq.o
    0x0800776a   0x0800776a   0x00000016   Code   RO         6093    i.USBD_CtlReceiveStatus  usbd_ioreq.o
    0x08007780   0x08007780   0x0000001a   Code   RO         6094    i.USBD_CtlSendData  usbd_ioreq.o
    0x0800779a   0x0800779a   0x00000016   Code   RO         6095    i.USBD_CtlSendStatus  usbd_ioreq.o
    0x080077b0   0x080077b0   0x000000fa   Code   RO         6019    i.USBD_GetDescriptor  usbd_ctlreq.o
    0x080078aa   0x080078aa   0x00000048   Code   RO         6020    i.USBD_GetString    usbd_ctlreq.o
    0x080078f2   0x080078f2   0x00000018   Code   RO         5504    i.USBD_Get_USB_Status  usbd_conf.o
    0x0800790a   0x0800790a   0x00000026   Code   RO         5881    i.USBD_Init         usbd_core.o
    0x08007930   0x08007930   0x00000012   Code   RO         5505    i.USBD_LL_ClearStallEP  usbd_conf.o
    0x08007942   0x08007942   0x00000012   Code   RO         5506    i.USBD_LL_CloseEP   usbd_conf.o
    0x08007954   0x08007954   0x000000a8   Code   RO         5882    i.USBD_LL_DataInStage  usbd_core.o
    0x080079fc   0x080079fc   0x0000006c   Code   RO         5883    i.USBD_LL_DataOutStage  usbd_core.o
    0x08007a68   0x08007a68   0x00000008   Code   RO         5510    i.USBD_LL_GetRxDataSize  usbd_conf.o
    0x08007a70   0x08007a70   0x00000084   Code   RO         5511    i.USBD_LL_Init      usbd_conf.o
    0x08007af4   0x08007af4   0x0000001e   Code   RO         5512    i.USBD_LL_IsStallEP  usbd_conf.o
    0x08007b12   0x08007b12   0x00000018   Code   RO         5513    i.USBD_LL_OpenEP    usbd_conf.o
    0x08007b2a   0x08007b2a   0x00000012   Code   RO         5514    i.USBD_LL_PrepareReceive  usbd_conf.o
    0x08007b3c   0x08007b3c   0x0000005a   Code   RO         5888    i.USBD_LL_Reset     usbd_core.o
    0x08007b96   0x08007b96   0x00000014   Code   RO         5889    i.USBD_LL_Resume    usbd_core.o
    0x08007baa   0x08007baa   0x00000020   Code   RO         5890    i.USBD_LL_SOF       usbd_core.o
    0x08007bca   0x08007bca   0x00000006   Code   RO         5891    i.USBD_LL_SetSpeed  usbd_core.o
    0x08007bd0   0x08007bd0   0x00000012   Code   RO         5515    i.USBD_LL_SetUSBAddress  usbd_conf.o
    0x08007be2   0x08007be2   0x00000060   Code   RO         5892    i.USBD_LL_SetupStage  usbd_core.o
    0x08007c42   0x08007c42   0x00000012   Code   RO         5516    i.USBD_LL_StallEP   usbd_conf.o
    0x08007c54   0x08007c54   0x00000012   Code   RO         5517    i.USBD_LL_Start     usbd_conf.o
    0x08007c66   0x08007c66   0x00000012   Code   RO         5893    i.USBD_LL_Suspend   usbd_core.o
    0x08007c78   0x08007c78   0x00000012   Code   RO         5519    i.USBD_LL_Transmit  usbd_conf.o
    0x08007c8a   0x08007c8a   0x0000002c   Code   RO         6021    i.USBD_ParseSetupRequest  usbd_ctlreq.o
    0x08007cb6   0x08007cb6   0x00000024   Code   RO         5894    i.USBD_RegisterClass  usbd_core.o
    0x08007cda   0x08007cda   0x00000014   Code   RO         5896    i.USBD_SetClassConfig  usbd_core.o
    0x08007cee   0x08007cee   0x00000002   PAD
    0x08007cf0   0x08007cf0   0x000000bc   Code   RO         6022    i.USBD_SetConfig    usbd_ctlreq.o
    0x08007dac   0x08007dac   0x00000004   Code   RO         5897    i.USBD_Start        usbd_core.o
    0x08007db0   0x08007db0   0x00000114   Code   RO         6023    i.USBD_StdDevReq    usbd_ctlreq.o
    0x08007ec4   0x08007ec4   0x00000140   Code   RO         6024    i.USBD_StdEPReq     usbd_ctlreq.o
    0x08008004   0x08008004   0x00000052   Code   RO         6025    i.USBD_StdItfReq    usbd_ctlreq.o
    0x08008056   0x08008056   0x00000002   Code   RO         5520    i.USBD_static_free  usbd_conf.o
    0x08008058   0x08008058   0x00000008   Code   RO         5521    i.USBD_static_malloc  usbd_conf.o
    0x08008060   0x08008060   0x0000029c   Code   RO         1019    i.USB_ActivateEndpoint  stm32g4xx_ll_usb.o
    0x080082fc   0x080082fc   0x0000010e   Code   RO         1023    i.USB_DeactivateEndpoint  stm32g4xx_ll_usb.o
    0x0800840a   0x0800840a   0x0000000e   Code   RO         1024    i.USB_DevConnect    stm32g4xx_ll_usb.o
    0x08008418   0x08008418   0x00000012   Code   RO         1026    i.USB_DevInit       stm32g4xx_ll_usb.o
    0x0800842a   0x0800842a   0x00000010   Code   RO         1027    i.USB_DisableGlobalInt  stm32g4xx_ll_usb.o
    0x0800843a   0x0800843a   0x00000078   Code   RO         1028    i.USB_EPClearStall  stm32g4xx_ll_usb.o
    0x080084b2   0x080084b2   0x00000032   Code   RO         1029    i.USB_EPSetStall    stm32g4xx_ll_usb.o
    0x080084e4   0x080084e4   0x000004e2   Code   RO         1030    i.USB_EPStartXfer   stm32g4xx_ll_usb.o
    0x080089c6   0x080089c6   0x00000012   Code   RO         1032    i.USB_EnableGlobalInt  stm32g4xx_ll_usb.o
    0x080089d8   0x080089d8   0x0000000c   Code   RO          599    i.USB_LP_IRQHandler  stm32g4xx_it.o
    0x080089e4   0x080089e4   0x00000006   Code   RO         1035    i.USB_ReadInterrupts  stm32g4xx_ll_usb.o
    0x080089ea   0x080089ea   0x00000028   Code   RO         1036    i.USB_ReadPMA       stm32g4xx_ll_usb.o
    0x08008a12   0x08008a12   0x0000000c   Code   RO         1038    i.USB_SetDevAddress  stm32g4xx_ll_usb.o
    0x08008a1e   0x08008a1e   0x00000002   PAD
    0x08008a20   0x08008a20   0x00000026   Code   RO         1040    i.USB_WritePMA      stm32g4xx_ll_usb.o
    0x08008a46   0x08008a46   0x00000002   Code   RO          600    i.UsageFault_Handler  stm32g4xx_it.o
    0x08008a48   0x08008a48   0x00000020   Code   RO         6559    i.__0printf         mc_w.l(printfa.o)
    0x08008a68   0x08008a68   0x00000026   Code   RO         6614    i.__ARM_fpclassifyf  m_wm.l(fpclassifyf.o)
    0x08008a8e   0x08008a8e   0x00000020   Code   RO         2561    i.__NVIC_SetPriority  stm32g4xx_hal_cortex.o
    0x08008aae   0x08008aae   0x00000002   PAD
    0x08008ab0   0x08008ab0   0x00000150   Code   RO         6253    i.__hardfp_cosf     m_wm.l(cosf.o)
    0x08008c00   0x08008c00   0x00000070   Code   RO         6265    i.__hardfp_floorf   m_wm.l(floorf.o)
    0x08008c70   0x08008c70   0x00000104   Code   RO         6271    i.__hardfp_fmod     m_wm.l(fmod.o)
    0x08008d74   0x08008d74   0x000000b0   Code   RO         6283    i.__hardfp_fmodf    m_wm.l(fmodf.o)
    0x08008e24   0x08008e24   0x00000190   Code   RO         6307    i.__hardfp_sinf     m_wm.l(sinf.o)
    0x08008fb4   0x08008fb4   0x00000004   PAD
    0x08008fb8   0x08008fb8   0x00000020   Code   RO         6603    i.__mathlib_dbl_invalid  m_wm.l(dunder.o)
    0x08008fd8   0x08008fd8   0x00000006   Code   RO         6617    i.__mathlib_flt_infnan  m_wm.l(funder.o)
    0x08008fde   0x08008fde   0x00000002   PAD
    0x08008fe0   0x08008fe0   0x00000010   Code   RO         6619    i.__mathlib_flt_invalid  m_wm.l(funder.o)
    0x08008ff0   0x08008ff0   0x00000010   Code   RO         6622    i.__mathlib_flt_underflow  m_wm.l(funder.o)
    0x08009000   0x08009000   0x00000154   Code   RO         6635    i.__mathlib_rredf2  m_wm.l(rredf.o)
    0x08009154   0x08009154   0x0000000e   Code   RO         6711    i.__scatterload_copy  mc_w.l(handlers.o)
    0x08009162   0x08009162   0x00000002   Code   RO         6712    i.__scatterload_null  mc_w.l(handlers.o)
    0x08009164   0x08009164   0x0000000e   Code   RO         6713    i.__scatterload_zeroinit  mc_w.l(handlers.o)
    0x08009172   0x08009172   0x00000002   PAD
    0x08009174   0x08009174   0x0000000c   Code   RO         6671    i.__set_errno       mc_w.l(errno.o)
    0x08009180   0x08009180   0x00000184   Code   RO         6566    i._fp_digits        mc_w.l(printfa.o)
    0x08009304   0x08009304   0x000006b4   Code   RO         6567    i._printf_core      mc_w.l(printfa.o)
    0x080099b8   0x080099b8   0x00000024   Code   RO         6568    i._printf_post_padding  mc_w.l(printfa.o)
    0x080099dc   0x080099dc   0x0000002e   Code   RO         6569    i._printf_pre_padding  mc_w.l(printfa.o)
    0x08009a0a   0x08009a0a   0x00000002   PAD
    0x08009a0c   0x08009a0c   0x00000018   Code   RO         5198    i.fputc             usart_vofa.o
    0x08009a24   0x08009a24   0x0000001a   Code   RO         5407    i.intrp1d_fu32fl    foc_model.o
    0x08009a3e   0x08009a3e   0x00000002   PAD
    0x08009a40   0x08009a40   0x00000138   Code   RO           16    i.main              main.o
    0x08009b78   0x08009b78   0x00000044   Code   RO           17    i.normalize_angle   main.o
    0x08009bbc   0x08009bbc   0x00000048   Code   RO         5408    i.plook_u32ff_evencg  foc_model.o
    0x08009c04   0x08009c04   0x0000000c   Code   RO         5409    i.rtGetNaNF         foc_model.o
    0x08009c10   0x08009c10   0x0000002c   Code   RO         5410    i.rtIsInfF          foc_model.o
    0x08009c3c   0x08009c3c   0x00000018   Code   RO         5411    i.rtIsNaNF          foc_model.o
    0x08009c54   0x08009c54   0x00000054   Code   RO         5412    i.rt_InitInfAndNaN  foc_model.o
    0x08009ca8   0x08009ca8   0x00000134   Code   RO         5413    i.rt_modf_snf       foc_model.o
    0x08009ddc   0x08009ddc   0x000001c0   Code   RO         5414    i.speed_loop        foc_model.o
    0x08009f9c   0x08009f9c   0x00000018   Data   RO         4690    .constdata          stm32g4xx_hal_uart.o
    0x08009fb4   0x08009fb4   0x00000010   Data   RO         5056    .constdata          stm32g4xx_hal_uart_ex.o
    0x08009fc4   0x08009fc4   0x00000010   Data   RO         5161    .constdata          system_stm32g4xx.o
    0x08009fd4   0x08009fd4   0x00000008   Data   RO         5162    .constdata          system_stm32g4xx.o
    0x08009fdc   0x08009fdc   0x00000044   Data   RO         5417    .constdata          foc_model.o
    0x0800a020   0x0800a020   0x00000020   Data   RO         6636    .constdata          m_wm.l(rredf.o)
    0x0800a040   0x0800a040   0x00000020   Data   RO         6709    Region$$Table       anon$$obj.o


    Execution Region RW_IRAM1 (Exec base: 0x20000000, Load base: 0x0800a060, Size: 0x000029e0, Max: 0x00020000, ABSOLUTE, COMPRESSED[0x000000dc])

    Exec Addr    Load Addr    Size         Type   Attr      Idx    E Section Name        Object

    0x20000000   COMPRESSED   0x00000008   Data   RW           19    .data               main.o
    0x20000008   COMPRESSED   0x00000004   Data   RW          410    .data               adc.o
    0x2000000c   COMPRESSED   0x0000000c   Data   RW         1207    .data               stm32g4xx_hal.o
    0x20000018   COMPRESSED   0x00000004   Data   RW         5163    .data               system_stm32g4xx.o
    0x2000001c   COMPRESSED   0x00000008   Data   RW         5205    .data               usart_vofa.o
    0x20000024   COMPRESSED   0x00000001   Data   RW         5302    .data               motor_control.o
    0x20000025   COMPRESSED   0x00000003   PAD
    0x20000028   COMPRESSED   0x00000014   Data   RW         5346    .data               mt6816.o
    0x2000003c   COMPRESSED   0x00000004   PAD
    0x20000040   COMPRESSED   0x0000003c   Data   RW         5418    .data               foc_model.o
    0x2000007c   COMPRESSED   0x00000020   Data   RW         5745    .data               usbd_desc.o
    0x2000009c   COMPRESSED   0x00000032   Data   RW         5746    .data               usbd_desc.o
    0x200000ce   COMPRESSED   0x00000002   PAD
    0x200000d0   COMPRESSED   0x00000014   Data   RW         5829    .data               usbd_cdc_if.o
    0x200000e4   COMPRESSED   0x00000001   Data   RW         6026    .data               usbd_ctlreq.o
    0x200000e5   COMPRESSED   0x00000003   PAD
    0x200000e8   COMPRESSED   0x000000d7   Data   RW         6165    .data               usbd_cdc.o
    0x200001bf   COMPRESSED   0x00000001   PAD
    0x200001c0   COMPRESSED   0x00000038   Data   RW         6166    .data               usbd_cdc.o
    0x200001f8   COMPRESSED   0x00000004   Data   RW         6660    .data               mc_w.l(stdout.o)
    0x200001fc   COMPRESSED   0x00000004   Data   RW         6672    .data               mc_w.l(errno.o)
    0x20000200        -       0x000000d8   Zero   RW          409    .bss                adc.o
    0x200002d8        -       0x00000064   Zero   RW          457    .bss                spi.o
    0x2000033c        -       0x0000004c   Zero   RW          500    .bss                tim.o
    0x20000388        -       0x00000094   Zero   RW          547    .bss                usart.o
    0x2000041c        -       0x00000500   Zero   RW         5204    .bss                usart_vofa.o
    0x2000091c        -       0x00000238   Zero   RW         5345    .bss                mt6816.o
    0x20000b54        -       0x000000b4   Zero   RW         5415    .bss                foc_model.o
    0x20000c08        -       0x0000000c   Zero   RW         5416    .bss                foc_model.o
    0x20000c14        -       0x000004fc   Zero   RW         5522    .bss                usbd_conf.o
    0x20001110        -       0x000002d0   Zero   RW         5703    .bss                usb_device.o
    0x200013e0        -       0x00000200   Zero   RW         5744    .bss                usbd_desc.o
    0x200015e0        -       0x00001000   Zero   RW         5828    .bss                usbd_cdc_if.o
    0x200025e0        -       0x00000400   Zero   RW            1    STACK               startup_stm32g474xx.o


==============================================================================

Image component sizes


      Code (inc. data)   RO Data    RW Data    ZI Data      Debug   Object Name

       768         60          0          4        216       3118   adc.o
      2950        220         68         60        192      15530   foc_model.o
       208         14          0          0          0     934524   gpio.o
       790        138          0          8          0     782214   main.o
       156         18          0          1          0       1958   motor_control.o
       244         20          0         20        568       2987   mt6816.o
       180         22          0          0        100       1825   spi.o
        36          8        472          0       1024        868   startup_stm32g474xx.o
       126         20          0         12          0       3881   stm32g4xx_hal.o
      2792        168          0          0          0      81305   stm32g4xx_hal_adc.o
      2590        154          0          0          0      81194   stm32g4xx_hal_adc_ex.o
       198         14          0          0          0      34031   stm32g4xx_hal_cortex.o
       226          0          0          0          0       2035   stm32g4xx_hal_dma.o
       618         40          0          0          0       3099   stm32g4xx_hal_gpio.o
        48          6          0          0          0        926   stm32g4xx_hal_msp.o
      2992          0          0          0          0      15157   stm32g4xx_hal_pcd.o
        96          0          0          0          0       2044   stm32g4xx_hal_pcd_ex.o
       204         18          0          0          0       1469   stm32g4xx_hal_pwr_ex.o
      1684         88          0          0          0       6460   stm32g4xx_hal_rcc.o
       768         10          0          0          0       2024   stm32g4xx_hal_rcc_ex.o
      1334         10          0          0          0       6601   stm32g4xx_hal_spi.o
      3006        320          0          0          0      21182   stm32g4xx_hal_tim.o
       700         82          0          0          0       8973   stm32g4xx_hal_tim_ex.o
      3930        144         24          0          0      37710   stm32g4xx_hal_uart.o
       288          6         16          0          0       5626   stm32g4xx_hal_uart_ex.o
       130         34          0          0          0       7582   stm32g4xx_it.o
      2520          0          0          0          0      14908   stm32g4xx_ll_usb.o
        16          4         24          4          0       1223   system_stm32g4xx.o
       500         30          0          0         76       2764   tim.o
       248         26          0          0        148       1922   usart.o
       152         28          0          8       1280      10044   usart_vofa.o
        84         18          0          0        720        872   usb_device.o
       748         16          0        271          0      13495   usbd_cdc.o
        72         16          0         20       4096       3446   usbd_cdc_if.o
       684         36          0          0       1276      16135   usbd_conf.o
       652          0          0          0          0      10355   usbd_core.o
      1264         22          0          1          0      14708   usbd_ctlreq.o
       288        104          0         82        512       6486   usbd_desc.o
       132          0          0          0          0       4752   usbd_ioreq.o

    ----------------------------------------------------------------------
     34474       1914        636        504      10208    2165433   Object Totals
         0          0         32          0          0          0   (incl. Generated)
        52          0          0         13          0          0   (incl. Padding)

    ----------------------------------------------------------------------

      Code (inc. data)   RO Data    RW Data    ZI Data      Debug   Library Member Name

       336         56          0          0          0        136   cosf.o
        32          8          0          0          0        124   dunder.o
       112         14          0          0          0        116   floorf.o
       260          6          0          0          0        144   fmod.o
       176          0          0          0          0        168   fmodf.o
        38          0          0          0          0        116   fpclassifyf.o
        38         12          0          0          0        348   funder.o
       340         24         32          0          0        160   rredf.o
       400         56          0          0          0        212   sinf.o
        86          0          0          0          0          0   __dczerorl2.o
         0          0          0          0          0          0   entry.o
         0          0          0          0          0          0   entry10a.o
         0          0          0          0          0          0   entry11a.o
         4          0          0          0          0          0   entry12b.o
         8          4          0          0          0          0   entry2.o
         4          0          0          0          0          0   entry5.o
         0          0          0          0          0          0   entry7b.o
         0          0          0          0          0          0   entry8b.o
         8          4          0          0          0          0   entry9a.o
        12          6          0          4          0         68   errno.o
        30          0          0          0          0          0   handlers.o
        36          8          0          0          0         68   init.o
         0          0          0          0          0          0   iusefp.o
        30          0          0          0          0         68   llshl.o
        36          0          0          0          0         68   llsshr.o
        32          0          0          0          0         68   llushr.o
        36          0          0          0          0        108   memseta.o
      2218         90          0          0          0        464   printfa.o
         0          0          0          4          0          0   stdout.o
        44          0          0          0          0         80   uidiv.o
        98          0          0          0          0         92   uldiv.o
        48          0          0          0          0         68   cdrcmple.o
        56          0          0          0          0         88   d2f.o
       334          0          0          0          0        148   dadd.o
       222          0          0          0          0        100   ddiv.o
       186          0          0          0          0        176   depilogue.o
        48          0          0          0          0         68   dfixul.o
       228          0          0          0          0         96   dmul.o
       134          0          0          0          0         96   drem.o
        38          0          0          0          0         68   f2d.o
       110          0          0          0          0        168   fepilogue.o
        82          0          0          0          0         96   frem.o

    ----------------------------------------------------------------------
      5914        292         32          8          0       3780   Library Totals
        14          4          0          0          0          0   (incl. Padding)

    ----------------------------------------------------------------------

      Code (inc. data)   RO Data    RW Data    ZI Data      Debug   Library Name

      1732        176         32          0          0       1524   m_wm.l
      2682        112          0          8          0       1084   mc_w.l
      1486          0          0          0          0       1172   mf_w.l

    ----------------------------------------------------------------------
      5914        292         32          8          0       3780   Library Totals

    ----------------------------------------------------------------------

==============================================================================


      Code (inc. data)   RO Data    RW Data    ZI Data      Debug   

     40388       2206        668        512      10208    2140305   Grand Totals
     40388       2206        668        220      10208    2140305   ELF Image Totals (compressed)
     40388       2206        668        220          0          0   ROM Totals

==============================================================================

    Total RO  Size (Code + RO Data)                41056 (  40.09kB)
    Total RW  Size (RW Data + ZI Data)             10720 (  10.47kB)
    Total ROM Size (Code + RO Data + RW Data)      41276 (  40.31kB)

==============================================================================

